[
  {
    "album": "Common Assault EP",
    "album_id": "https://foldrecords.bandcamp.com/album/fld001-gareth-wild-common-assault-ep",
    "albumdisambig": null,
    "albumstatus": "Official",
    "albumtype": "ep",
    "albumtypes": "ep",
    "artist": "Gareth Wild",
    "artist_credit": null,
    "artist_id": "https://foldrecords.bandcamp.com",
    "artist_sort": null,
    "asin": null,
    "catalognum": "FLD001",
    "comments": null,
    "country": "GB",
    "data_source": "bandcamp",
    "data_url": "https://foldrecords.bandcamp.com/album/fld001-gareth-wild-common-assault-ep",
    "day": 2,
    "discogs_albumid": null,
    "discogs_artistid": null,
    "discogs_labelid": null,
    "genre": null,
    "label": "FOLD RECORDS",
    "language": null,
    "media": "Digital Media",
    "mediums": 1,
    "month": 11,
    "original_day": null,
    "original_month": null,
    "original_year": null,
    "releasegroup_id": null,
    "releasegroupdisambig": null,
    "script": null,
    "style": null,
    "tracks": [
      {
        "arranger": null,
        "artist": "Gareth Wild",
        "artist_credit": null,
        "artist_id": "https://foldrecords.bandcamp.com",
        "artist_sort": null,
        "bpm": null,
        "composer": null,
        "composer_sort": null,
        "data_source": "bandcamp",
        "data_url": "https://foldrecords.bandcamp.com/album/fld001-gareth-wild-common-assault-ep",
        "disctitle": null,
        "genre": null,
        "index": 1,
        "initial_key": null,
        "length": 357,
        "lyricist": null,
        "mb_workid": null,
        "media": "Digital Media",
        "medium": 1,
        "medium_index": 1,
        "medium_total": 6,
        "release_track_id": null,
        "title": "Live Wire",
        "track_alt": "A1",
        "track_id": "https://foldrecords.bandcamp.com/track/a1-gareth-wild-live-wire",
        "work": null,
        "work_disambig": null
      },
      {
        "arranger": null,
        "artist": "Gareth Wild",
        "artist_credit": null,
        "artist_id": "https://foldrecords.bandcamp.com",
        "artist_sort": null,
        "bpm": null,
        "composer": null,
        "composer_sort": null,
        "data_source": "bandcamp",
        "data_url": "https://foldrecords.bandcamp.com/album/fld001-gareth-wild-common-assault-ep",
        "disctitle": null,
        "genre": null,
        "index": 2,
        "initial_key": null,
        "length": 351,
        "lyricist": null,
        "mb_workid": null,
        "media": "Digital Media",
        "medium": 1,
        "medium_index": 2,
        "medium_total": 6,
        "release_track_id": null,
        "title": "Live Wire (Roll Dann Remix)",
        "track_alt": "A2",
        "track_id": "https://foldrecords.bandcamp.com/track/a2-gareth-wild-live-wire-roll-dann-remix",
        "work": null,
        "work_disambig": null
      },
      {
        "arranger": null,
        "artist": "Gareth Wild",
        "artist_credit": null,
        "artist_id": "https://foldrecords.bandcamp.com",
        "artist_sort": null,
        "bpm": null,
        "composer": null,
        "composer_sort": null,
        "data_source": "bandcamp",
        "data_url": "https://foldrecords.bandcamp.com/album/fld001-gareth-wild-common-assault-ep",
        "disctitle": null,
        "genre": null,
        "index": 3,
        "initial_key": null,
        "length": 20,
        "lyricist": null,
        "mb_workid": null,
        "media": "Digital Media",
        "medium": 1,
        "medium_index": 3,
        "medium_total": 6,
        "release_track_id": null,
        "title": "DDS [Locked Groove]",
        "track_alt": "A3",
        "track_id": "https://foldrecords.bandcamp.com/track/a3-gareth-wild-dds-locked-groove",
        "work": null,
        "work_disambig": null
      },
      {
        "arranger": null,
        "artist": "Gareth Wild",
        "artist_credit": null,
        "artist_id": "https://foldrecords.bandcamp.com",
        "artist_sort": null,
        "bpm": null,
        "composer": null,
        "composer_sort": null,
        "data_source": "bandcamp",
        "data_url": "https://foldrecords.bandcamp.com/album/fld001-gareth-wild-common-assault-ep",
        "disctitle": null,
        "genre": null,
        "index": 4,
        "initial_key": null,
        "length": 315,
        "lyricist": null,
        "mb_workid": null,
        "media": "Digital Media",
        "medium": 1,
        "medium_index": 4,
        "medium_total": 6,
        "release_track_id": null,
        "title": "Common Assault",
        "track_alt": "AA1",
        "track_id": "https://foldrecords.bandcamp.com/track/aa1-gareth-wild-common-assault",
        "work": null,
        "work_disambig": null
      },
      {
        "arranger": null,
        "artist": "Gareth Wild",
        "artist_credit": null,
        "artist_id": "https://foldrecords.bandcamp.com",
        "artist_sort": null,
        "bpm": null,
        "composer": null,
        "composer_sort": null,
        "data_source": "bandcamp",
        "data_url": "https://foldrecords.bandcamp.com/album/fld001-gareth-wild-common-assault-ep",
        "disctitle": null,
        "genre": null,
        "index": 5,
        "initial_key": null,
        "length": 365,
        "lyricist": null,
        "mb_workid": null,
        "media": "Digital Media",
        "medium": 1,
        "medium_index": 5,
        "medium_total": 6,
        "release_track_id": null,
        "title": "Saturn Storm",
        "track_alt": "AA2",
        "track_id": "https://foldrecords.bandcamp.com/track/aa2-gareth-wild-saturn-storm",
        "work": null,
        "work_disambig": null
      },
      {
        "arranger": null,
        "artist": "Gareth Wild",
        "artist_credit": null,
        "artist_id": "https://foldrecords.bandcamp.com",
        "artist_sort": null,
        "bpm": null,
        "composer": null,
        "composer_sort": null,
        "data_source": "bandcamp",
        "data_url": "https://foldrecords.bandcamp.com/album/fld001-gareth-wild-common-assault-ep",
        "disctitle": null,
        "genre": null,
        "index": 6,
        "initial_key": null,
        "length": 20,
        "lyricist": null,
        "mb_workid": null,
        "media": "Digital Media",
        "medium": 1,
        "medium_index": 6,
        "medium_total": 6,
        "release_track_id": null,
        "title": "Quadrant [Locked Groove]",
        "track_alt": "AA3",
        "track_id": "https://foldrecords.bandcamp.com/track/aa3-gareth-wild-quadrant-locked-groove",
        "work": null,
        "work_disambig": null
      }
    ],
    "va": false,
    "year": 2020
  },
  {
    "album": "Common Assault EP",
    "album_id": "https://foldrecords.bandcamp.com/album/fld001-gareth-wild-common-assault-ep#p2171282163",
    "albumdisambig": null,
    "albumstatus": "Official",
    "albumtype": "ep",
    "albumtypes": "ep",
    "artist": "Gareth Wild",
    "artist_credit": null,
    "artist_id": "https://foldrecords.bandcamp.com",
    "artist_sort": null,
    "asin": null,
    "catalognum": "FLD001",
    "comments": "For the inaugural EP, FOLD resident Gareth Wild presents ‘Common Assault’. With metallic tubular synthesis, cut-throat percussion and rolling rhythms, this EP is an effective and essential piece of material demonstrating all angles of Techno, immersive to peak-time.\n\nThe release features three original tracks and two locked grooves from Gareth with stripped back, dark-side remix work from Madrid’s very own Roll Dann.",
    "country": "GB",
    "data_source": "bandcamp",
    "data_url": "https://foldrecords.bandcamp.com/album/fld001-gareth-wild-common-assault-ep",
    "day": 2,
    "discogs_albumid": null,
    "discogs_artistid": null,
    "discogs_labelid": null,
    "genre": null,
    "label": "FOLD RECORDS",
    "language": null,
    "media": "Vinyl",
    "mediums": 1,
    "month": 11,
    "original_day": null,
    "original_month": null,
    "original_year": null,
    "releasegroup_id": null,
    "releasegroupdisambig": null,
    "script": null,
    "style": null,
    "tracks": [
      {
        "arranger": null,
        "artist": "Gareth Wild",
        "artist_credit": null,
        "artist_id": "https://foldrecords.bandcamp.com",
        "artist_sort": null,
        "bpm": null,
        "composer": null,
        "composer_sort": null,
        "data_source": "bandcamp",
        "data_url": "https://foldrecords.bandcamp.com/album/fld001-gareth-wild-common-assault-ep",
        "disctitle": "FLD001 - Common Assault EP",
        "genre": null,
        "index": 1,
        "initial_key": null,
        "length": 357,
        "lyricist": null,
        "mb_workid": null,
        "media": "Vinyl",
        "medium": 1,
        "medium_index": 1,
        "medium_total": 6,
        "release_track_id": null,
        "title": "Live Wire",
        "track_alt": "A1",
        "track_id": "https://foldrecords.bandcamp.com/track/a1-gareth-wild-live-wire",
        "work": null,
        "work_disambig": null
      },
      {
        "arranger": null,
        "artist": "Gareth Wild",
        "artist_credit": null,
        "artist_id": "https://foldrecords.bandcamp.com",
        "artist_sort": null,
        "bpm": null,
        "composer": null,
        "composer_sort": null,
        "data_source": "bandcamp",
        "data_url": "https://foldrecords.bandcamp.com/album/fld001-gareth-wild-common-assault-ep",
        "disctitle": "FLD001 - Common Assault EP",
        "genre": null,
        "index": 2,
        "initial_key": null,
        "length": 351,
        "lyricist": null,
        "mb_workid": null,
        "media": "Vinyl",
        "medium": 1,
        "medium_index": 2,
        "medium_total": 6,
        "release_track_id": null,
        "title": "Live Wire (Roll Dann Remix)",
        "track_alt": "A2",
        "track_id": "https://foldrecords.bandcamp.com/track/a2-gareth-wild-live-wire-roll-dann-remix",
        "work": null,
        "work_disambig": null
      },
      {
        "arranger": null,
        "artist": "Gareth Wild",
        "artist_credit": null,
        "artist_id": "https://foldrecords.bandcamp.com",
        "artist_sort": null,
        "bpm": null,
        "composer": null,
        "composer_sort": null,
        "data_source": "bandcamp",
        "data_url": "https://foldrecords.bandcamp.com/album/fld001-gareth-wild-common-assault-ep",
        "disctitle": "FLD001 - Common Assault EP",
        "genre": null,
        "index": 3,
        "initial_key": null,
        "length": 20,
        "lyricist": null,
        "mb_workid": null,
        "media": "Vinyl",
        "medium": 1,
        "medium_index": 3,
        "medium_total": 6,
        "release_track_id": null,
        "title": "DDS [Locked Groove]",
        "track_alt": "A3",
        "track_id": "https://foldrecords.bandcamp.com/track/a3-gareth-wild-dds-locked-groove",
        "work": null,
        "work_disambig": null
      },
      {
        "arranger": null,
        "artist": "Gareth Wild",
        "artist_credit": null,
        "artist_id": "https://foldrecords.bandcamp.com",
        "artist_sort": null,
        "bpm": null,
        "composer": null,
        "composer_sort": null,
        "data_source": "bandcamp",
        "data_url": "https://foldrecords.bandcamp.com/album/fld001-gareth-wild-common-assault-ep",
        "disctitle": "FLD001 - Common Assault EP",
        "genre": null,
        "index": 4,
        "initial_key": null,
        "length": 315,
        "lyricist": null,
        "mb_workid": null,
        "media": "Vinyl",
        "medium": 1,
        "medium_index": 4,
        "medium_total": 6,
        "release_track_id": null,
        "title": "Common Assault",
        "track_alt": "AA1",
        "track_id": "https://foldrecords.bandcamp.com/track/aa1-gareth-wild-common-assault",
        "work": null,
        "work_disambig": null
      },
      {
        "arranger": null,
        "artist": "Gareth Wild",
        "artist_credit": null,
        "artist_id": "https://foldrecords.bandcamp.com",
        "artist_sort": null,
        "bpm": null,
        "composer": null,
        "composer_sort": null,
        "data_source": "bandcamp",
        "data_url": "https://foldrecords.bandcamp.com/album/fld001-gareth-wild-common-assault-ep",
        "disctitle": "FLD001 - Common Assault EP",
        "genre": null,
        "index": 5,
        "initial_key": null,
        "length": 365,
        "lyricist": null,
        "mb_workid": null,
        "media": "Vinyl",
        "medium": 1,
        "medium_index": 5,
        "medium_total": 6,
        "release_track_id": null,
        "title": "Saturn Storm",
        "track_alt": "AA2",
        "track_id": "https://foldrecords.bandcamp.com/track/aa2-gareth-wild-saturn-storm",
        "work": null,
        "work_disambig": null
      },
      {
        "arranger": null,
        "artist": "Gareth Wild",
        "artist_credit": null,
        "artist_id": "https://foldrecords.bandcamp.com",
        "artist_sort": null,
        "bpm": null,
        "composer": null,
        "composer_sort": null,
        "data_source": "bandcamp",
        "data_url": "https://foldrecords.bandcamp.com/album/fld001-gareth-wild-common-assault-ep",
        "disctitle": "FLD001 - Common Assault EP",
        "genre": null,
        "index": 6,
        "initial_key": null,
        "length": 20,
        "lyricist": null,
        "mb_workid": null,
        "media": "Vinyl",
        "medium": 1,
        "medium_index": 6,
        "medium_total": 6,
        "release_track_id": null,
        "title": "Quadrant [Locked Groove]",
        "track_alt": "AA3",
        "track_id": "https://foldrecords.bandcamp.com/track/aa3-gareth-wild-quadrant-locked-groove",
        "work": null,
        "work_disambig": null
      }
    ],
    "va": false,
    "year": 2020
  }
]
