[{"album": "All Subject To Vibes LP", "album_id": "https://gutterfunkuk.bandcamp.com/album/gutterfunk-all-subject-to-vibes-various-artists-lp", "artist": "Various Artists", "artist_id": "https://gutterfunkuk.bandcamp.com", "tracks": [{"title": "Spirit World", "track_id": "https://gutterfunkuk.bandcamp.com/track/diemantle-spirit-world", "release_track_id": null, "artist": "DieMantle", "artist_id": "https://gutterfunkuk.bandcamp.com", "length": 144, "index": 1, "media": "Digital Media", "medium": 1, "medium_index": 1, "medium_total": 11, "artist_sort": null, "disctitle": null, "artist_credit": null, "data_source": "bandcamp", "data_url": "https://gutterfunkuk.bandcamp.com/album/gutterfunk-all-subject-to-vibes-various-artists-lp", "lyricist": null, "composer": null, "composer_sort": null, "arranger": null, "track_alt": null, "work": null, "mb_workid": null, "work_disambig": null, "bpm": null, "initial_key": null, "genre": null}, {"title": "Special Love (Nuff Pedals Remix)", "track_id": "https://gutterfunkuk.bandcamp.com/track/sure-thing-special-love-nuff-pedals-remix-all-subject-to-vibes-lp-gutterfunk", "release_track_id": null, "artist": "Sure Thing", "artist_id": "https://gutterfunkuk.bandcamp.com", "length": 286, "index": 2, "media": "Digital Media", "medium": 1, "medium_index": 2, "medium_total": 11, "artist_sort": null, "disctitle": null, "artist_credit": null, "data_source": "bandcamp", "data_url": "https://gutterfunkuk.bandcamp.com/album/gutterfunk-all-subject-to-vibes-various-artists-lp", "lyricist": null, "composer": null, "composer_sort": null, "arranger": null, "track_alt": null, "work": null, "mb_workid": null, "work_disambig": null, "bpm": null, "initial_key": null, "genre": null}, {"title": "Lakossa", "track_id": "https://gutterfunkuk.bandcamp.com/track/monkey-wrench-lakossa-all-subject-to-vibes-lp-gutterfunk", "release_track_id": null, "artist": "Monkey Wrench", "artist_id": "https://gutterfunkuk.bandcamp.com", "length": 384, "index": 3, "media": "Digital Media", "medium": 1, "medium_index": 3, "medium_total": 11, "artist_sort": null, "disctitle": null, "artist_credit": null, "data_source": "bandcamp", "data_url": "https://gutterfunkuk.bandcamp.com/album/gutterfunk-all-subject-to-vibes-various-artists-lp", "lyricist": null, "composer": null, "composer_sort": null, "arranger": null, "track_alt": null, "work": null, "mb_workid": null, "work_disambig": null, "bpm": null, "initial_key": null, "genre": null}, {"title": "Tokyo Beat", "track_id": "https://gutterfunkuk.bandcamp.com/track/addison-groove-tokyo-beat-all-subject-to-vibes-lp-gutterfunk", "release_track_id": null, "artist": "Addison Groove", "artist_id": "https://gutterfunkuk.bandcamp.com", "length": 224, "index": 4, "media": "Digital Media", "medium": 1, "medium_index": 4, "medium_total": 11, "artist_sort": null, "disctitle": null, "artist_credit": null, "data_source": "bandcamp", "data_url": "https://gutterfunkuk.bandcamp.com/album/gutterfunk-all-subject-to-vibes-various-artists-lp", "lyricist": null, "composer": null, "composer_sort": null, "arranger": null, "track_alt": null, "work": null, "mb_workid": null, "work_disambig": null, "bpm": null, "initial_key": null, "genre": null}, {"title": "More", "track_id": "https://gutterfunkuk.bandcamp.com/track/fox-diemantle-more-all-subject-to-vibes-lp-gutterfunk", "release_track_id": null, "artist": "Fox & DieMantle", "artist_id": "https://gutterfunkuk.bandcamp.com", "length": 240, "index": 5, "media": "Digital Media", "medium": 1, "medium_index": 5, "medium_total": 11, "artist_sort": null, "disctitle": null, "artist_credit": null, "data_source": "bandcamp", "data_url": "https://gutterfunkuk.bandcamp.com/album/gutterfunk-all-subject-to-vibes-various-artists-lp", "lyricist": null, "composer": null, "composer_sort": null, "arranger": null, "track_alt": null, "work": null, "mb_workid": null, "work_disambig": null, "bpm": null, "initial_key": null, "genre": null}, {"title": "Jungle Reflection", "track_id": "https://gutterfunkuk.bandcamp.com/track/dj-die-pinch-jungle-reflection-all-subject-to-vibes-lp-gutterfunk", "release_track_id": null, "artist": "DJ Die & Pinch", "artist_id": "https://gutterfunkuk.bandcamp.com", "length": 259, "index": 6, "media": "Digital Media", "medium": 1, "medium_index": 6, "medium_total": 11, "artist_sort": null, "disctitle": null, "artist_credit": null, "data_source": "bandcamp", "data_url": "https://gutterfunkuk.bandcamp.com/album/gutterfunk-all-subject-to-vibes-various-artists-lp", "lyricist": null, "composer": null, "composer_sort": null, "arranger": null, "track_alt": null, "work": null, "mb_workid": null, "work_disambig": null, "bpm": null, "initial_key": null, "genre": null}, {"title": "Bodied", "track_id": "https://gutterfunkuk.bandcamp.com/track/dismantle-bodied-all-subject-to-vibes-lp-gutterfunk", "release_track_id": null, "artist": "Dismantle", "artist_id": "https://gutterfunkuk.bandcamp.com", "length": 186, "index": 7, "media": "Digital Media", "medium": 1, "medium_index": 7, "medium_total": 11, "artist_sort": null, "disctitle": null, "artist_credit": null, "data_source": "bandcamp", "data_url": "https://gutterfunkuk.bandcamp.com/album/gutterfunk-all-subject-to-vibes-various-artists-lp", "lyricist": null, "composer": null, "composer_sort": null, "arranger": null, "track_alt": null, "work": null, "mb_workid": null, "work_disambig": null, "bpm": null, "initial_key": null, "genre": null}, {"title": "Out There", "track_id": "https://gutterfunkuk.bandcamp.com/track/dead-mans-chest-josimar-out-there-all-subject-to-vibes-lp-gutterfunk", "release_track_id": null, "artist": "Dead Mans Chest & Josimar", "artist_id": "https://gutterfunkuk.bandcamp.com", "length": 344, "index": 8, "media": "Digital Media", "medium": 1, "medium_index": 8, "medium_total": 11, "artist_sort": null, "disctitle": null, "artist_credit": null, "data_source": "bandcamp", "data_url": "https://gutterfunkuk.bandcamp.com/album/gutterfunk-all-subject-to-vibes-various-artists-lp", "lyricist": null, "composer": null, "composer_sort": null, "arranger": null, "track_alt": null, "work": null, "mb_workid": null, "work_disambig": null, "bpm": null, "initial_key": null, "genre": null}, {"title": "One For The Floor", "track_id": "https://gutterfunkuk.bandcamp.com/track/fixate-one-for-the-floor-all-subject-to-vibes-lp-gutterfunk", "release_track_id": null, "artist": "Fixate", "artist_id": "https://gutterfunkuk.bandcamp.com", "length": 386, "index": 9, "media": "Digital Media", "medium": 1, "medium_index": 9, "medium_total": 11, "artist_sort": null, "disctitle": null, "artist_credit": null, "data_source": "bandcamp", "data_url": "https://gutterfunkuk.bandcamp.com/album/gutterfunk-all-subject-to-vibes-various-artists-lp", "lyricist": null, "composer": null, "composer_sort": null, "arranger": null, "track_alt": null, "work": null, "mb_workid": null, "work_disambig": null, "bpm": null, "initial_key": null, "genre": null}, {"title": "Skeematics", "track_id": "https://gutterfunkuk.bandcamp.com/track/watch-the-ride-dj-randall-dj-die-dismantle-skeematics-all-subject-to-vibes-lp-gutterfunk", "release_track_id": null, "artist": "Watch The Ride (DJ Randall, DJ Die, Dismantle)", "artist_id": "https://gutterfunkuk.bandcamp.com", "length": 264, "index": 10, "media": "Digital Media", "medium": 1, "medium_index": 10, "medium_total": 11, "artist_sort": null, "disctitle": null, "artist_credit": null, "data_source": "bandcamp", "data_url": "https://gutterfunkuk.bandcamp.com/album/gutterfunk-all-subject-to-vibes-various-artists-lp", "lyricist": null, "composer": null, "composer_sort": null, "arranger": null, "track_alt": null, "work": null, "mb_workid": null, "work_disambig": null, "bpm": null, "initial_key": null, "genre": null}, {"title": "Atoms", "track_id": "https://gutterfunkuk.bandcamp.com/track/sure-thing-atoms-all-subject-to-vibes-lp-gutterfunk", "release_track_id": null, "artist": "Sure Thing", "artist_id": "https://gutterfunkuk.bandcamp.com", "length": 454, "index": 11, "media": "Digital Media", "medium": 1, "medium_index": 11, "medium_total": 11, "artist_sort": null, "disctitle": null, "artist_credit": null, "data_source": "bandcamp", "data_url": "https://gutterfunkuk.bandcamp.com/album/gutterfunk-all-subject-to-vibes-various-artists-lp", "lyricist": null, "composer": null, "composer_sort": null, "arranger": null, "track_alt": null, "work": null, "mb_workid": null, "work_disambig": null, "bpm": null, "initial_key": null, "genre": null}], "asin": null, "albumtype": "album", "va": true, "year": 2019, "month": 12, "day": 13, "label": "GutterFunk", "mediums": 1, "artist_sort": null, "releasegroup_id": null, "catalognum": "", "script": null, "language": null, "country": "GB", "style": "electronic", "genre": "broken beat, disco, drum and bass, dub, house, jungle", "albumstatus": "Official", "media": "Digital Media", "albumdisambig": null, "releasegroupdisambig": null, "artist_credit": null, "original_year": null, "original_month": null, "original_day": null, "data_source": "bandcamp", "data_url": "https://gutterfunkuk.bandcamp.com/album/gutterfunk-all-subject-to-vibes-various-artists-lp", "discogs_albumid": null, "discogs_labelid": null, "discogs_artistid": null, "albumtypes": "album; lp", "comments": "DJ Die's GutterFunk imprint has gone from strength to strength over the past few years, the label's ethos of \u2018good-music-first\u2019, whilst not being restricted by genre, has permeated with artists and listeners alike. The labels tracks have found their way into the sets of a massively diverse set of DJs - from the likes of Gerd Janson, David Rodigan, dBridge and Shy FX.\n\nThe labels first compilation album, \u2018GutterFunk: All Subject To Vibes\u2019 acts as an introduction or indeed a reminder of what GutterFunk is all about. Style-wise we are presented with House, mutations of 140bpm, Broken Beat, Drum and Bass, Jungle and Soul. The compilation is encapsulated by an archive photo from the legendary photographer Mark Simmons, reflecting the curveball nature of the album, whilst also paying homage to Bristol values of ignoring rules and tradition, which is embedded into GutterFunk\u2019s DNA. The artwork used for the album is a photo by Mark Simmons from his book 'Bristol Black & White'.\n\n The guest list on the album speaks for itself, showing GutterFunk\u2019s penchant for high-quality artists: DJ Die, Pinch, Fox, Randall, Dismantle, Addison Groove and Fixate to name a few. Meanwhile the newly formed Watch The Ride project delivers the club anthem 'Skeematics', riding high after the massive success of the collab with D Double E and mysterious Soul/boogie outfit Sure Thing close off the album with the perfect last dance 'Atoms.'\n\nIn true GutterFunk fashion, the album was worked on with a fine-tooth comb, each detail in each track was agonised over by the artist and then by DJ Die and Dismantle emphasising the importance of the labels first compilation album. It's an album that prides itself on working as a complete listen when going from track 1 to track 11, whilst working as DJ tools when used as club tracks.\n\nA great way to end a big year for the label and celebrate the achievements of all the artists\u2019 successes during 2019."}]
