[
  {
    "album": "UTE004",
    "album_id": "https://ute-rec.bandcamp.com/album/ute004",
    "albumdisambig": null,
    "albumstatus": "Official",
    "albumtype": "album",
    "albumtypes": [
      "album"
    ],
    "artist": "Mikkel Rev",
    "artist_credit": null,
    "artist_id": "https://ute-rec.bandcamp.com",
    "artist_sort": null,
    "artists": [
      "Mikkel Rev"
    ],
    "artists_credit": [],
    "artists_ids": [
      "https://ute-rec.bandcamp.com"
    ],
    "artists_sort": [],
    "asin": null,
    "barcode": null,
    "catalognum": "UTE004",
    "comments": "Our dear Mikkel serving four emotional and warm trancers focused on the journey within.\n---\nProduction: Mikkel Haraldstad\nMaster: Joel Krozer, 6bitdeep\nGraphics: Haider Ahmed",
    "country": "NO",
    "cover_art_url": "https://f4.bcbits.com/img/a1035657740_10.jpg",
    "data_source": "bandcamp",
    "data_url": "https://ute-rec.bandcamp.com/album/ute004",
    "day": 17,
    "discogs_albumid": null,
    "discogs_artistid": null,
    "discogs_labelid": null,
    "genre": null,
    "label": "Ute.Rec",
    "language": null,
    "media": "Digital Media",
    "mediums": 1,
    "month": 7,
    "original_day": 17,
    "original_month": 7,
    "original_year": 2020,
    "release_group_title": null,
    "releasegroup_id": null,
    "releasegroupdisambig": null,
    "script": null,
    "style": null,
    "tracks": [
      {
        "album": "UTE004",
        "arranger": null,
        "artist": "Mikkel Rev",
        "artist_credit": null,
        "artist_id": "https://ute-rec.bandcamp.com",
        "artist_sort": null,
        "artists": [
          "Mikkel Rev"
        ],
        "artists_credit": [],
        "artists_ids": [
          "https://ute-rec.bandcamp.com"
        ],
        "artists_sort": [],
        "bpm": null,
        "composer": null,
        "composer_sort": null,
        "data_source": "bandcamp",
        "data_url": "https://ute-rec.bandcamp.com/album/ute004",
        "disctitle": null,
        "genre": null,
        "index": 1,
        "initial_key": null,
        "length": 504,
        "lyricist": null,
        "mb_workid": null,
        "media": "Digital Media",
        "medium": 1,
        "medium_index": 1,
        "medium_total": 4,
        "release_track_id": null,
        "title": "The Human Experience (Empathy Mix)",
        "track_alt": null,
        "track_id": "https://ute-rec.bandcamp.com/track/the-human-experience-empathy-mix",
        "work": null,
        "work_disambig": null
      },
      {
        "album": "UTE004",
        "arranger": null,
        "artist": "Mikkel Rev",
        "artist_credit": null,
        "artist_id": "https://ute-rec.bandcamp.com",
        "artist_sort": null,
        "artists": [
          "Mikkel Rev"
        ],
        "artists_credit": [],
        "artists_ids": [
          "https://ute-rec.bandcamp.com"
        ],
        "artists_sort": [],
        "bpm": null,
        "composer": null,
        "composer_sort": null,
        "data_source": "bandcamp",
        "data_url": "https://ute-rec.bandcamp.com/album/ute004",
        "disctitle": null,
        "genre": null,
        "index": 2,
        "initial_key": null,
        "length": 487,
        "lyricist": null,
        "mb_workid": null,
        "media": "Digital Media",
        "medium": 1,
        "medium_index": 2,
        "medium_total": 4,
        "release_track_id": null,
        "title": "Parallell",
        "track_alt": null,
        "track_id": "https://ute-rec.bandcamp.com/track/parallell",
        "work": null,
        "work_disambig": null
      },
      {
        "album": "UTE004",
        "arranger": null,
        "artist": "Mikkel Rev",
        "artist_credit": null,
        "artist_id": "https://ute-rec.bandcamp.com",
        "artist_sort": null,
        "artists": [
          "Mikkel Rev"
        ],
        "artists_credit": [],
        "artists_ids": [
          "https://ute-rec.bandcamp.com"
        ],
        "artists_sort": [],
        "bpm": null,
        "composer": null,
        "composer_sort": null,
        "data_source": "bandcamp",
        "data_url": "https://ute-rec.bandcamp.com/album/ute004",
        "disctitle": null,
        "genre": null,
        "index": 3,
        "initial_key": null,
        "length": 431,
        "lyricist": null,
        "mb_workid": null,
        "media": "Digital Media",
        "medium": 1,
        "medium_index": 3,
        "medium_total": 4,
        "release_track_id": null,
        "title": "Formulae",
        "track_alt": null,
        "track_id": "https://ute-rec.bandcamp.com/track/formulae",
        "work": null,
        "work_disambig": null
      },
      {
        "album": "UTE004",
        "arranger": null,
        "artist": "Mikkel Rev",
        "artist_credit": null,
        "artist_id": "https://ute-rec.bandcamp.com",
        "artist_sort": null,
        "artists": [
          "Mikkel Rev"
        ],
        "artists_credit": [],
        "artists_ids": [
          "https://ute-rec.bandcamp.com"
        ],
        "artists_sort": [],
        "bpm": null,
        "composer": null,
        "composer_sort": null,
        "data_source": "bandcamp",
        "data_url": "https://ute-rec.bandcamp.com/album/ute004",
        "disctitle": null,
        "genre": null,
        "index": 4,
        "initial_key": null,
        "length": 421,
        "lyricist": null,
        "mb_workid": null,
        "media": "Digital Media",
        "medium": 1,
        "medium_index": 4,
        "medium_total": 4,
        "release_track_id": null,
        "title": "Biotope",
        "track_alt": null,
        "track_id": "https://ute-rec.bandcamp.com/track/biotope",
        "work": null,
        "work_disambig": null
      }
    ],
    "va": false,
    "year": 2020
  },
  {
    "album": "UTE004",
    "album_id": "https://ute-rec.bandcamp.com/album/ute004#p122109000",
    "albumdisambig": null,
    "albumstatus": "Official",
    "albumtype": "album",
    "albumtypes": [
      "album"
    ],
    "artist": "Mikkel Rev",
    "artist_credit": null,
    "artist_id": "https://ute-rec.bandcamp.com",
    "artist_sort": null,
    "artists": [
      "Mikkel Rev"
    ],
    "artists_credit": [],
    "artists_ids": [
      "https://ute-rec.bandcamp.com"
    ],
    "artists_sort": [],
    "asin": null,
    "barcode": null,
    "catalognum": "UTE004",
    "comments": "Our dear Mikkel serving four emotional and warm trancers focused on the journey within.\n---\nProduction: Mikkel Haraldstad\nMaster: Joel Krozer, 6bitdeep\nGraphics: Haider Ahmed",
    "country": "NO",
    "cover_art_url": "https://f4.bcbits.com/img/a1035657740_10.jpg",
    "data_source": "bandcamp",
    "data_url": "https://ute-rec.bandcamp.com/album/ute004",
    "day": 17,
    "discogs_albumid": null,
    "discogs_artistid": null,
    "discogs_labelid": null,
    "genre": null,
    "label": "Ute.Rec",
    "language": null,
    "media": "Vinyl",
    "mediums": 1,
    "month": 7,
    "original_day": 17,
    "original_month": 7,
    "original_year": 2020,
    "release_group_title": null,
    "releasegroup_id": null,
    "releasegroupdisambig": null,
    "script": null,
    "style": null,
    "tracks": [
      {
        "album": "UTE004",
        "arranger": null,
        "artist": "Mikkel Rev",
        "artist_credit": null,
        "artist_id": "https://ute-rec.bandcamp.com",
        "artist_sort": null,
        "artists": [
          "Mikkel Rev"
        ],
        "artists_credit": [],
        "artists_ids": [
          "https://ute-rec.bandcamp.com"
        ],
        "artists_sort": [],
        "bpm": null,
        "composer": null,
        "composer_sort": null,
        "data_source": "bandcamp",
        "data_url": "https://ute-rec.bandcamp.com/album/ute004",
        "disctitle": "12\" Vinyl",
        "genre": null,
        "index": 1,
        "initial_key": null,
        "length": 504,
        "lyricist": null,
        "mb_workid": null,
        "media": "Vinyl",
        "medium": 1,
        "medium_index": 1,
        "medium_total": 4,
        "release_track_id": null,
        "title": "The Human Experience (Empathy Mix)",
        "track_alt": null,
        "track_id": "https://ute-rec.bandcamp.com/track/the-human-experience-empathy-mix",
        "work": null,
        "work_disambig": null
      },
      {
        "album": "UTE004",
        "arranger": null,
        "artist": "Mikkel Rev",
        "artist_credit": null,
        "artist_id": "https://ute-rec.bandcamp.com",
        "artist_sort": null,
        "artists": [
          "Mikkel Rev"
        ],
        "artists_credit": [],
        "artists_ids": [
          "https://ute-rec.bandcamp.com"
        ],
        "artists_sort": [],
        "bpm": null,
        "composer": null,
        "composer_sort": null,
        "data_source": "bandcamp",
        "data_url": "https://ute-rec.bandcamp.com/album/ute004",
        "disctitle": "12\" Vinyl",
        "genre": null,
        "index": 2,
        "initial_key": null,
        "length": 487,
        "lyricist": null,
        "mb_workid": null,
        "media": "Vinyl",
        "medium": 1,
        "medium_index": 2,
        "medium_total": 4,
        "release_track_id": null,
        "title": "Parallell",
        "track_alt": null,
        "track_id": "https://ute-rec.bandcamp.com/track/parallell",
        "work": null,
        "work_disambig": null
      },
      {
        "album": "UTE004",
        "arranger": null,
        "artist": "Mikkel Rev",
        "artist_credit": null,
        "artist_id": "https://ute-rec.bandcamp.com",
        "artist_sort": null,
        "artists": [
          "Mikkel Rev"
        ],
        "artists_credit": [],
        "artists_ids": [
          "https://ute-rec.bandcamp.com"
        ],
        "artists_sort": [],
        "bpm": null,
        "composer": null,
        "composer_sort": null,
        "data_source": "bandcamp",
        "data_url": "https://ute-rec.bandcamp.com/album/ute004",
        "disctitle": "12\" Vinyl",
        "genre": null,
        "index": 3,
        "initial_key": null,
        "length": 431,
        "lyricist": null,
        "mb_workid": null,
        "media": "Vinyl",
        "medium": 1,
        "medium_index": 3,
        "medium_total": 4,
        "release_track_id": null,
        "title": "Formulae",
        "track_alt": null,
        "track_id": "https://ute-rec.bandcamp.com/track/formulae",
        "work": null,
        "work_disambig": null
      },
      {
        "album": "UTE004",
        "arranger": null,
        "artist": "Mikkel Rev",
        "artist_credit": null,
        "artist_id": "https://ute-rec.bandcamp.com",
        "artist_sort": null,
        "artists": [
          "Mikkel Rev"
        ],
        "artists_credit": [],
        "artists_ids": [
          "https://ute-rec.bandcamp.com"
        ],
        "artists_sort": [],
        "bpm": null,
        "composer": null,
        "composer_sort": null,
        "data_source": "bandcamp",
        "data_url": "https://ute-rec.bandcamp.com/album/ute004",
        "disctitle": "12\" Vinyl",
        "genre": null,
        "index": 4,
        "initial_key": null,
        "length": 421,
        "lyricist": null,
        "mb_workid": null,
        "media": "Vinyl",
        "medium": 1,
        "medium_index": 4,
        "medium_total": 4,
        "release_track_id": null,
        "title": "Biotope",
        "track_alt": null,
        "track_id": "https://ute-rec.bandcamp.com/track/biotope",
        "work": null,
        "work_disambig": null
      }
    ],
    "va": false,
    "year": 2020
  }
]
