[
  {
    "album": "Cybernetic Punk Unit",
    "album_id": "https://blvckplvgue.bandcamp.com/album/process-404-cybernetic-punk-unit",
    "albumdisambig": null,
    "albumstatus": "Official",
    "albumtype": "album",
    "albumtypes": [
      "album"
    ],
    "artist": "Process 404",
    "artist_credit": null,
    "artist_id": "https://blvckplvgue.bandcamp.com",
    "artist_sort": null,
    "artists": [
      "Process 404"
    ],
    "artists_credit": [],
    "artists_ids": [
      "https://blvckplvgue.bandcamp.com"
    ],
    "artists_sort": [],
    "asin": null,
    "barcode": null,
    "catalognum": "",
    "comments": "Future as always been a fantasy\n\nBlack/Plague wants to take you to the future. This distant fantasy that continues to inspire so many artists. Will technology bring us progress, or even more chaos?\nAntoine aka Process 404 wants you to take part. This near future where technology creates a constant conflict in our daily life. By combining elements and sonority of cyberpunk culture with Electronic, Process 404 seek to prove his vision of the future and why so many people call Techno « the sound of tomorrow». You can expect 4/4 tracks loaded with dystopian sounds and robotics ammo.\n---\nMastering: Axel Picodot",
    "country": "FR",
    "data_source": "bandcamp",
    "data_url": "https://blvckplvgue.bandcamp.com/album/process-404-cybernetic-punk-unit",
    "day": 12,
    "discogs_albumid": null,
    "discogs_artistid": null,
    "discogs_labelid": null,
    "genre": "industrial, techno",
    "label": "Black/Plague",
    "language": null,
    "media": "Digital Media",
    "mediums": 1,
    "month": 6,
    "original_day": null,
    "original_month": null,
    "original_year": null,
    "release_group_title": null,
    "releasegroup_id": null,
    "releasegroupdisambig": null,
    "script": null,
    "style": "electronic",
    "tracks": [
      {
        "album": "Cybernetic Punk Unit",
        "arranger": null,
        "artist": "Process 404",
        "artist_credit": null,
        "artist_id": "https://blvckplvgue.bandcamp.com",
        "artist_sort": null,
        "artists": [
          "Process 404"
        ],
        "artists_credit": [],
        "artists_ids": [
          "https://blvckplvgue.bandcamp.com"
        ],
        "artists_sort": [],
        "bpm": null,
        "composer": null,
        "composer_sort": null,
        "data_source": "bandcamp",
        "data_url": "https://blvckplvgue.bandcamp.com/album/process-404-cybernetic-punk-unit",
        "disctitle": null,
        "genre": null,
        "index": 1,
        "initial_key": null,
        "length": 393,
        "lyricist": null,
        "mb_workid": null,
        "media": "Digital Media",
        "medium": 1,
        "medium_index": 1,
        "medium_total": 4,
        "release_track_id": null,
        "title": "Metallic Dominance",
        "track_alt": null,
        "track_id": "https://blvckplvgue.bandcamp.com/track/metallic-dominance",
        "work": null,
        "work_disambig": null
      },
      {
        "album": "Cybernetic Punk Unit",
        "arranger": null,
        "artist": "Process 404",
        "artist_credit": null,
        "artist_id": "https://blvckplvgue.bandcamp.com",
        "artist_sort": null,
        "artists": [
          "Process 404"
        ],
        "artists_credit": [],
        "artists_ids": [
          "https://blvckplvgue.bandcamp.com"
        ],
        "artists_sort": [],
        "bpm": null,
        "composer": null,
        "composer_sort": null,
        "data_source": "bandcamp",
        "data_url": "https://blvckplvgue.bandcamp.com/album/process-404-cybernetic-punk-unit",
        "disctitle": null,
        "genre": null,
        "index": 2,
        "initial_key": null,
        "length": 514,
        "lyricist": null,
        "mb_workid": null,
        "media": "Digital Media",
        "medium": 1,
        "medium_index": 2,
        "medium_total": 4,
        "release_track_id": null,
        "title": "Cybernetic Punk Unit",
        "track_alt": null,
        "track_id": "https://blvckplvgue.bandcamp.com/track/cybernetic-punk-unit",
        "work": null,
        "work_disambig": null
      },
      {
        "album": "Cybernetic Punk Unit",
        "arranger": null,
        "artist": "Process 404",
        "artist_credit": null,
        "artist_id": "https://blvckplvgue.bandcamp.com",
        "artist_sort": null,
        "artists": [
          "Process 404"
        ],
        "artists_credit": [],
        "artists_ids": [
          "https://blvckplvgue.bandcamp.com"
        ],
        "artists_sort": [],
        "bpm": null,
        "composer": null,
        "composer_sort": null,
        "data_source": "bandcamp",
        "data_url": "https://blvckplvgue.bandcamp.com/album/process-404-cybernetic-punk-unit",
        "disctitle": null,
        "genre": null,
        "index": 3,
        "initial_key": null,
        "length": 436,
        "lyricist": null,
        "mb_workid": null,
        "media": "Digital Media",
        "medium": 1,
        "medium_index": 3,
        "medium_total": 4,
        "release_track_id": null,
        "title": "Megacity Corporation",
        "track_alt": null,
        "track_id": "https://blvckplvgue.bandcamp.com/track/megacity-corporation",
        "work": null,
        "work_disambig": null
      },
      {
        "album": "Cybernetic Punk Unit",
        "arranger": null,
        "artist": "Process 404",
        "artist_credit": null,
        "artist_id": "https://blvckplvgue.bandcamp.com",
        "artist_sort": null,
        "artists": [
          "Process 404"
        ],
        "artists_credit": [],
        "artists_ids": [
          "https://blvckplvgue.bandcamp.com"
        ],
        "artists_sort": [],
        "bpm": null,
        "composer": null,
        "composer_sort": null,
        "data_source": "bandcamp",
        "data_url": "https://blvckplvgue.bandcamp.com/album/process-404-cybernetic-punk-unit",
        "disctitle": null,
        "genre": null,
        "index": 4,
        "initial_key": null,
        "length": 263,
        "lyricist": null,
        "mb_workid": null,
        "media": "Digital Media",
        "medium": 1,
        "medium_index": 4,
        "medium_total": 4,
        "release_track_id": null,
        "title": "Social Overdose",
        "track_alt": null,
        "track_id": "https://blvckplvgue.bandcamp.com/track/social-overdose",
        "work": null,
        "work_disambig": null
      }
    ],
    "va": false,
    "year": 2020
  }
]
