[
  {
    "album": "Ksolntsu",
    "album_id": "https://psykovsky.bandcamp.com/album/ksolntsu",
    "albumdisambig": null,
    "albumstatus": "Official",
    "albumtype": "album",
    "albumtypes": "album",
    "artist": "Various Artists",
    "artist_credit": null,
    "artist_id": "https://psykovsky.bandcamp.com",
    "artist_sort": null,
    "asin": null,
    "catalognum": "",
    "comments": null,
    "country": "NU",
    "data_source": "bandcamp",
    "data_url": "https://psykovsky.bandcamp.com/album/ksolntsu",
    "day": 12,
    "discogs_albumid": null,
    "discogs_artistid": null,
    "discogs_labelid": null,
    "genre": "experimental, psytrance",
    "label": "Psykovsky",
    "language": null,
    "media": "Digital Media",
    "mediums": 1,
    "month": 2,
    "original_day": null,
    "original_month": null,
    "original_year": null,
    "releasegroup_id": null,
    "releasegroupdisambig": null,
    "script": null,
    "style": "electronic",
    "tracks": [
      {
        "arranger": null,
        "artist": "Psykovsky & Orestis",
        "artist_credit": null,
        "artist_id": "https://psykovsky.bandcamp.com",
        "artist_sort": null,
        "bpm": null,
        "composer": null,
        "composer_sort": null,
        "data_source": "bandcamp",
        "data_url": "https://psykovsky.bandcamp.com/album/ksolntsu",
        "disctitle": null,
        "genre": null,
        "index": 1,
        "initial_key": null,
        "length": 518,
        "lyricist": null,
        "mb_workid": null,
        "media": "Digital Media",
        "medium": 1,
        "medium_index": 1,
        "medium_total": 15,
        "release_track_id": null,
        "title": "Ela Na Pame",
        "track_alt": null,
        "track_id": "https://psykovsky.bandcamp.com/track/ela-na-pame",
        "work": null,
        "work_disambig": null
      },
      {
        "arranger": null,
        "artist": "Psykovsky & Luuli",
        "artist_credit": null,
        "artist_id": "https://psykovsky.bandcamp.com",
        "artist_sort": null,
        "bpm": null,
        "composer": null,
        "composer_sort": null,
        "data_source": "bandcamp",
        "data_url": "https://psykovsky.bandcamp.com/album/ksolntsu",
        "disctitle": null,
        "genre": null,
        "index": 2,
        "initial_key": null,
        "length": 673,
        "lyricist": null,
        "mb_workid": null,
        "media": "Digital Media",
        "medium": 1,
        "medium_index": 2,
        "medium_total": 15,
        "release_track_id": null,
        "title": "Stone Sea",
        "track_alt": null,
        "track_id": "https://psykovsky.bandcamp.com/track/stone-sea",
        "work": null,
        "work_disambig": null
      },
      {
        "arranger": null,
        "artist": "Psykovsky & Spiral",
        "artist_credit": null,
        "artist_id": "https://psykovsky.bandcamp.com",
        "artist_sort": null,
        "bpm": null,
        "composer": null,
        "composer_sort": null,
        "data_source": "bandcamp",
        "data_url": "https://psykovsky.bandcamp.com/album/ksolntsu",
        "disctitle": null,
        "genre": null,
        "index": 3,
        "initial_key": null,
        "length": 454,
        "lyricist": null,
        "mb_workid": null,
        "media": "Digital Media",
        "medium": 1,
        "medium_index": 3,
        "medium_total": 15,
        "release_track_id": null,
        "title": "So We Sailed Till We Found",
        "track_alt": null,
        "track_id": "https://psykovsky.bandcamp.com/track/so-we-sailed-till-we-found",
        "work": null,
        "work_disambig": null
      },
      {
        "arranger": null,
        "artist": "Psykovsky & Kasatka",
        "artist_credit": null,
        "artist_id": "https://psykovsky.bandcamp.com",
        "artist_sort": null,
        "bpm": null,
        "composer": null,
        "composer_sort": null,
        "data_source": "bandcamp",
        "data_url": "https://psykovsky.bandcamp.com/album/ksolntsu",
        "disctitle": null,
        "genre": null,
        "index": 4,
        "initial_key": null,
        "length": 473,
        "lyricist": null,
        "mb_workid": null,
        "media": "Digital Media",
        "medium": 1,
        "medium_index": 4,
        "medium_total": 15,
        "release_track_id": null,
        "title": "Doors Of Perception",
        "track_alt": null,
        "track_id": "https://psykovsky.bandcamp.com/track/doors-of-perception",
        "work": null,
        "work_disambig": null
      },
      {
        "arranger": null,
        "artist": "Psykovsky & Spiral & Seeasound",
        "artist_credit": null,
        "artist_id": "https://psykovsky.bandcamp.com",
        "artist_sort": null,
        "bpm": null,
        "composer": null,
        "composer_sort": null,
        "data_source": "bandcamp",
        "data_url": "https://psykovsky.bandcamp.com/album/ksolntsu",
        "disctitle": null,
        "genre": null,
        "index": 5,
        "initial_key": null,
        "length": 736,
        "lyricist": null,
        "mb_workid": null,
        "media": "Digital Media",
        "medium": 1,
        "medium_index": 5,
        "medium_total": 15,
        "release_track_id": null,
        "title": "Variant On The Right",
        "track_alt": null,
        "track_id": "https://psykovsky.bandcamp.com/track/variant-on-the-right",
        "work": null,
        "work_disambig": null
      },
      {
        "arranger": null,
        "artist": "Psykovsky & Friends",
        "artist_credit": null,
        "artist_id": "https://psykovsky.bandcamp.com",
        "artist_sort": null,
        "bpm": null,
        "composer": null,
        "composer_sort": null,
        "data_source": "bandcamp",
        "data_url": "https://psykovsky.bandcamp.com/album/ksolntsu",
        "disctitle": null,
        "genre": null,
        "index": 6,
        "initial_key": null,
        "length": 769,
        "lyricist": null,
        "mb_workid": null,
        "media": "Digital Media",
        "medium": 1,
        "medium_index": 6,
        "medium_total": 15,
        "release_track_id": null,
        "title": "Call Of Beauty",
        "track_alt": null,
        "track_id": "https://psykovsky.bandcamp.com/track/call-of-beauty",
        "work": null,
        "work_disambig": null
      },
      {
        "arranger": null,
        "artist": "Psykovsky & Orestis & Jobaba",
        "artist_credit": null,
        "artist_id": "https://psykovsky.bandcamp.com",
        "artist_sort": null,
        "bpm": null,
        "composer": null,
        "composer_sort": null,
        "data_source": "bandcamp",
        "data_url": "https://psykovsky.bandcamp.com/album/ksolntsu",
        "disctitle": null,
        "genre": null,
        "index": 7,
        "initial_key": null,
        "length": 729,
        "lyricist": null,
        "mb_workid": null,
        "media": "Digital Media",
        "medium": 1,
        "medium_index": 7,
        "medium_total": 15,
        "release_track_id": null,
        "title": "Many Many Krishnas",
        "track_alt": null,
        "track_id": "https://psykovsky.bandcamp.com/track/many-many-krishnas",
        "work": null,
        "work_disambig": null
      },
      {
        "arranger": null,
        "artist": "Psykovsky & Kashyyyk & Arcek",
        "artist_credit": null,
        "artist_id": "https://psykovsky.bandcamp.com",
        "artist_sort": null,
        "bpm": null,
        "composer": null,
        "composer_sort": null,
        "data_source": "bandcamp",
        "data_url": "https://psykovsky.bandcamp.com/album/ksolntsu",
        "disctitle": null,
        "genre": null,
        "index": 8,
        "initial_key": null,
        "length": 409,
        "lyricist": null,
        "mb_workid": null,
        "media": "Digital Media",
        "medium": 1,
        "medium_index": 8,
        "medium_total": 15,
        "release_track_id": null,
        "title": "Prem I Um",
        "track_alt": null,
        "track_id": "https://psykovsky.bandcamp.com/track/prem-i-um",
        "work": null,
        "work_disambig": null
      },
      {
        "arranger": null,
        "artist": "Psykovsky & Arcek",
        "artist_credit": null,
        "artist_id": "https://psykovsky.bandcamp.com",
        "artist_sort": null,
        "bpm": null,
        "composer": null,
        "composer_sort": null,
        "data_source": "bandcamp",
        "data_url": "https://psykovsky.bandcamp.com/album/ksolntsu",
        "disctitle": null,
        "genre": null,
        "index": 9,
        "initial_key": null,
        "length": 557,
        "lyricist": null,
        "mb_workid": null,
        "media": "Digital Media",
        "medium": 1,
        "medium_index": 9,
        "medium_total": 15,
        "release_track_id": null,
        "title": "Now Here Nowhere",
        "track_alt": null,
        "track_id": "https://psykovsky.bandcamp.com/track/now-here-nowhere",
        "work": null,
        "work_disambig": null
      },
      {
        "arranger": null,
        "artist": "Psykovsky & Maleficium & Seeasound",
        "artist_credit": null,
        "artist_id": "https://psykovsky.bandcamp.com",
        "artist_sort": null,
        "bpm": null,
        "composer": null,
        "composer_sort": null,
        "data_source": "bandcamp",
        "data_url": "https://psykovsky.bandcamp.com/album/ksolntsu",
        "disctitle": null,
        "genre": null,
        "index": 10,
        "initial_key": null,
        "length": 1087,
        "lyricist": null,
        "lyrics": "Little lark\n\nall alone\n\ncannot find his way\n\nThrough the wheat fields\n\nhe will wander\n\nsearching all the day\n\n\"Oh mother!\n\nPlease come find me!”\n\nHe calls to the sky\n\nThe wheat\n\nrustling ‘round him\n\nis the only reply\n\nHe’s forgotten\n\nhow to find his way\n\nback to the nest\n\nLittle lark\n\nall alone now\n\nin the fields he rests\n\nThrough the dark\n\nthe fox hounding\n\nin the moonlight\n\nAfter sunset\n\nall that’s left is\n\nforlorn twilight",
        "mb_workid": null,
        "media": "Digital Media",
        "medium": 1,
        "medium_index": 10,
        "medium_total": 15,
        "release_track_id": null,
        "title": "Holy Black / Little Lark",
        "track_alt": null,
        "track_id": "https://psykovsky.bandcamp.com/track/holy-black-little-lark",
        "work": null,
        "work_disambig": null
      },
      {
        "arranger": null,
        "artist": "Psykovsky & Friends",
        "artist_credit": null,
        "artist_id": "https://psykovsky.bandcamp.com",
        "artist_sort": null,
        "bpm": null,
        "composer": null,
        "composer_sort": null,
        "data_source": "bandcamp",
        "data_url": "https://psykovsky.bandcamp.com/album/ksolntsu",
        "disctitle": null,
        "genre": null,
        "index": 11,
        "initial_key": null,
        "length": 408,
        "lyricist": null,
        "mb_workid": null,
        "media": "Digital Media",
        "medium": 1,
        "medium_index": 11,
        "medium_total": 15,
        "release_track_id": null,
        "title": "Worlds Of Wisdom",
        "track_alt": null,
        "track_id": "https://psykovsky.bandcamp.com/track/worlds-of-wisdom",
        "work": null,
        "work_disambig": null
      },
      {
        "arranger": null,
        "artist": "Psykovsky & Friends",
        "artist_credit": null,
        "artist_id": "https://psykovsky.bandcamp.com",
        "artist_sort": null,
        "bpm": null,
        "composer": null,
        "composer_sort": null,
        "data_source": "bandcamp",
        "data_url": "https://psykovsky.bandcamp.com/album/ksolntsu",
        "disctitle": null,
        "genre": null,
        "index": 12,
        "initial_key": null,
        "length": 561,
        "lyricist": null,
        "mb_workid": null,
        "media": "Digital Media",
        "medium": 1,
        "medium_index": 12,
        "medium_total": 15,
        "release_track_id": null,
        "title": "PC Transmission",
        "track_alt": null,
        "track_id": "https://psykovsky.bandcamp.com/track/pc-transmission",
        "work": null,
        "work_disambig": null
      },
      {
        "arranger": null,
        "artist": "Psykovsky & Friends",
        "artist_credit": null,
        "artist_id": "https://psykovsky.bandcamp.com",
        "artist_sort": null,
        "bpm": null,
        "composer": null,
        "composer_sort": null,
        "data_source": "bandcamp",
        "data_url": "https://psykovsky.bandcamp.com/album/ksolntsu",
        "disctitle": null,
        "genre": null,
        "index": 13,
        "initial_key": null,
        "length": 411,
        "lyricist": null,
        "mb_workid": null,
        "media": "Digital Media",
        "medium": 1,
        "medium_index": 13,
        "medium_total": 15,
        "release_track_id": null,
        "title": "RS Lightmusic",
        "track_alt": null,
        "track_id": "https://psykovsky.bandcamp.com/track/rs-lightmusic",
        "work": null,
        "work_disambig": null
      },
      {
        "arranger": null,
        "artist": "Psykovsky & Quip Tone Beatz & Flish",
        "artist_credit": null,
        "artist_id": "https://psykovsky.bandcamp.com",
        "artist_sort": null,
        "bpm": null,
        "composer": null,
        "composer_sort": null,
        "data_source": "bandcamp",
        "data_url": "https://psykovsky.bandcamp.com/album/ksolntsu",
        "disctitle": null,
        "genre": null,
        "index": 14,
        "initial_key": null,
        "length": 555,
        "lyricist": null,
        "mb_workid": null,
        "media": "Digital Media",
        "medium": 1,
        "medium_index": 14,
        "medium_total": 15,
        "release_track_id": null,
        "title": "Ksolntsu",
        "track_alt": null,
        "track_id": "https://psykovsky.bandcamp.com/track/ksolntsu",
        "work": null,
        "work_disambig": null
      },
      {
        "arranger": null,
        "artist": "Birds Of Praise",
        "artist_credit": null,
        "artist_id": "https://psykovsky.bandcamp.com",
        "artist_sort": null,
        "bpm": null,
        "composer": null,
        "composer_sort": null,
        "data_source": "bandcamp",
        "data_url": "https://psykovsky.bandcamp.com/album/ksolntsu",
        "disctitle": null,
        "genre": null,
        "index": 15,
        "initial_key": null,
        "length": 623,
        "lyricist": null,
        "mb_workid": null,
        "media": "Digital Media",
        "medium": 1,
        "medium_index": 15,
        "medium_total": 15,
        "release_track_id": null,
        "title": "Dadme albricios hijos d'Eva",
        "track_alt": null,
        "track_id": "https://psykovsky.bandcamp.com/track/dadme-albricios-hijos-deva",
        "work": null,
        "work_disambig": null
      }
    ],
    "va": true,
    "year": 2015
  }
]
