[
  {
    "album": "ISMVA003.3",
    "album_id": "https://ismusberlin.bandcamp.com/album/ismva0033",
    "albumdisambig": null,
    "albumstatus": "Official",
    "albumtype": "compilation",
    "albumtypes": [
      "album",
      "compilation"
    ],
    "artist": "Various Artists",
    "artist_credit": null,
    "artist_id": "https://ismusberlin.bandcamp.com",
    "artist_sort": null,
    "artists": [
      "Various Artists"
    ],
    "artists_credit": [],
    "artists_ids": [
      "https://ismusberlin.bandcamp.com"
    ],
    "artists_sort": [],
    "asin": null,
    "barcode": null,
    "catalognum": "ISMVA003.3",
    "comments": "Mastering by Eric Reivolp, Artwork by Nick Cocozza",
    "country": "DE",
    "data_source": "bandcamp",
    "data_url": "https://ismusberlin.bandcamp.com/album/ismva0033",
    "day": 29,
    "discogs_albumid": null,
    "discogs_artistid": null,
    "discogs_labelid": null,
    "genre": "techno, trance",
    "label": "Ismus",
    "language": null,
    "media": "Digital Media",
    "mediums": 1,
    "month": 11,
    "original_day": null,
    "original_month": null,
    "original_year": null,
    "release_group_title": null,
    "releasegroup_id": null,
    "releasegroupdisambig": null,
    "script": null,
    "style": "electronic",
    "tracks": [
      {
        "album": "ISMVA003.3",
        "arranger": null,
        "artist": "Zebar & Zimo",
        "artist_credit": null,
        "artist_id": "https://ismusberlin.bandcamp.com",
        "artist_sort": null,
        "artists": [
          "Zebar & Zimo"
        ],
        "artists_credit": [],
        "artists_ids": [
          "https://ismusberlin.bandcamp.com"
        ],
        "artists_sort": [],
        "bpm": null,
        "composer": null,
        "composer_sort": null,
        "data_source": "bandcamp",
        "data_url": "https://ismusberlin.bandcamp.com/album/ismva0033",
        "disctitle": null,
        "genre": null,
        "index": 1,
        "initial_key": null,
        "length": 414,
        "lyricist": null,
        "mb_workid": null,
        "media": "Digital Media",
        "medium": 1,
        "medium_index": 1,
        "medium_total": 13,
        "release_track_id": null,
        "title": "Wish Granter (Original Mix)",
        "track_alt": null,
        "track_id": "https://ismusberlin.bandcamp.com/track/zebar-zimo-wish-granter-original-mix",
        "work": null,
        "work_disambig": null
      },
      {
        "album": "ISMVA003.3",
        "arranger": null,
        "artist": "Alpha Tracks",
        "artist_credit": null,
        "artist_id": "https://ismusberlin.bandcamp.com",
        "artist_sort": null,
        "artists": [
          "Alpha Tracks"
        ],
        "artists_credit": [],
        "artists_ids": [
          "https://ismusberlin.bandcamp.com"
        ],
        "artists_sort": [],
        "bpm": null,
        "composer": null,
        "composer_sort": null,
        "data_source": "bandcamp",
        "data_url": "https://ismusberlin.bandcamp.com/album/ismva0033",
        "disctitle": null,
        "genre": null,
        "index": 2,
        "initial_key": null,
        "length": 361,
        "lyricist": null,
        "mb_workid": null,
        "media": "Digital Media",
        "medium": 1,
        "medium_index": 2,
        "medium_total": 13,
        "release_track_id": null,
        "title": "Valimba (Original Mix)",
        "track_alt": null,
        "track_id": "https://ismusberlin.bandcamp.com/track/alpha-tracks-valimba-original-mix",
        "work": null,
        "work_disambig": null
      },
      {
        "album": "ISMVA003.3",
        "arranger": null,
        "artist": "Less Distress",
        "artist_credit": null,
        "artist_id": "https://ismusberlin.bandcamp.com",
        "artist_sort": null,
        "artists": [
          "Less Distress"
        ],
        "artists_credit": [],
        "artists_ids": [
          "https://ismusberlin.bandcamp.com"
        ],
        "artists_sort": [],
        "bpm": null,
        "composer": null,
        "composer_sort": null,
        "data_source": "bandcamp",
        "data_url": "https://ismusberlin.bandcamp.com/album/ismva0033",
        "disctitle": null,
        "genre": null,
        "index": 3,
        "initial_key": null,
        "length": 313,
        "lyricist": null,
        "mb_workid": null,
        "media": "Digital Media",
        "medium": 1,
        "medium_index": 3,
        "medium_total": 13,
        "release_track_id": null,
        "title": "Where's My Arc, Paulie? (Original Mix)",
        "track_alt": null,
        "track_id": "https://ismusberlin.bandcamp.com/track/less-distress-wheres-my-arc-paulie-original-mix",
        "work": null,
        "work_disambig": null
      },
      {
        "album": "ISMVA003.3",
        "arranger": null,
        "artist": "Lucas Martins",
        "artist_credit": null,
        "artist_id": "https://ismusberlin.bandcamp.com",
        "artist_sort": null,
        "artists": [
          "Lucas Martins"
        ],
        "artists_credit": [],
        "artists_ids": [
          "https://ismusberlin.bandcamp.com"
        ],
        "artists_sort": [],
        "bpm": null,
        "composer": null,
        "composer_sort": null,
        "data_source": "bandcamp",
        "data_url": "https://ismusberlin.bandcamp.com/album/ismva0033",
        "disctitle": null,
        "genre": null,
        "index": 4,
        "initial_key": null,
        "length": 388,
        "lyricist": null,
        "mb_workid": null,
        "media": "Digital Media",
        "medium": 1,
        "medium_index": 4,
        "medium_total": 13,
        "release_track_id": null,
        "title": "South (Original Mix)",
        "track_alt": null,
        "track_id": "https://ismusberlin.bandcamp.com/track/lucas-martins-south-original-mix",
        "work": null,
        "work_disambig": null
      },
      {
        "album": "ISMVA003.3",
        "arranger": null,
        "artist": "Pro Athlete",
        "artist_credit": null,
        "artist_id": "https://ismusberlin.bandcamp.com",
        "artist_sort": null,
        "artists": [
          "Pro Athlete"
        ],
        "artists_credit": [],
        "artists_ids": [
          "https://ismusberlin.bandcamp.com"
        ],
        "artists_sort": [],
        "bpm": null,
        "composer": null,
        "composer_sort": null,
        "data_source": "bandcamp",
        "data_url": "https://ismusberlin.bandcamp.com/album/ismva0033",
        "disctitle": null,
        "genre": null,
        "index": 5,
        "initial_key": null,
        "length": 330,
        "lyricist": null,
        "mb_workid": null,
        "media": "Digital Media",
        "medium": 1,
        "medium_index": 5,
        "medium_total": 13,
        "release_track_id": null,
        "title": "Floorcrusher (Original Mix)",
        "track_alt": null,
        "track_id": "https://ismusberlin.bandcamp.com/track/pro-athlete-floorcrusher-original-mix",
        "work": null,
        "work_disambig": null
      },
      {
        "album": "ISMVA003.3",
        "arranger": null,
        "artist": "zwyrg",
        "artist_credit": null,
        "artist_id": "https://ismusberlin.bandcamp.com",
        "artist_sort": null,
        "artists": [
          "zwyrg"
        ],
        "artists_credit": [],
        "artists_ids": [
          "https://ismusberlin.bandcamp.com"
        ],
        "artists_sort": [],
        "bpm": null,
        "composer": null,
        "composer_sort": null,
        "data_source": "bandcamp",
        "data_url": "https://ismusberlin.bandcamp.com/album/ismva0033",
        "disctitle": null,
        "genre": null,
        "index": 6,
        "initial_key": null,
        "length": 426,
        "lyricist": null,
        "mb_workid": null,
        "media": "Digital Media",
        "medium": 1,
        "medium_index": 6,
        "medium_total": 13,
        "release_track_id": null,
        "title": "Point Of No Return (Original Mix)",
        "track_alt": null,
        "track_id": "https://ismusberlin.bandcamp.com/track/zwyrg-point-of-no-return-original-mix",
        "work": null,
        "work_disambig": null
      },
      {
        "album": "ISMVA003.3",
        "arranger": null,
        "artist": "ΣNDYM",
        "artist_credit": null,
        "artist_id": "https://ismusberlin.bandcamp.com",
        "artist_sort": null,
        "artists": [
          "ΣNDYM"
        ],
        "artists_credit": [],
        "artists_ids": [
          "https://ismusberlin.bandcamp.com"
        ],
        "artists_sort": [],
        "bpm": null,
        "composer": null,
        "composer_sort": null,
        "data_source": "bandcamp",
        "data_url": "https://ismusberlin.bandcamp.com/album/ismva0033",
        "disctitle": null,
        "genre": null,
        "index": 7,
        "initial_key": null,
        "length": 414,
        "lyricist": null,
        "mb_workid": null,
        "media": "Digital Media",
        "medium": 1,
        "medium_index": 7,
        "medium_total": 13,
        "release_track_id": null,
        "title": "Succession (Original Mix)",
        "track_alt": null,
        "track_id": "https://ismusberlin.bandcamp.com/track/ndym-succession-original-mix",
        "work": null,
        "work_disambig": null
      },
      {
        "album": "ISMVA003.3",
        "arranger": null,
        "artist": "KLØNE",
        "artist_credit": null,
        "artist_id": "https://ismusberlin.bandcamp.com",
        "artist_sort": null,
        "artists": [
          "KLØNE"
        ],
        "artists_credit": [],
        "artists_ids": [
          "https://ismusberlin.bandcamp.com"
        ],
        "artists_sort": [],
        "bpm": null,
        "composer": null,
        "composer_sort": null,
        "data_source": "bandcamp",
        "data_url": "https://ismusberlin.bandcamp.com/album/ismva0033",
        "disctitle": null,
        "genre": null,
        "index": 8,
        "initial_key": null,
        "length": 390,
        "lyricist": null,
        "mb_workid": null,
        "media": "Digital Media",
        "medium": 1,
        "medium_index": 8,
        "medium_total": 13,
        "release_track_id": null,
        "title": "Woke Up In A Broken World (Original Mix)",
        "track_alt": null,
        "track_id": "https://ismusberlin.bandcamp.com/track/kl-ne-woke-up-in-a-broken-world-original-mix",
        "work": null,
        "work_disambig": null
      },
      {
        "album": "ISMVA003.3",
        "arranger": null,
        "artist": "I.E",
        "artist_credit": null,
        "artist_id": "https://ismusberlin.bandcamp.com",
        "artist_sort": null,
        "artists": [
          "I.E"
        ],
        "artists_credit": [],
        "artists_ids": [
          "https://ismusberlin.bandcamp.com"
        ],
        "artists_sort": [],
        "bpm": null,
        "composer": null,
        "composer_sort": null,
        "data_source": "bandcamp",
        "data_url": "https://ismusberlin.bandcamp.com/album/ismva0033",
        "disctitle": null,
        "genre": null,
        "index": 9,
        "initial_key": null,
        "length": 370,
        "lyricist": null,
        "mb_workid": null,
        "media": "Digital Media",
        "medium": 1,
        "medium_index": 9,
        "medium_total": 13,
        "release_track_id": null,
        "title": "Diva Plavalaguna (Original Mix)",
        "track_alt": null,
        "track_id": "https://ismusberlin.bandcamp.com/track/i-e-diva-plavalaguna-original-mix",
        "work": null,
        "work_disambig": null
      },
      {
        "album": "ISMVA003.3",
        "arranger": null,
        "artist": "DJ G2G",
        "artist_credit": null,
        "artist_id": "https://ismusberlin.bandcamp.com",
        "artist_sort": null,
        "artists": [
          "DJ G2G"
        ],
        "artists_credit": [],
        "artists_ids": [
          "https://ismusberlin.bandcamp.com"
        ],
        "artists_sort": [],
        "bpm": null,
        "composer": null,
        "composer_sort": null,
        "data_source": "bandcamp",
        "data_url": "https://ismusberlin.bandcamp.com/album/ismva0033",
        "disctitle": null,
        "genre": null,
        "index": 10,
        "initial_key": null,
        "length": 374,
        "lyricist": null,
        "mb_workid": null,
        "media": "Digital Media",
        "medium": 1,
        "medium_index": 10,
        "medium_total": 13,
        "release_track_id": null,
        "title": "Darkbreak Escape (Original Mix)",
        "track_alt": null,
        "track_id": "https://ismusberlin.bandcamp.com/track/dj-g2g-darkbreak-escape-original-mix",
        "work": null,
        "work_disambig": null
      },
      {
        "album": "ISMVA003.3",
        "arranger": null,
        "artist": "Mr. Free",
        "artist_credit": null,
        "artist_id": "https://ismusberlin.bandcamp.com",
        "artist_sort": null,
        "artists": [
          "Mr. Free"
        ],
        "artists_credit": [],
        "artists_ids": [
          "https://ismusberlin.bandcamp.com"
        ],
        "artists_sort": [],
        "bpm": null,
        "composer": null,
        "composer_sort": null,
        "data_source": "bandcamp",
        "data_url": "https://ismusberlin.bandcamp.com/album/ismva0033",
        "disctitle": null,
        "genre": null,
        "index": 11,
        "initial_key": null,
        "length": 344,
        "lyricist": null,
        "mb_workid": null,
        "media": "Digital Media",
        "medium": 1,
        "medium_index": 11,
        "medium_total": 13,
        "release_track_id": null,
        "title": "The 4th Room (Original Mix)",
        "track_alt": null,
        "track_id": "https://ismusberlin.bandcamp.com/track/mr-free-the-4th-room-original-mix",
        "work": null,
        "work_disambig": null
      },
      {
        "album": "ISMVA003.3",
        "arranger": null,
        "artist": "ABEM",
        "artist_credit": null,
        "artist_id": "https://ismusberlin.bandcamp.com",
        "artist_sort": null,
        "artists": [
          "ABEM"
        ],
        "artists_credit": [],
        "artists_ids": [
          "https://ismusberlin.bandcamp.com"
        ],
        "artists_sort": [],
        "bpm": null,
        "composer": null,
        "composer_sort": null,
        "data_source": "bandcamp",
        "data_url": "https://ismusberlin.bandcamp.com/album/ismva0033",
        "disctitle": null,
        "genre": null,
        "index": 12,
        "initial_key": null,
        "length": 465,
        "lyricist": null,
        "mb_workid": null,
        "media": "Digital Media",
        "medium": 1,
        "medium_index": 12,
        "medium_total": 13,
        "release_track_id": null,
        "title": "Black Powder (Original Mix)",
        "track_alt": null,
        "track_id": "https://ismusberlin.bandcamp.com/track/abem-black-powder-original-mix",
        "work": null,
        "work_disambig": null
      },
      {
        "album": "ISMVA003.3",
        "arranger": null,
        "artist": "DJ Reiz",
        "artist_credit": null,
        "artist_id": "https://ismusberlin.bandcamp.com",
        "artist_sort": null,
        "artists": [
          "DJ Reiz"
        ],
        "artists_credit": [],
        "artists_ids": [
          "https://ismusberlin.bandcamp.com"
        ],
        "artists_sort": [],
        "bpm": null,
        "composer": null,
        "composer_sort": null,
        "data_source": "bandcamp",
        "data_url": "https://ismusberlin.bandcamp.com/album/ismva0033",
        "disctitle": null,
        "genre": null,
        "index": 13,
        "initial_key": null,
        "length": 408,
        "lyricist": null,
        "mb_workid": null,
        "media": "Digital Media",
        "medium": 1,
        "medium_index": 13,
        "medium_total": 13,
        "release_track_id": null,
        "title": "Plan 9 From Outer Space (Original Mix)",
        "track_alt": null,
        "track_id": "https://ismusberlin.bandcamp.com/track/dj-reiz-plan-9-from-outer-space-original-mix",
        "work": null,
        "work_disambig": null
      }
    ],
    "va": true,
    "year": 2020
  }
]
