[
  {
    "album": "Icosahedrone",
    "album_id": "https://diffusereality.bandcamp.com/album/francois-dillinger-icosahedrone-lp",
    "albumdisambig": null,
    "albumstatus": "Official",
    "albumtype": "album",
    "albumtypes": "album; lp",
    "artist": "Francois Dillinger",
    "artist_credit": null,
    "artist_id": "https://diffusereality.bandcamp.com",
    "artist_sort": null,
    "asin": null,
    "catalognum": "",
    "comments": null,
    "country": "PT",
    "data_source": "bandcamp",
    "data_url": "https://diffusereality.bandcamp.com/album/francois-dillinger-icosahedrone-lp",
    "day": 5,
    "discogs_albumid": null,
    "discogs_artistid": null,
    "discogs_labelid": null,
    "genre": "ambient, electro, minimal, rave, techno",
    "label": "Diffuse Reality",
    "language": null,
    "media": "Digital Media",
    "mediums": 1,
    "month": 5,
    "original_day": null,
    "original_month": null,
    "original_year": null,
    "releasegroup_id": null,
    "releasegroupdisambig": null,
    "script": null,
    "style": "electronic",
    "tracks": [
      {
        "arranger": null,
        "artist": "Francois Dillinger",
        "artist_credit": null,
        "artist_id": "https://diffusereality.bandcamp.com",
        "artist_sort": null,
        "bpm": null,
        "composer": null,
        "composer_sort": null,
        "data_source": "bandcamp",
        "data_url": "https://diffusereality.bandcamp.com/album/francois-dillinger-icosahedrone-lp",
        "disctitle": null,
        "genre": null,
        "index": 1,
        "initial_key": null,
        "length": 376,
        "lyricist": null,
        "mb_workid": null,
        "media": "Digital Media",
        "medium": 1,
        "medium_index": 1,
        "medium_total": 10,
        "release_track_id": null,
        "title": "Count To Infinity",
        "track_alt": null,
        "track_id": "https://diffusereality.bandcamp.com/track/count-to-infinity",
        "work": null,
        "work_disambig": null
      },
      {
        "arranger": null,
        "artist": "Francois Dillinger",
        "artist_credit": null,
        "artist_id": "https://diffusereality.bandcamp.com",
        "artist_sort": null,
        "bpm": null,
        "composer": null,
        "composer_sort": null,
        "data_source": "bandcamp",
        "data_url": "https://diffusereality.bandcamp.com/album/francois-dillinger-icosahedrone-lp",
        "disctitle": null,
        "genre": null,
        "index": 2,
        "initial_key": null,
        "length": 347,
        "lyricist": null,
        "mb_workid": null,
        "media": "Digital Media",
        "medium": 1,
        "medium_index": 2,
        "medium_total": 10,
        "release_track_id": null,
        "title": "Navigating The Swamp",
        "track_alt": null,
        "track_id": "https://diffusereality.bandcamp.com/track/navigating-the-swamp-2",
        "work": null,
        "work_disambig": null
      },
      {
        "arranger": null,
        "artist": "Francois Dillinger",
        "artist_credit": null,
        "artist_id": "https://diffusereality.bandcamp.com",
        "artist_sort": null,
        "bpm": null,
        "composer": null,
        "composer_sort": null,
        "data_source": "bandcamp",
        "data_url": "https://diffusereality.bandcamp.com/album/francois-dillinger-icosahedrone-lp",
        "disctitle": null,
        "genre": null,
        "index": 3,
        "initial_key": null,
        "length": 320,
        "lyricist": null,
        "mb_workid": null,
        "media": "Digital Media",
        "medium": 1,
        "medium_index": 3,
        "medium_total": 10,
        "release_track_id": null,
        "title": "Sit And Wait",
        "track_alt": null,
        "track_id": "https://diffusereality.bandcamp.com/track/sit-and-wait-2",
        "work": null,
        "work_disambig": null
      },
      {
        "arranger": null,
        "artist": "Francois Dillinger",
        "artist_credit": null,
        "artist_id": "https://diffusereality.bandcamp.com",
        "artist_sort": null,
        "bpm": null,
        "composer": null,
        "composer_sort": null,
        "data_source": "bandcamp",
        "data_url": "https://diffusereality.bandcamp.com/album/francois-dillinger-icosahedrone-lp",
        "disctitle": null,
        "genre": null,
        "index": 4,
        "initial_key": null,
        "length": 341,
        "lyricist": null,
        "mb_workid": null,
        "media": "Digital Media",
        "medium": 1,
        "medium_index": 4,
        "medium_total": 10,
        "release_track_id": null,
        "title": "The Cup Runneth Over",
        "track_alt": null,
        "track_id": "https://diffusereality.bandcamp.com/track/the-cup-runneth-over",
        "work": null,
        "work_disambig": null
      },
      {
        "arranger": null,
        "artist": "Francois Dillinger",
        "artist_credit": null,
        "artist_id": "https://diffusereality.bandcamp.com",
        "artist_sort": null,
        "bpm": null,
        "composer": null,
        "composer_sort": null,
        "data_source": "bandcamp",
        "data_url": "https://diffusereality.bandcamp.com/album/francois-dillinger-icosahedrone-lp",
        "disctitle": null,
        "genre": null,
        "index": 5,
        "initial_key": null,
        "length": 335,
        "lyricist": null,
        "mb_workid": null,
        "media": "Digital Media",
        "medium": 1,
        "medium_index": 5,
        "medium_total": 10,
        "release_track_id": null,
        "title": "Clockroaches",
        "track_alt": null,
        "track_id": "https://diffusereality.bandcamp.com/track/clockroaches",
        "work": null,
        "work_disambig": null
      },
      {
        "arranger": null,
        "artist": "Francois Dillinger",
        "artist_credit": null,
        "artist_id": "https://diffusereality.bandcamp.com",
        "artist_sort": null,
        "bpm": null,
        "composer": null,
        "composer_sort": null,
        "data_source": "bandcamp",
        "data_url": "https://diffusereality.bandcamp.com/album/francois-dillinger-icosahedrone-lp",
        "disctitle": null,
        "genre": null,
        "index": 6,
        "initial_key": null,
        "length": 378,
        "lyricist": null,
        "mb_workid": null,
        "media": "Digital Media",
        "medium": 1,
        "medium_index": 6,
        "medium_total": 10,
        "release_track_id": null,
        "title": "Ego Purge",
        "track_alt": null,
        "track_id": "https://diffusereality.bandcamp.com/track/ego-purge",
        "work": null,
        "work_disambig": null
      },
      {
        "arranger": null,
        "artist": "Francois Dillinger",
        "artist_credit": null,
        "artist_id": "https://diffusereality.bandcamp.com",
        "artist_sort": null,
        "bpm": null,
        "composer": null,
        "composer_sort": null,
        "data_source": "bandcamp",
        "data_url": "https://diffusereality.bandcamp.com/album/francois-dillinger-icosahedrone-lp",
        "disctitle": null,
        "genre": null,
        "index": 7,
        "initial_key": null,
        "length": 432,
        "lyricist": null,
        "mb_workid": null,
        "media": "Digital Media",
        "medium": 1,
        "medium_index": 7,
        "medium_total": 10,
        "release_track_id": null,
        "title": "Giving In",
        "track_alt": null,
        "track_id": "https://diffusereality.bandcamp.com/track/giving-in",
        "work": null,
        "work_disambig": null
      },
      {
        "arranger": null,
        "artist": "Francois Dillinger",
        "artist_credit": null,
        "artist_id": "https://diffusereality.bandcamp.com",
        "artist_sort": null,
        "bpm": null,
        "composer": null,
        "composer_sort": null,
        "data_source": "bandcamp",
        "data_url": "https://diffusereality.bandcamp.com/album/francois-dillinger-icosahedrone-lp",
        "disctitle": null,
        "genre": null,
        "index": 8,
        "initial_key": null,
        "length": 353,
        "lyricist": null,
        "mb_workid": null,
        "media": "Digital Media",
        "medium": 1,
        "medium_index": 8,
        "medium_total": 10,
        "release_track_id": null,
        "title": "Ending Endlessly",
        "track_alt": null,
        "track_id": "https://diffusereality.bandcamp.com/track/ending-endlessly",
        "work": null,
        "work_disambig": null
      },
      {
        "arranger": null,
        "artist": "Francois Dillinger",
        "artist_credit": null,
        "artist_id": "https://diffusereality.bandcamp.com",
        "artist_sort": null,
        "bpm": null,
        "composer": null,
        "composer_sort": null,
        "data_source": "bandcamp",
        "data_url": "https://diffusereality.bandcamp.com/album/francois-dillinger-icosahedrone-lp",
        "disctitle": null,
        "genre": null,
        "index": 9,
        "initial_key": null,
        "length": 320,
        "lyricist": null,
        "mb_workid": null,
        "media": "Digital Media",
        "medium": 1,
        "medium_index": 9,
        "medium_total": 10,
        "release_track_id": null,
        "title": "Sing The Pain Away",
        "track_alt": null,
        "track_id": "https://diffusereality.bandcamp.com/track/sing-the-pain-away",
        "work": null,
        "work_disambig": null
      },
      {
        "arranger": null,
        "artist": "Francois Dillinger",
        "artist_credit": null,
        "artist_id": "https://diffusereality.bandcamp.com",
        "artist_sort": null,
        "bpm": null,
        "composer": null,
        "composer_sort": null,
        "data_source": "bandcamp",
        "data_url": "https://diffusereality.bandcamp.com/album/francois-dillinger-icosahedrone-lp",
        "disctitle": null,
        "genre": null,
        "index": 10,
        "initial_key": null,
        "length": 442,
        "lyricist": null,
        "mb_workid": null,
        "media": "Digital Media",
        "medium": 1,
        "medium_index": 10,
        "medium_total": 10,
        "release_track_id": null,
        "title": "Dream Thief",
        "track_alt": null,
        "track_id": "https://diffusereality.bandcamp.com/track/dream-thief",
        "work": null,
        "work_disambig": null
      }
    ],
    "va": false,
    "year": 2021
  },
  {
    "album": "Icosahedrone",
    "album_id": "https://diffusereality.bandcamp.com/album/francois-dillinger-icosahedrone-lp#p663837865",
    "albumdisambig": null,
    "albumstatus": "Official",
    "albumtype": "album",
    "albumtypes": "album; lp",
    "artist": "Francois Dillinger",
    "artist_credit": null,
    "artist_id": "https://diffusereality.bandcamp.com",
    "artist_sort": null,
    "asin": null,
    "catalognum": "DREA 005",
    "comments": "Artist: Francois Dillinger\nTitle: Icosahedrone\nFormat: Vinyl, 12\" & CD\nLabel: Diffuse Reality\nCatalogue: DREA 005\n\nVinyl → bit.ly/3cUflzb\nVinyl orders include two Diffuse Reality stickers and digital downloads of the full release.\n\n誠 Makoto - Honesty, absolute sincerity.\nFSC certified Bamboo wood USB flash drive.\nThis means that the wood from which this USB memory is made comes from sustainable forests and is respectful with the environment.\n4GB capacity.\nBlack screen printing. \nwww.diffusereality.net",
    "country": "PT",
    "data_source": "bandcamp",
    "data_url": "https://diffusereality.bandcamp.com/album/francois-dillinger-icosahedrone-lp",
    "day": 5,
    "discogs_albumid": null,
    "discogs_artistid": null,
    "discogs_labelid": null,
    "genre": "ambient, electro, minimal, rave, techno",
    "label": "Diffuse Reality",
    "language": null,
    "media": "Digital Media",
    "mediums": 1,
    "month": 5,
    "original_day": null,
    "original_month": null,
    "original_year": null,
    "releasegroup_id": null,
    "releasegroupdisambig": null,
    "script": null,
    "style": "electronic",
    "tracks": [
      {
        "arranger": null,
        "artist": "Francois Dillinger",
        "artist_credit": null,
        "artist_id": "https://diffusereality.bandcamp.com",
        "artist_sort": null,
        "bpm": null,
        "composer": null,
        "composer_sort": null,
        "data_source": "bandcamp",
        "data_url": "https://diffusereality.bandcamp.com/album/francois-dillinger-icosahedrone-lp",
        "disctitle": null,
        "genre": null,
        "index": 1,
        "initial_key": null,
        "length": 376,
        "lyricist": null,
        "mb_workid": null,
        "media": "Digital Media",
        "medium": 1,
        "medium_index": 1,
        "medium_total": 10,
        "release_track_id": null,
        "title": "Count To Infinity",
        "track_alt": null,
        "track_id": "https://diffusereality.bandcamp.com/track/count-to-infinity",
        "work": null,
        "work_disambig": null
      },
      {
        "arranger": null,
        "artist": "Francois Dillinger",
        "artist_credit": null,
        "artist_id": "https://diffusereality.bandcamp.com",
        "artist_sort": null,
        "bpm": null,
        "composer": null,
        "composer_sort": null,
        "data_source": "bandcamp",
        "data_url": "https://diffusereality.bandcamp.com/album/francois-dillinger-icosahedrone-lp",
        "disctitle": null,
        "genre": null,
        "index": 2,
        "initial_key": null,
        "length": 347,
        "lyricist": null,
        "mb_workid": null,
        "media": "Digital Media",
        "medium": 1,
        "medium_index": 2,
        "medium_total": 10,
        "release_track_id": null,
        "title": "Navigating The Swamp",
        "track_alt": null,
        "track_id": "https://diffusereality.bandcamp.com/track/navigating-the-swamp-2",
        "work": null,
        "work_disambig": null
      },
      {
        "arranger": null,
        "artist": "Francois Dillinger",
        "artist_credit": null,
        "artist_id": "https://diffusereality.bandcamp.com",
        "artist_sort": null,
        "bpm": null,
        "composer": null,
        "composer_sort": null,
        "data_source": "bandcamp",
        "data_url": "https://diffusereality.bandcamp.com/album/francois-dillinger-icosahedrone-lp",
        "disctitle": null,
        "genre": null,
        "index": 3,
        "initial_key": null,
        "length": 320,
        "lyricist": null,
        "mb_workid": null,
        "media": "Digital Media",
        "medium": 1,
        "medium_index": 3,
        "medium_total": 10,
        "release_track_id": null,
        "title": "Sit And Wait",
        "track_alt": null,
        "track_id": "https://diffusereality.bandcamp.com/track/sit-and-wait-2",
        "work": null,
        "work_disambig": null
      },
      {
        "arranger": null,
        "artist": "Francois Dillinger",
        "artist_credit": null,
        "artist_id": "https://diffusereality.bandcamp.com",
        "artist_sort": null,
        "bpm": null,
        "composer": null,
        "composer_sort": null,
        "data_source": "bandcamp",
        "data_url": "https://diffusereality.bandcamp.com/album/francois-dillinger-icosahedrone-lp",
        "disctitle": null,
        "genre": null,
        "index": 4,
        "initial_key": null,
        "length": 341,
        "lyricist": null,
        "mb_workid": null,
        "media": "Digital Media",
        "medium": 1,
        "medium_index": 4,
        "medium_total": 10,
        "release_track_id": null,
        "title": "The Cup Runneth Over",
        "track_alt": null,
        "track_id": "https://diffusereality.bandcamp.com/track/the-cup-runneth-over",
        "work": null,
        "work_disambig": null
      },
      {
        "arranger": null,
        "artist": "Francois Dillinger",
        "artist_credit": null,
        "artist_id": "https://diffusereality.bandcamp.com",
        "artist_sort": null,
        "bpm": null,
        "composer": null,
        "composer_sort": null,
        "data_source": "bandcamp",
        "data_url": "https://diffusereality.bandcamp.com/album/francois-dillinger-icosahedrone-lp",
        "disctitle": null,
        "genre": null,
        "index": 5,
        "initial_key": null,
        "length": 335,
        "lyricist": null,
        "mb_workid": null,
        "media": "Digital Media",
        "medium": 1,
        "medium_index": 5,
        "medium_total": 10,
        "release_track_id": null,
        "title": "Clockroaches",
        "track_alt": null,
        "track_id": "https://diffusereality.bandcamp.com/track/clockroaches",
        "work": null,
        "work_disambig": null
      },
      {
        "arranger": null,
        "artist": "Francois Dillinger",
        "artist_credit": null,
        "artist_id": "https://diffusereality.bandcamp.com",
        "artist_sort": null,
        "bpm": null,
        "composer": null,
        "composer_sort": null,
        "data_source": "bandcamp",
        "data_url": "https://diffusereality.bandcamp.com/album/francois-dillinger-icosahedrone-lp",
        "disctitle": null,
        "genre": null,
        "index": 6,
        "initial_key": null,
        "length": 378,
        "lyricist": null,
        "mb_workid": null,
        "media": "Digital Media",
        "medium": 1,
        "medium_index": 6,
        "medium_total": 10,
        "release_track_id": null,
        "title": "Ego Purge",
        "track_alt": null,
        "track_id": "https://diffusereality.bandcamp.com/track/ego-purge",
        "work": null,
        "work_disambig": null
      },
      {
        "arranger": null,
        "artist": "Francois Dillinger",
        "artist_credit": null,
        "artist_id": "https://diffusereality.bandcamp.com",
        "artist_sort": null,
        "bpm": null,
        "composer": null,
        "composer_sort": null,
        "data_source": "bandcamp",
        "data_url": "https://diffusereality.bandcamp.com/album/francois-dillinger-icosahedrone-lp",
        "disctitle": null,
        "genre": null,
        "index": 7,
        "initial_key": null,
        "length": 432,
        "lyricist": null,
        "mb_workid": null,
        "media": "Digital Media",
        "medium": 1,
        "medium_index": 7,
        "medium_total": 10,
        "release_track_id": null,
        "title": "Giving In",
        "track_alt": null,
        "track_id": "https://diffusereality.bandcamp.com/track/giving-in",
        "work": null,
        "work_disambig": null
      },
      {
        "arranger": null,
        "artist": "Francois Dillinger",
        "artist_credit": null,
        "artist_id": "https://diffusereality.bandcamp.com",
        "artist_sort": null,
        "bpm": null,
        "composer": null,
        "composer_sort": null,
        "data_source": "bandcamp",
        "data_url": "https://diffusereality.bandcamp.com/album/francois-dillinger-icosahedrone-lp",
        "disctitle": null,
        "genre": null,
        "index": 8,
        "initial_key": null,
        "length": 353,
        "lyricist": null,
        "mb_workid": null,
        "media": "Digital Media",
        "medium": 1,
        "medium_index": 8,
        "medium_total": 10,
        "release_track_id": null,
        "title": "Ending Endlessly",
        "track_alt": null,
        "track_id": "https://diffusereality.bandcamp.com/track/ending-endlessly",
        "work": null,
        "work_disambig": null
      },
      {
        "arranger": null,
        "artist": "Francois Dillinger",
        "artist_credit": null,
        "artist_id": "https://diffusereality.bandcamp.com",
        "artist_sort": null,
        "bpm": null,
        "composer": null,
        "composer_sort": null,
        "data_source": "bandcamp",
        "data_url": "https://diffusereality.bandcamp.com/album/francois-dillinger-icosahedrone-lp",
        "disctitle": null,
        "genre": null,
        "index": 9,
        "initial_key": null,
        "length": 320,
        "lyricist": null,
        "mb_workid": null,
        "media": "Digital Media",
        "medium": 1,
        "medium_index": 9,
        "medium_total": 10,
        "release_track_id": null,
        "title": "Sing The Pain Away",
        "track_alt": null,
        "track_id": "https://diffusereality.bandcamp.com/track/sing-the-pain-away",
        "work": null,
        "work_disambig": null
      },
      {
        "arranger": null,
        "artist": "Francois Dillinger",
        "artist_credit": null,
        "artist_id": "https://diffusereality.bandcamp.com",
        "artist_sort": null,
        "bpm": null,
        "composer": null,
        "composer_sort": null,
        "data_source": "bandcamp",
        "data_url": "https://diffusereality.bandcamp.com/album/francois-dillinger-icosahedrone-lp",
        "disctitle": null,
        "genre": null,
        "index": 10,
        "initial_key": null,
        "length": 442,
        "lyricist": null,
        "mb_workid": null,
        "media": "Digital Media",
        "medium": 1,
        "medium_index": 10,
        "medium_total": 10,
        "release_track_id": null,
        "title": "Dream Thief",
        "track_alt": null,
        "track_id": "https://diffusereality.bandcamp.com/track/dream-thief",
        "work": null,
        "work_disambig": null
      }
    ],
    "va": false,
    "year": 2021
  }
]
