[
  {
    "album": "Less Weird Parallel Universe - Nearly 20 Years of Erikoisdance",
    "album_id": "https://newyorkhaunted.bandcamp.com/album/nyh244-less-weird-parallel-universe-nearly-20-years-of-erikoisdance",
    "albumdisambig": null,
    "albumstatus": "Official",
    "albumtype": "compilation",
    "albumtypes": [
      "album",
      "compilation"
    ],
    "artist": "Various Artists",
    "artist_credit": null,
    "artist_id": "https://newyorkhaunted.bandcamp.com",
    "artist_sort": null,
    "artists": [
      "Various Artists"
    ],
    "artists_credit": [],
    "artists_ids": [
      "https://newyorkhaunted.bandcamp.com"
    ],
    "artists_sort": [],
    "asin": null,
    "barcode": null,
    "catalognum": "NYH244",
    "comments": "I met Tom of Eikoismies a good 20 years ago, back when we were both running small labels, focused on electro mostly. We exchanged tracks and stickers and stayed in touch, lost touch and got back in touch. For our followers, it'll hardly be a surprise to hear I am a big fan of his label Erikoisdance, which has been running for 20 years. \n\nIts a real honor to be able to make a selection of tracks of this CDR-only label available digitally. Especially because they have been releasing really top notch experimental electronics and techno in a very limited way. The old-school way, of burning cdr's and hand drawing on them and sending them to fans all over the world. This has kept them very autonomous in their releases and style of music. But man.. it's just too good to not share with the rest of the world via ze webbzz.\n\nI hope you enjoy this selection and I hope you check out Erikoisdance and order one of their timeless. kvlt, trve techno artifacts.\n\nKeep polycarbonate alive!\nhttp://mustakirahvi.net/erikoisdance/\n---\nLess Weird Parallel Universe\nNearly 20 Years of Erikoisdance\nAll tracks previously released on CDR.\ncompiled by Tom & Vince\n\n1) Track 3 \nMallisto\nLive at Mannerheimintie 100 B 48, 31.12.1998 (Erikoisdance 19, 2014)\n\n2) Music for Dealers \nTwisted Krister\nRingbahn (Erikoisdance 14, 2010)\n\n3) _ _ _ \nErikoismies\nSIMO Tracks (Erikoisdance 15, 2012)\n\n4) Mind Freak\nChris Angel\nDiabolus in Musica (Erikoisdance 8, 2008)\n\n5) New Age Home Recording I \nMr. Yakamoto\nNew Age Home Recordings (Erikoisdance 10, 2008)\n\n6) Puujumala \nNon-baryonic Form\nStereo Balance in The Phythm Part (Erikoisdance 7, 2008)\n\n7) Flogiston (ODJ Harri Keys of Life House Music Edit) \nOmni Gideon (edit by ODJ Harri)\nSähkölasku (Erikoisdance 11, 2008)\n\n8) Schweinfurt Green\nPoly-T\nComplete Works (Erikoisdance 6, 2007)\n \n9) Laulu numero 1\nMallisto\nJuhannus 3008 (Erikoisdance 13, 2009)\n\n10) Nitrogen Glaciers\nNon-baryonic Form\nSpatial Guest (Erikoisdance 20, 2016)\n\n11) CDR Track VI\nErikoismies\nCDR Tracks (Erikoisdance 9, 2008)\n\n12) Moskstraumen\nDie Todesmaschine \nMoskstraumen (Erikoisdance 12, 2009)\n\n13) MN-50\nSauce & Cop\nJonkun on ymmärrettävä mitä tehdään (Erikoisdance 16, 2013)\n\n14) TSIMPLNO\nTreepio\nTransistor Amnesia (Erikoisdance 38, 2019)\n\n15) CDR Track I\nErikoismies\nCDR Tracks (Erikoisdance 9, 2008)\n\n16) CB Skull \nNon-baryonic Form\nStereo Balance in The Phythm Part (Erikoisdance 7, 2008)\n\n17) Ytterbium 13\nOmni Gideon\nSähkölasku (Erikoisdance 11, 2008)\n\n18) Quartz Crisis\nSauce & Cop\n[Untitled Split CDR] (Erikoisdance 21, 2015)",
    "country": "NL",
    "cover_art_url": "https://f4.bcbits.com/img/a2614409477_10.jpg",
    "data_source": "bandcamp",
    "data_url": "https://newyorkhaunted.bandcamp.com/album/nyh244-less-weird-parallel-universe-nearly-20-years-of-erikoisdance",
    "day": 3,
    "discogs_albumid": null,
    "discogs_artistid": null,
    "discogs_labelid": null,
    "genre": "experimental electronic, experimental techno",
    "label": "New York Haunted",
    "language": null,
    "media": "Digital Media",
    "mediums": 1,
    "month": 9,
    "original_day": 3,
    "original_month": 9,
    "original_year": 2021,
    "release_group_title": null,
    "releasegroup_id": null,
    "releasegroupdisambig": null,
    "script": null,
    "style": "electronic",
    "tracks": [
      {
        "album": "Less Weird Parallel Universe - Nearly 20 Years of Erikoisdance",
        "arranger": null,
        "artist": "Mallisto",
        "artist_credit": null,
        "artist_id": "https://newyorkhaunted.bandcamp.com",
        "artist_sort": null,
        "artists": [
          "Mallisto"
        ],
        "artists_credit": [],
        "artists_ids": [
          "https://newyorkhaunted.bandcamp.com"
        ],
        "artists_sort": [],
        "bpm": null,
        "composer": null,
        "composer_sort": null,
        "data_source": "bandcamp",
        "data_url": "https://newyorkhaunted.bandcamp.com/album/nyh244-less-weird-parallel-universe-nearly-20-years-of-erikoisdance",
        "disctitle": null,
        "genre": null,
        "index": 1,
        "initial_key": null,
        "length": 205,
        "lyricist": null,
        "mb_workid": null,
        "media": "Digital Media",
        "medium": 1,
        "medium_index": 1,
        "medium_total": 18,
        "release_track_id": null,
        "title": "Track 3",
        "track_alt": null,
        "track_id": "https://newyorkhaunted.bandcamp.com/track/nyh244-01-mallisto-track-3",
        "work": null,
        "work_disambig": null
      },
      {
        "album": "Less Weird Parallel Universe - Nearly 20 Years of Erikoisdance",
        "arranger": null,
        "artist": "Twisted Krister",
        "artist_credit": null,
        "artist_id": "https://newyorkhaunted.bandcamp.com",
        "artist_sort": null,
        "artists": [
          "Twisted Krister"
        ],
        "artists_credit": [],
        "artists_ids": [
          "https://newyorkhaunted.bandcamp.com"
        ],
        "artists_sort": [],
        "bpm": null,
        "composer": null,
        "composer_sort": null,
        "data_source": "bandcamp",
        "data_url": "https://newyorkhaunted.bandcamp.com/album/nyh244-less-weird-parallel-universe-nearly-20-years-of-erikoisdance",
        "disctitle": null,
        "genre": null,
        "index": 2,
        "initial_key": null,
        "length": 224,
        "lyricist": null,
        "mb_workid": null,
        "media": "Digital Media",
        "medium": 1,
        "medium_index": 2,
        "medium_total": 18,
        "release_track_id": null,
        "title": "Music For Dealers",
        "track_alt": null,
        "track_id": "https://newyorkhaunted.bandcamp.com/track/nyh244-02-twisted-krister-music-for-dealers",
        "work": null,
        "work_disambig": null
      },
      {
        "album": "Less Weird Parallel Universe - Nearly 20 Years of Erikoisdance",
        "arranger": null,
        "artist": "Erikoismies",
        "artist_credit": null,
        "artist_id": "https://newyorkhaunted.bandcamp.com",
        "artist_sort": null,
        "artists": [
          "Erikoismies"
        ],
        "artists_credit": [],
        "artists_ids": [
          "https://newyorkhaunted.bandcamp.com"
        ],
        "artists_sort": [],
        "bpm": null,
        "composer": null,
        "composer_sort": null,
        "data_source": "bandcamp",
        "data_url": "https://newyorkhaunted.bandcamp.com/album/nyh244-less-weird-parallel-universe-nearly-20-years-of-erikoisdance",
        "disctitle": null,
        "genre": null,
        "index": 3,
        "initial_key": null,
        "length": 134,
        "lyricist": null,
        "mb_workid": null,
        "media": "Digital Media",
        "medium": 1,
        "medium_index": 3,
        "medium_total": 18,
        "release_track_id": null,
        "title": "_ _ _",
        "track_alt": null,
        "track_id": "https://newyorkhaunted.bandcamp.com/track/nyh244-03-erikoismies",
        "work": null,
        "work_disambig": null
      },
      {
        "album": "Less Weird Parallel Universe - Nearly 20 Years of Erikoisdance",
        "arranger": null,
        "artist": "Chris Angel",
        "artist_credit": null,
        "artist_id": "https://newyorkhaunted.bandcamp.com",
        "artist_sort": null,
        "artists": [
          "Chris Angel"
        ],
        "artists_credit": [],
        "artists_ids": [
          "https://newyorkhaunted.bandcamp.com"
        ],
        "artists_sort": [],
        "bpm": null,
        "composer": null,
        "composer_sort": null,
        "data_source": "bandcamp",
        "data_url": "https://newyorkhaunted.bandcamp.com/album/nyh244-less-weird-parallel-universe-nearly-20-years-of-erikoisdance",
        "disctitle": null,
        "genre": null,
        "index": 4,
        "initial_key": null,
        "length": 280,
        "lyricist": null,
        "mb_workid": null,
        "media": "Digital Media",
        "medium": 1,
        "medium_index": 4,
        "medium_total": 18,
        "release_track_id": null,
        "title": "Mind Freak",
        "track_alt": null,
        "track_id": "https://newyorkhaunted.bandcamp.com/track/nyh244-04-chris-angel-mind-freak",
        "work": null,
        "work_disambig": null
      },
      {
        "album": "Less Weird Parallel Universe - Nearly 20 Years of Erikoisdance",
        "arranger": null,
        "artist": "Mr. Yakamoto",
        "artist_credit": null,
        "artist_id": "https://newyorkhaunted.bandcamp.com",
        "artist_sort": null,
        "artists": [
          "Mr. Yakamoto"
        ],
        "artists_credit": [],
        "artists_ids": [
          "https://newyorkhaunted.bandcamp.com"
        ],
        "artists_sort": [],
        "bpm": null,
        "composer": null,
        "composer_sort": null,
        "data_source": "bandcamp",
        "data_url": "https://newyorkhaunted.bandcamp.com/album/nyh244-less-weird-parallel-universe-nearly-20-years-of-erikoisdance",
        "disctitle": null,
        "genre": null,
        "index": 5,
        "initial_key": null,
        "length": 435,
        "lyricist": null,
        "mb_workid": null,
        "media": "Digital Media",
        "medium": 1,
        "medium_index": 5,
        "medium_total": 18,
        "release_track_id": null,
        "title": "New Age Home Recording",
        "track_alt": null,
        "track_id": "https://newyorkhaunted.bandcamp.com/track/nyh244-05-mr-yakamoto-new-age-home-recording",
        "work": null,
        "work_disambig": null
      },
      {
        "album": "Less Weird Parallel Universe - Nearly 20 Years of Erikoisdance",
        "arranger": null,
        "artist": "Non-baryonic Form",
        "artist_credit": null,
        "artist_id": "https://newyorkhaunted.bandcamp.com",
        "artist_sort": null,
        "artists": [
          "Non-baryonic Form"
        ],
        "artists_credit": [],
        "artists_ids": [
          "https://newyorkhaunted.bandcamp.com"
        ],
        "artists_sort": [],
        "bpm": null,
        "composer": null,
        "composer_sort": null,
        "data_source": "bandcamp",
        "data_url": "https://newyorkhaunted.bandcamp.com/album/nyh244-less-weird-parallel-universe-nearly-20-years-of-erikoisdance",
        "disctitle": null,
        "genre": null,
        "index": 6,
        "initial_key": null,
        "length": 92,
        "lyricist": null,
        "mb_workid": null,
        "media": "Digital Media",
        "medium": 1,
        "medium_index": 6,
        "medium_total": 18,
        "release_track_id": null,
        "title": "Puujumala",
        "track_alt": null,
        "track_id": "https://newyorkhaunted.bandcamp.com/track/nyh244-06-non-baryonic-form-puujumala",
        "work": null,
        "work_disambig": null
      },
      {
        "album": "Less Weird Parallel Universe - Nearly 20 Years of Erikoisdance",
        "arranger": null,
        "artist": "Omni Gideon",
        "artist_credit": null,
        "artist_id": "https://newyorkhaunted.bandcamp.com",
        "artist_sort": null,
        "artists": [
          "Omni Gideon"
        ],
        "artists_credit": [],
        "artists_ids": [
          "https://newyorkhaunted.bandcamp.com"
        ],
        "artists_sort": [],
        "bpm": null,
        "composer": null,
        "composer_sort": null,
        "data_source": "bandcamp",
        "data_url": "https://newyorkhaunted.bandcamp.com/album/nyh244-less-weird-parallel-universe-nearly-20-years-of-erikoisdance",
        "disctitle": null,
        "genre": null,
        "index": 7,
        "initial_key": null,
        "length": 595,
        "lyricist": null,
        "mb_workid": null,
        "media": "Digital Media",
        "medium": 1,
        "medium_index": 7,
        "medium_total": 18,
        "release_track_id": null,
        "title": "Flogiston (ODJ Harri Keys Of Life House Music Edit)",
        "track_alt": null,
        "track_id": "https://newyorkhaunted.bandcamp.com/track/nyh244-07-omni-gideon-flogiston-odj-harri-keys-of-life-house-music-edit",
        "work": null,
        "work_disambig": null
      },
      {
        "album": "Less Weird Parallel Universe - Nearly 20 Years of Erikoisdance",
        "arranger": null,
        "artist": "Poly-T",
        "artist_credit": null,
        "artist_id": "https://newyorkhaunted.bandcamp.com",
        "artist_sort": null,
        "artists": [
          "Poly-T"
        ],
        "artists_credit": [],
        "artists_ids": [
          "https://newyorkhaunted.bandcamp.com"
        ],
        "artists_sort": [],
        "bpm": null,
        "composer": null,
        "composer_sort": null,
        "data_source": "bandcamp",
        "data_url": "https://newyorkhaunted.bandcamp.com/album/nyh244-less-weird-parallel-universe-nearly-20-years-of-erikoisdance",
        "disctitle": null,
        "genre": null,
        "index": 8,
        "initial_key": null,
        "length": 162,
        "lyricist": null,
        "mb_workid": null,
        "media": "Digital Media",
        "medium": 1,
        "medium_index": 8,
        "medium_total": 18,
        "release_track_id": null,
        "title": "Schweinfurt Green",
        "track_alt": null,
        "track_id": "https://newyorkhaunted.bandcamp.com/track/nyh244-08-poly-t-schweinfurt-green",
        "work": null,
        "work_disambig": null
      },
      {
        "album": "Less Weird Parallel Universe - Nearly 20 Years of Erikoisdance",
        "arranger": null,
        "artist": "Mallisto",
        "artist_credit": null,
        "artist_id": "https://newyorkhaunted.bandcamp.com",
        "artist_sort": null,
        "artists": [
          "Mallisto"
        ],
        "artists_credit": [],
        "artists_ids": [
          "https://newyorkhaunted.bandcamp.com"
        ],
        "artists_sort": [],
        "bpm": null,
        "composer": null,
        "composer_sort": null,
        "data_source": "bandcamp",
        "data_url": "https://newyorkhaunted.bandcamp.com/album/nyh244-less-weird-parallel-universe-nearly-20-years-of-erikoisdance",
        "disctitle": null,
        "genre": null,
        "index": 9,
        "initial_key": null,
        "length": 215,
        "lyricist": null,
        "mb_workid": null,
        "media": "Digital Media",
        "medium": 1,
        "medium_index": 9,
        "medium_total": 18,
        "release_track_id": null,
        "title": "Laulu Numero 1",
        "track_alt": null,
        "track_id": "https://newyorkhaunted.bandcamp.com/track/nyh244-mallisto-laulu-numero-1",
        "work": null,
        "work_disambig": null
      },
      {
        "album": "Less Weird Parallel Universe - Nearly 20 Years of Erikoisdance",
        "arranger": null,
        "artist": "Non-baryonic Form",
        "artist_credit": null,
        "artist_id": "https://newyorkhaunted.bandcamp.com",
        "artist_sort": null,
        "artists": [
          "Non-baryonic Form"
        ],
        "artists_credit": [],
        "artists_ids": [
          "https://newyorkhaunted.bandcamp.com"
        ],
        "artists_sort": [],
        "bpm": null,
        "composer": null,
        "composer_sort": null,
        "data_source": "bandcamp",
        "data_url": "https://newyorkhaunted.bandcamp.com/album/nyh244-less-weird-parallel-universe-nearly-20-years-of-erikoisdance",
        "disctitle": null,
        "genre": null,
        "index": 10,
        "initial_key": null,
        "length": 213,
        "lyricist": null,
        "mb_workid": null,
        "media": "Digital Media",
        "medium": 1,
        "medium_index": 10,
        "medium_total": 18,
        "release_track_id": null,
        "title": "Nitrogen Glaciers",
        "track_alt": null,
        "track_id": "https://newyorkhaunted.bandcamp.com/track/nyh244-10-non-baryonic-form-nitrogen-glaciers",
        "work": null,
        "work_disambig": null
      },
      {
        "album": "Less Weird Parallel Universe - Nearly 20 Years of Erikoisdance",
        "arranger": null,
        "artist": "Erikoismies",
        "artist_credit": null,
        "artist_id": "https://newyorkhaunted.bandcamp.com",
        "artist_sort": null,
        "artists": [
          "Erikoismies"
        ],
        "artists_credit": [],
        "artists_ids": [
          "https://newyorkhaunted.bandcamp.com"
        ],
        "artists_sort": [],
        "bpm": null,
        "composer": null,
        "composer_sort": null,
        "data_source": "bandcamp",
        "data_url": "https://newyorkhaunted.bandcamp.com/album/nyh244-less-weird-parallel-universe-nearly-20-years-of-erikoisdance",
        "disctitle": null,
        "genre": null,
        "index": 11,
        "initial_key": null,
        "length": 162,
        "lyricist": null,
        "mb_workid": null,
        "media": "Digital Media",
        "medium": 1,
        "medium_index": 11,
        "medium_total": 18,
        "release_track_id": null,
        "title": "CDR Track VI",
        "track_alt": null,
        "track_id": "https://newyorkhaunted.bandcamp.com/track/nyh244-11-erikoismies-cdr-track-vi",
        "work": null,
        "work_disambig": null
      },
      {
        "album": "Less Weird Parallel Universe - Nearly 20 Years of Erikoisdance",
        "arranger": null,
        "artist": "Die Todesmachine",
        "artist_credit": null,
        "artist_id": "https://newyorkhaunted.bandcamp.com",
        "artist_sort": null,
        "artists": [
          "Die Todesmachine"
        ],
        "artists_credit": [],
        "artists_ids": [
          "https://newyorkhaunted.bandcamp.com"
        ],
        "artists_sort": [],
        "bpm": null,
        "composer": null,
        "composer_sort": null,
        "data_source": "bandcamp",
        "data_url": "https://newyorkhaunted.bandcamp.com/album/nyh244-less-weird-parallel-universe-nearly-20-years-of-erikoisdance",
        "disctitle": null,
        "genre": null,
        "index": 12,
        "initial_key": null,
        "length": 251,
        "lyricist": null,
        "mb_workid": null,
        "media": "Digital Media",
        "medium": 1,
        "medium_index": 12,
        "medium_total": 18,
        "release_track_id": null,
        "title": "Mosktraumen",
        "track_alt": null,
        "track_id": "https://newyorkhaunted.bandcamp.com/track/nyh244-12-die-todesmachine-mosktraumen",
        "work": null,
        "work_disambig": null
      },
      {
        "album": "Less Weird Parallel Universe - Nearly 20 Years of Erikoisdance",
        "arranger": null,
        "artist": "Sauce & Cop",
        "artist_credit": null,
        "artist_id": "https://newyorkhaunted.bandcamp.com",
        "artist_sort": null,
        "artists": [
          "Sauce",
          "Cop"
        ],
        "artists_credit": [],
        "artists_ids": [
          "https://newyorkhaunted.bandcamp.com"
        ],
        "artists_sort": [],
        "bpm": null,
        "composer": null,
        "composer_sort": null,
        "data_source": "bandcamp",
        "data_url": "https://newyorkhaunted.bandcamp.com/album/nyh244-less-weird-parallel-universe-nearly-20-years-of-erikoisdance",
        "disctitle": null,
        "genre": null,
        "index": 13,
        "initial_key": null,
        "length": 178,
        "lyricist": null,
        "mb_workid": null,
        "media": "Digital Media",
        "medium": 1,
        "medium_index": 13,
        "medium_total": 18,
        "release_track_id": null,
        "title": "MN-50",
        "track_alt": null,
        "track_id": "https://newyorkhaunted.bandcamp.com/track/nyh244-13-sauce-cop-mn-50",
        "work": null,
        "work_disambig": null
      },
      {
        "album": "Less Weird Parallel Universe - Nearly 20 Years of Erikoisdance",
        "arranger": null,
        "artist": "Treepio",
        "artist_credit": null,
        "artist_id": "https://newyorkhaunted.bandcamp.com",
        "artist_sort": null,
        "artists": [
          "Treepio"
        ],
        "artists_credit": [],
        "artists_ids": [
          "https://newyorkhaunted.bandcamp.com"
        ],
        "artists_sort": [],
        "bpm": null,
        "composer": null,
        "composer_sort": null,
        "data_source": "bandcamp",
        "data_url": "https://newyorkhaunted.bandcamp.com/album/nyh244-less-weird-parallel-universe-nearly-20-years-of-erikoisdance",
        "disctitle": null,
        "genre": null,
        "index": 14,
        "initial_key": null,
        "length": 376,
        "lyricist": null,
        "mb_workid": null,
        "media": "Digital Media",
        "medium": 1,
        "medium_index": 14,
        "medium_total": 18,
        "release_track_id": null,
        "title": "TSIMPLNO",
        "track_alt": null,
        "track_id": "https://newyorkhaunted.bandcamp.com/track/nyh244-14-treepio-tsimplno",
        "work": null,
        "work_disambig": null
      },
      {
        "album": "Less Weird Parallel Universe - Nearly 20 Years of Erikoisdance",
        "arranger": null,
        "artist": "Erikoismies",
        "artist_credit": null,
        "artist_id": "https://newyorkhaunted.bandcamp.com",
        "artist_sort": null,
        "artists": [
          "Erikoismies"
        ],
        "artists_credit": [],
        "artists_ids": [
          "https://newyorkhaunted.bandcamp.com"
        ],
        "artists_sort": [],
        "bpm": null,
        "composer": null,
        "composer_sort": null,
        "data_source": "bandcamp",
        "data_url": "https://newyorkhaunted.bandcamp.com/album/nyh244-less-weird-parallel-universe-nearly-20-years-of-erikoisdance",
        "disctitle": null,
        "genre": null,
        "index": 15,
        "initial_key": null,
        "length": 358,
        "lyricist": null,
        "mb_workid": null,
        "media": "Digital Media",
        "medium": 1,
        "medium_index": 15,
        "medium_total": 18,
        "release_track_id": null,
        "title": "CDR Track I",
        "track_alt": null,
        "track_id": "https://newyorkhaunted.bandcamp.com/track/nyh244-15-erikoismies-cdr-track-i",
        "work": null,
        "work_disambig": null
      },
      {
        "album": "Less Weird Parallel Universe - Nearly 20 Years of Erikoisdance",
        "arranger": null,
        "artist": "Non-baryonic Form",
        "artist_credit": null,
        "artist_id": "https://newyorkhaunted.bandcamp.com",
        "artist_sort": null,
        "artists": [
          "Non-baryonic Form"
        ],
        "artists_credit": [],
        "artists_ids": [
          "https://newyorkhaunted.bandcamp.com"
        ],
        "artists_sort": [],
        "bpm": null,
        "composer": null,
        "composer_sort": null,
        "data_source": "bandcamp",
        "data_url": "https://newyorkhaunted.bandcamp.com/album/nyh244-less-weird-parallel-universe-nearly-20-years-of-erikoisdance",
        "disctitle": null,
        "genre": null,
        "index": 16,
        "initial_key": null,
        "length": 248,
        "lyricist": null,
        "mb_workid": null,
        "media": "Digital Media",
        "medium": 1,
        "medium_index": 16,
        "medium_total": 18,
        "release_track_id": null,
        "title": "CB Skull",
        "track_alt": null,
        "track_id": "https://newyorkhaunted.bandcamp.com/track/nyh244-16-non-baryonic-form-cb-skull",
        "work": null,
        "work_disambig": null
      },
      {
        "album": "Less Weird Parallel Universe - Nearly 20 Years of Erikoisdance",
        "arranger": null,
        "artist": "Omni Gideon",
        "artist_credit": null,
        "artist_id": "https://newyorkhaunted.bandcamp.com",
        "artist_sort": null,
        "artists": [
          "Omni Gideon"
        ],
        "artists_credit": [],
        "artists_ids": [
          "https://newyorkhaunted.bandcamp.com"
        ],
        "artists_sort": [],
        "bpm": null,
        "composer": null,
        "composer_sort": null,
        "data_source": "bandcamp",
        "data_url": "https://newyorkhaunted.bandcamp.com/album/nyh244-less-weird-parallel-universe-nearly-20-years-of-erikoisdance",
        "disctitle": null,
        "genre": null,
        "index": 17,
        "initial_key": null,
        "length": 287,
        "lyricist": null,
        "mb_workid": null,
        "media": "Digital Media",
        "medium": 1,
        "medium_index": 17,
        "medium_total": 18,
        "release_track_id": null,
        "title": "Ytterbium 13",
        "track_alt": null,
        "track_id": "https://newyorkhaunted.bandcamp.com/track/nyh244-17-omni-gideon-ytterbium-13",
        "work": null,
        "work_disambig": null
      },
      {
        "album": "Less Weird Parallel Universe - Nearly 20 Years of Erikoisdance",
        "arranger": null,
        "artist": "Sauce & Cop",
        "artist_credit": null,
        "artist_id": "https://newyorkhaunted.bandcamp.com",
        "artist_sort": null,
        "artists": [
          "Sauce",
          "Cop"
        ],
        "artists_credit": [],
        "artists_ids": [
          "https://newyorkhaunted.bandcamp.com"
        ],
        "artists_sort": [],
        "bpm": null,
        "composer": null,
        "composer_sort": null,
        "data_source": "bandcamp",
        "data_url": "https://newyorkhaunted.bandcamp.com/album/nyh244-less-weird-parallel-universe-nearly-20-years-of-erikoisdance",
        "disctitle": null,
        "genre": null,
        "index": 18,
        "initial_key": null,
        "length": 315,
        "lyricist": null,
        "mb_workid": null,
        "media": "Digital Media",
        "medium": 1,
        "medium_index": 18,
        "medium_total": 18,
        "release_track_id": null,
        "title": "Quartz Crisis",
        "track_alt": null,
        "track_id": "https://newyorkhaunted.bandcamp.com/track/nyh244-18-sauce-cop-quartz-crisis",
        "work": null,
        "work_disambig": null
      }
    ],
    "va": true,
    "year": 2021
  }
]
