[
  {
    "album": "Kickdown Vienna",
    "album_id": "https://fallingapart.bandcamp.com/album/fa010-kickdown-vienna",
    "albumdisambig": null,
    "albumstatus": "Official",
    "albumtype": "album",
    "albumtypes": "album",
    "artist": "DJ DISRESPECT, jeånne",
    "artist_credit": null,
    "artist_id": "https://fallingapart.bandcamp.com",
    "artist_sort": null,
    "asin": null,
    "catalognum": "fa010",
    "comments": null,
    "country": "DE",
    "data_source": "bandcamp",
    "data_url": "https://fallingapart.bandcamp.com/album/fa010-kickdown-vienna",
    "day": 9,
    "discogs_albumid": null,
    "discogs_artistid": null,
    "discogs_labelid": null,
    "genre": "experimental, house, techno",
    "label": "falling apart",
    "language": null,
    "media": "Digital Media",
    "mediums": 1,
    "month": 10,
    "original_day": null,
    "original_month": null,
    "original_year": null,
    "releasegroup_id": null,
    "releasegroupdisambig": null,
    "script": null,
    "style": "electronic",
    "tracks": [
      {
        "arranger": null,
        "artist": "jeånne",
        "artist_credit": null,
        "artist_id": "https://fallingapart.bandcamp.com",
        "artist_sort": null,
        "bpm": null,
        "composer": null,
        "composer_sort": null,
        "data_source": "bandcamp",
        "data_url": "https://fallingapart.bandcamp.com/album/fa010-kickdown-vienna",
        "disctitle": null,
        "genre": null,
        "index": 1,
        "initial_key": null,
        "length": 385,
        "lyricist": null,
        "mb_workid": null,
        "media": "Digital Media",
        "medium": 1,
        "medium_index": 1,
        "medium_total": 4,
        "release_track_id": null,
        "title": "the devil's not ås blåck ås he is påinted (hård mix)",
        "track_alt": null,
        "track_id": "https://fallingapart.bandcamp.com/track/je-nne-the-devils-not-s-bl-ck-s-he-is-p-inted-h-rd-mix",
        "work": null,
        "work_disambig": null
      },
      {
        "arranger": null,
        "artist": "jeånne",
        "artist_credit": null,
        "artist_id": "https://fallingapart.bandcamp.com",
        "artist_sort": null,
        "bpm": null,
        "composer": null,
        "composer_sort": null,
        "data_source": "bandcamp",
        "data_url": "https://fallingapart.bandcamp.com/album/fa010-kickdown-vienna",
        "disctitle": null,
        "genre": null,
        "index": 2,
        "initial_key": null,
        "length": 333,
        "lyricist": null,
        "mb_workid": null,
        "media": "Digital Media",
        "medium": 1,
        "medium_index": 2,
        "medium_total": 4,
        "release_track_id": null,
        "title": "the påth to pårådise begins in hell",
        "track_alt": null,
        "track_id": "https://fallingapart.bandcamp.com/track/je-nne-the-p-th-to-p-r-dise-begins-in-hell",
        "work": null,
        "work_disambig": null
      },
      {
        "arranger": null,
        "artist": "DJ DISRESPECT",
        "artist_credit": null,
        "artist_id": "https://fallingapart.bandcamp.com",
        "artist_sort": null,
        "bpm": null,
        "composer": null,
        "composer_sort": null,
        "data_source": "bandcamp",
        "data_url": "https://fallingapart.bandcamp.com/album/fa010-kickdown-vienna",
        "disctitle": null,
        "genre": null,
        "index": 3,
        "initial_key": null,
        "length": 315,
        "lyricist": null,
        "mb_workid": null,
        "media": "Digital Media",
        "medium": 1,
        "medium_index": 3,
        "medium_total": 4,
        "release_track_id": null,
        "title": "VIENNA (WARM UP MIX)",
        "track_alt": null,
        "track_id": "https://fallingapart.bandcamp.com/track/dj-disrespect-vienna-warm-up-mix",
        "work": null,
        "work_disambig": null
      },
      {
        "arranger": null,
        "artist": "DJ DISRESPECT",
        "artist_credit": null,
        "artist_id": "https://fallingapart.bandcamp.com",
        "artist_sort": null,
        "bpm": null,
        "composer": null,
        "composer_sort": null,
        "data_source": "bandcamp",
        "data_url": "https://fallingapart.bandcamp.com/album/fa010-kickdown-vienna",
        "disctitle": null,
        "genre": null,
        "index": 4,
        "initial_key": null,
        "length": 333,
        "lyricist": null,
        "mb_workid": null,
        "media": "Digital Media",
        "medium": 1,
        "medium_index": 4,
        "medium_total": 4,
        "release_track_id": null,
        "title": "TRANSITION (ATHLETIC MIX)",
        "track_alt": null,
        "track_id": "https://fallingapart.bandcamp.com/track/dj-disrespect-transition-athletic-mix",
        "work": null,
        "work_disambig": null
      }
    ],
    "va": false,
    "year": 2020
  },
  {
    "album": "Kickdown Vienna",
    "album_id": "https://fallingapart.bandcamp.com/album/fa010-kickdown-vienna#p2928220301",
    "albumdisambig": null,
    "albumstatus": "Official",
    "albumtype": "album",
    "albumtypes": "album",
    "artist": "DJ DISRESPECT, jeånne",
    "artist_credit": null,
    "artist_id": "https://fallingapart.bandcamp.com",
    "artist_sort": null,
    "asin": null,
    "catalognum": "fa010",
    "comments": "artist: jeånne, DJ Disrespect\nrelease name: Kickdown Vienna\ncatalog: fa010\nbandcamp release date: 09.10.20\nofficial release date: 16.10.20\nformat: vinyl (+ digital only at bandcamp)\n\ntrack info:\nA1 jeånne - the devil's not ås blåck ås he is påinted (hård mix)\nA2 jeånne - the påth to pårådise begins in hell\nB1 DJ DISRESPECT - VIENNA (WARM UP MIX)\nB2 DJ DISRESPECT - TRANSITION (ATHLETIC MIX)\n\nrelease description:\nvienna based artist jeånne maintaining ancient aesthetics on A side. fast pacing acid structures under aggressive beats, enveloped in melancholic strings and melodies.\nDJ DISRESPECT aka Toni Moralez already proven his strong production skills on this and also other labels. He is now delivering two adrenalin kicking, schranz-like dancefloor destroyers out of the depths of Frankfurt am Main.",
    "country": "DE",
    "data_source": "bandcamp",
    "data_url": "https://fallingapart.bandcamp.com/album/fa010-kickdown-vienna",
    "day": 9,
    "discogs_albumid": null,
    "discogs_artistid": null,
    "discogs_labelid": null,
    "genre": "experimental, house, techno",
    "label": "falling apart",
    "language": null,
    "media": "Vinyl",
    "mediums": 1,
    "month": 10,
    "original_day": null,
    "original_month": null,
    "original_year": null,
    "releasegroup_id": null,
    "releasegroupdisambig": null,
    "script": null,
    "style": "electronic",
    "tracks": [
      {
        "arranger": null,
        "artist": "jeånne",
        "artist_credit": null,
        "artist_id": "https://fallingapart.bandcamp.com",
        "artist_sort": null,
        "bpm": null,
        "composer": null,
        "composer_sort": null,
        "data_source": "bandcamp",
        "data_url": "https://fallingapart.bandcamp.com/album/fa010-kickdown-vienna",
        "disctitle": "12\" Vinyl",
        "genre": null,
        "index": 1,
        "initial_key": null,
        "length": 385,
        "lyricist": null,
        "mb_workid": null,
        "media": "Vinyl",
        "medium": 1,
        "medium_index": 1,
        "medium_total": 4,
        "release_track_id": null,
        "title": "the devil's not ås blåck ås he is påinted (hård mix)",
        "track_alt": "A1",
        "track_id": "https://fallingapart.bandcamp.com/track/je-nne-the-devils-not-s-bl-ck-s-he-is-p-inted-h-rd-mix",
        "work": null,
        "work_disambig": null
      },
      {
        "arranger": null,
        "artist": "jeånne",
        "artist_credit": null,
        "artist_id": "https://fallingapart.bandcamp.com",
        "artist_sort": null,
        "bpm": null,
        "composer": null,
        "composer_sort": null,
        "data_source": "bandcamp",
        "data_url": "https://fallingapart.bandcamp.com/album/fa010-kickdown-vienna",
        "disctitle": "12\" Vinyl",
        "genre": null,
        "index": 2,
        "initial_key": null,
        "length": 333,
        "lyricist": null,
        "mb_workid": null,
        "media": "Vinyl",
        "medium": 1,
        "medium_index": 2,
        "medium_total": 4,
        "release_track_id": null,
        "title": "the påth to pårådise begins in hell",
        "track_alt": "A2",
        "track_id": "https://fallingapart.bandcamp.com/track/je-nne-the-p-th-to-p-r-dise-begins-in-hell",
        "work": null,
        "work_disambig": null
      },
      {
        "arranger": null,
        "artist": "DJ DISRESPECT",
        "artist_credit": null,
        "artist_id": "https://fallingapart.bandcamp.com",
        "artist_sort": null,
        "bpm": null,
        "composer": null,
        "composer_sort": null,
        "data_source": "bandcamp",
        "data_url": "https://fallingapart.bandcamp.com/album/fa010-kickdown-vienna",
        "disctitle": "12\" Vinyl",
        "genre": null,
        "index": 3,
        "initial_key": null,
        "length": 315,
        "lyricist": null,
        "mb_workid": null,
        "media": "Vinyl",
        "medium": 1,
        "medium_index": 3,
        "medium_total": 4,
        "release_track_id": null,
        "title": "VIENNA (WARM UP MIX)",
        "track_alt": "B1",
        "track_id": "https://fallingapart.bandcamp.com/track/dj-disrespect-vienna-warm-up-mix",
        "work": null,
        "work_disambig": null
      },
      {
        "arranger": null,
        "artist": "DJ DISRESPECT",
        "artist_credit": null,
        "artist_id": "https://fallingapart.bandcamp.com",
        "artist_sort": null,
        "bpm": null,
        "composer": null,
        "composer_sort": null,
        "data_source": "bandcamp",
        "data_url": "https://fallingapart.bandcamp.com/album/fa010-kickdown-vienna",
        "disctitle": "12\" Vinyl",
        "genre": null,
        "index": 4,
        "initial_key": null,
        "length": 333,
        "lyricist": null,
        "mb_workid": null,
        "media": "Vinyl",
        "medium": 1,
        "medium_index": 4,
        "medium_total": 4,
        "release_track_id": null,
        "title": "TRANSITION (ATHLETIC MIX)",
        "track_alt": "B2",
        "track_id": "https://fallingapart.bandcamp.com/track/dj-disrespect-transition-athletic-mix",
        "work": null,
        "work_disambig": null
      }
    ],
    "va": false,
    "year": 2020
  }
]
