[
  {
    "album": "Angels From Hell",
    "album_id": "https://hexbarcelona.bandcamp.com/album/hex008-angels-from-hell-various-artists",
    "artist": "Various Artists",
    "artist_id": "https://hexbarcelona.bandcamp.com",
    "tracks": [
      {
        "title": "You Be The Leader",
        "track_id": "https://hexbarcelona.bandcamp.com/track/a1-rebekah-you-be-the-leader",
        "release_track_id": null,
        "artist": "Rebekah",
        "artist_id": "https://hexbarcelona.bandcamp.com",
        "length": 302,
        "index": 1,
        "media": "Digital Media",
        "medium": 1,
        "medium_index": 1,
        "medium_total": 13,
        "artist_sort": null,
        "disctitle": null,
        "artist_credit": null,
        "data_source": "bandcamp",
        "data_url": "https://hexbarcelona.bandcamp.com/album/hex008-angels-from-hell-various-artists",
        "lyricist": null,
        "composer": null,
        "composer_sort": null,
        "arranger": null,
        "track_alt": "A1",
        "work": null,
        "mb_workid": null,
        "work_disambig": null,
        "bpm": null,
        "initial_key": null,
        "genre": null
      },
      {
        "title": "Sanitary Dictature",
        "track_id": "https://hexbarcelona.bandcamp.com/track/a2-paolo-ferrara-lorenzo-raganzini-sanitary-dictature",
        "release_track_id": null,
        "artist": "Paolo Ferrara & Lorenzo Raganzini",
        "artist_id": "https://hexbarcelona.bandcamp.com",
        "length": 397,
        "index": 2,
        "media": "Digital Media",
        "medium": 1,
        "medium_index": 2,
        "medium_total": 13,
        "artist_sort": null,
        "disctitle": null,
        "artist_credit": null,
        "data_source": "bandcamp",
        "data_url": "https://hexbarcelona.bandcamp.com/album/hex008-angels-from-hell-various-artists",
        "lyricist": null,
        "composer": null,
        "composer_sort": null,
        "arranger": null,
        "track_alt": "A2",
        "work": null,
        "mb_workid": null,
        "work_disambig": null,
        "bpm": null,
        "initial_key": null,
        "genre": null
      },
      {
        "title": "12 Gauge",
        "track_id": "https://hexbarcelona.bandcamp.com/track/a3-aeit-12-gauge",
        "release_track_id": null,
        "artist": "AEIT",
        "artist_id": "https://hexbarcelona.bandcamp.com",
        "length": 307,
        "index": 3,
        "media": "Digital Media",
        "medium": 1,
        "medium_index": 3,
        "medium_total": 13,
        "artist_sort": null,
        "disctitle": null,
        "artist_credit": null,
        "data_source": "bandcamp",
        "data_url": "https://hexbarcelona.bandcamp.com/album/hex008-angels-from-hell-various-artists",
        "lyricist": null,
        "composer": null,
        "composer_sort": null,
        "arranger": null,
        "track_alt": "A3",
        "work": null,
        "mb_workid": null,
        "work_disambig": null,
        "bpm": null,
        "initial_key": null,
        "genre": null
      },
      {
        "title": "Demons",
        "track_id": "https://hexbarcelona.bandcamp.com/track/b1-vii-circle-demons",
        "release_track_id": null,
        "artist": "VII Circle",
        "artist_id": "https://hexbarcelona.bandcamp.com",
        "length": 413,
        "index": 4,
        "media": "Digital Media",
        "medium": 1,
        "medium_index": 4,
        "medium_total": 13,
        "artist_sort": null,
        "disctitle": null,
        "artist_credit": null,
        "data_source": "bandcamp",
        "data_url": "https://hexbarcelona.bandcamp.com/album/hex008-angels-from-hell-various-artists",
        "lyricist": null,
        "composer": null,
        "composer_sort": null,
        "arranger": null,
        "track_alt": "B1",
        "work": null,
        "mb_workid": null,
        "work_disambig": null,
        "bpm": null,
        "initial_key": null,
        "genre": null
      },
      {
        "title": "Mezcal Worm",
        "track_id": "https://hexbarcelona.bandcamp.com/track/b2-rommek-mezcal-worm",
        "release_track_id": null,
        "artist": "Rommek",
        "artist_id": "https://hexbarcelona.bandcamp.com",
        "length": 397,
        "index": 5,
        "media": "Digital Media",
        "medium": 1,
        "medium_index": 5,
        "medium_total": 13,
        "artist_sort": null,
        "disctitle": null,
        "artist_credit": null,
        "data_source": "bandcamp",
        "data_url": "https://hexbarcelona.bandcamp.com/album/hex008-angels-from-hell-various-artists",
        "lyricist": null,
        "composer": null,
        "composer_sort": null,
        "arranger": null,
        "track_alt": "B2",
        "work": null,
        "mb_workid": null,
        "work_disambig": null,
        "bpm": null,
        "initial_key": null,
        "genre": null
      },
      {
        "title": "The Puppet Master",
        "track_id": "https://hexbarcelona.bandcamp.com/track/c1-cleric-the-puppet-master",
        "release_track_id": null,
        "artist": "Cleric",
        "artist_id": "https://hexbarcelona.bandcamp.com",
        "length": 367,
        "index": 6,
        "media": "Digital Media",
        "medium": 1,
        "medium_index": 6,
        "medium_total": 13,
        "artist_sort": null,
        "disctitle": null,
        "artist_credit": null,
        "data_source": "bandcamp",
        "data_url": "https://hexbarcelona.bandcamp.com/album/hex008-angels-from-hell-various-artists",
        "lyricist": null,
        "composer": null,
        "composer_sort": null,
        "arranger": null,
        "track_alt": "C1",
        "work": null,
        "mb_workid": null,
        "work_disambig": null,
        "bpm": null,
        "initial_key": null,
        "genre": null
      },
      {
        "title": "Air Of The 90s",
        "track_id": "https://hexbarcelona.bandcamp.com/track/c2-remco-beekwilder-air-of-the-90s",
        "release_track_id": null,
        "artist": "Remco Beekwilder",
        "artist_id": "https://hexbarcelona.bandcamp.com",
        "length": 399,
        "index": 7,
        "media": "Digital Media",
        "medium": 1,
        "medium_index": 7,
        "medium_total": 13,
        "artist_sort": null,
        "disctitle": null,
        "artist_credit": null,
        "data_source": "bandcamp",
        "data_url": "https://hexbarcelona.bandcamp.com/album/hex008-angels-from-hell-various-artists",
        "lyricist": null,
        "composer": null,
        "composer_sort": null,
        "arranger": null,
        "track_alt": "C2",
        "work": null,
        "mb_workid": null,
        "work_disambig": null,
        "bpm": null,
        "initial_key": null,
        "genre": null
      },
      {
        "title": "Fearless",
        "track_id": "https://hexbarcelona.bandcamp.com/track/d1-and-fearless",
        "release_track_id": null,
        "artist": "AnD",
        "artist_id": "https://hexbarcelona.bandcamp.com",
        "length": 436,
        "index": 8,
        "media": "Digital Media",
        "medium": 1,
        "medium_index": 8,
        "medium_total": 13,
        "artist_sort": null,
        "disctitle": null,
        "artist_credit": null,
        "data_source": "bandcamp",
        "data_url": "https://hexbarcelona.bandcamp.com/album/hex008-angels-from-hell-various-artists",
        "lyricist": null,
        "composer": null,
        "composer_sort": null,
        "arranger": null,
        "track_alt": "D1",
        "work": null,
        "mb_workid": null,
        "work_disambig": null,
        "bpm": null,
        "initial_key": null,
        "genre": null
      },
      {
        "title": "Matriachy",
        "track_id": "https://hexbarcelona.bandcamp.com/track/d2-benjamin-damage-matriachy",
        "release_track_id": null,
        "artist": "Benjamin Damage",
        "artist_id": "https://hexbarcelona.bandcamp.com",
        "length": 387,
        "index": 9,
        "media": "Digital Media",
        "medium": 1,
        "medium_index": 9,
        "medium_total": 13,
        "artist_sort": null,
        "disctitle": null,
        "artist_credit": null,
        "data_source": "bandcamp",
        "data_url": "https://hexbarcelona.bandcamp.com/album/hex008-angels-from-hell-various-artists",
        "lyricist": null,
        "composer": null,
        "composer_sort": null,
        "arranger": null,
        "track_alt": "D2",
        "work": null,
        "mb_workid": null,
        "work_disambig": null,
        "bpm": null,
        "initial_key": null,
        "genre": null
      },
      {
        "title": "Â The Purist",
        "track_id": "https://hexbarcelona.bandcamp.com/track/e1-under-black-helmet-the-purist",
        "release_track_id": null,
        "artist": "Under Black Helmet ",
        "artist_id": "https://hexbarcelona.bandcamp.com",
        "length": 305,
        "index": 10,
        "media": "Digital Media",
        "medium": 1,
        "medium_index": 10,
        "medium_total": 13,
        "artist_sort": null,
        "disctitle": null,
        "artist_credit": null,
        "data_source": "bandcamp",
        "data_url": "https://hexbarcelona.bandcamp.com/album/hex008-angels-from-hell-various-artists",
        "lyricist": null,
        "composer": null,
        "composer_sort": null,
        "arranger": null,
        "track_alt": "E1",
        "work": null,
        "mb_workid": null,
        "work_disambig": null,
        "bpm": null,
        "initial_key": null,
        "genre": null
      },
      {
        "title": "Organisms",
        "track_id": "https://hexbarcelona.bandcamp.com/track/e2-maere-6siss-organisms",
        "release_track_id": null,
        "artist": "MAERE & 6SISS",
        "artist_id": "https://hexbarcelona.bandcamp.com",
        "length": 376,
        "index": 11,
        "media": "Digital Media",
        "medium": 1,
        "medium_index": 11,
        "medium_total": 13,
        "artist_sort": null,
        "disctitle": null,
        "artist_credit": null,
        "data_source": "bandcamp",
        "data_url": "https://hexbarcelona.bandcamp.com/album/hex008-angels-from-hell-various-artists",
        "lyricist": null,
        "composer": null,
        "composer_sort": null,
        "arranger": null,
        "track_alt": "E2",
        "work": null,
        "mb_workid": null,
        "work_disambig": null,
        "bpm": null,
        "initial_key": null,
        "genre": null
      },
      {
        "title": "Broken Tools",
        "track_id": "https://hexbarcelona.bandcamp.com/track/f1-imperial-black-unit-broken-tools",
        "release_track_id": null,
        "artist": "Imperial Black Unit",
        "artist_id": "https://hexbarcelona.bandcamp.com",
        "length": 363,
        "index": 12,
        "media": "Digital Media",
        "medium": 1,
        "medium_index": 12,
        "medium_total": 13,
        "artist_sort": null,
        "disctitle": null,
        "artist_credit": null,
        "data_source": "bandcamp",
        "data_url": "https://hexbarcelona.bandcamp.com/album/hex008-angels-from-hell-various-artists",
        "lyricist": null,
        "composer": null,
        "composer_sort": null,
        "arranger": null,
        "track_alt": "F1",
        "work": null,
        "mb_workid": null,
        "work_disambig": null,
        "bpm": null,
        "initial_key": null,
        "genre": null
      },
      {
        "title": "Ctrl+Alt+Delete The System",
        "track_id": "https://hexbarcelona.bandcamp.com/track/f2-end-train-ctrl-alt-delete-the-system",
        "release_track_id": null,
        "artist": "End Train",
        "artist_id": "https://hexbarcelona.bandcamp.com",
        "length": 387,
        "index": 13,
        "media": "Digital Media",
        "medium": 1,
        "medium_index": 13,
        "medium_total": 13,
        "artist_sort": null,
        "disctitle": null,
        "artist_credit": null,
        "data_source": "bandcamp",
        "data_url": "https://hexbarcelona.bandcamp.com/album/hex008-angels-from-hell-various-artists",
        "lyricist": null,
        "composer": null,
        "composer_sort": null,
        "arranger": null,
        "track_alt": "F2",
        "work": null,
        "mb_workid": null,
        "work_disambig": null,
        "bpm": null,
        "initial_key": null,
        "genre": null
      }
    ],
    "asin": null,
    "albumtype": "compilation",
    "va": true,
    "year": 2021,
    "month": 9,
    "day": 1,
    "label": "HEX Recordings - Techno movement",
    "mediums": 1,
    "artist_sort": null,
    "releasegroup_id": null,
    "catalognum": "HEX008",
    "script": null,
    "language": null,
    "country": "ES",
    "style": "electronic",
    "genre": "techno",
    "albumstatus": "Official",
    "media": "Digital Media",
    "albumdisambig": null,
    "releasegroupdisambig": null,
    "artist_credit": null,
    "original_year": null,
    "original_month": null,
    "original_day": null,
    "data_source": "bandcamp",
    "data_url": "https://hexbarcelona.bandcamp.com/album/hex008-angels-from-hell-various-artists",
    "discogs_albumid": null,
    "discogs_labelid": null,
    "discogs_artistid": null,
    "albumtypes": "album; compilation",
    "comments": "HEX008 | Angels From Hell (Various Artists)\nTriple-Red-Vinyl\n\n---\n\nSome feedback on the release:\n\nâº QuailÂ - HUGE pack, absolute killers all round. Thanks!\nâº Essan - Thank you very much for sending me your promo, the tracks sound amazing, I love!!!!\nâº JC Laurent - Super Solid VA! Thanks a lot :) Rommek & Cleric are my favs\nâº boyd schidt - sick release thanks for the promo\nâº Downwell - Great tracks ! Fav: Imperial Black Unit - Broken Tools\nâº Jay Clarke - Heavy Heavy selection of tunes here. Solid release chaps! Thx for sharing!\nâº takaaki itoh - great v.a!\nâº slamÂ - nice collection\nâº Henning Baer - Massive!\nâº Cristian Varela - AWESOME!\nâº Roll Dann - Crazy Tracks, muchas gracias!\nâº Luca Agnelli - super pack\nâº ENDLEC - Superb selections as usual!\nâº Jerm - Cleric's & Benjamin's my top picks, great compilation overall guys :)\nâº Tom Page - Loads here for me, fantastic compilation! Love the Rommek, Benjamin Damage, Cleric & Imperial Black Unit tracks, but its all top notch, thanks :)\nâº Alex Guerra - Brutal,Friends! Congrats for 2nd Anniversary.Thanks again!\n\n---\n\nWe're very excited to celebrate the 2nd Anniversary ofÂ \"HEX Recordings\" so for the occasion, we decided to create the mostÂ powerful release so far, aÂ Triple-Vinyl Various Artists, which includes the creations of some of the artists that are closest to the Movement but never released on the label until now likeÂ Rebekah, Cleric,Â Remco Beekwilder, together withÂ new members like Benjamin Damage, AEIT, Imperial Black Unit, End Train, Rommek, Maere, 6Siss and of course some of the ambassadors of the label like Under Black Helmet, VII Circle and the two HEX Founders Paolo Ferrara and Lorenzo Raganzini.\n\nThe title of the release is \"Angels From Hell\" and it represents the most ambitious release ever created by HEX.Â 3 flaming Red colourÂ Vinyl, together with someÂ new T-shirts + HoodieÂ characterised by the VA's unique design.\n\n15Â Artists will represent the unity under Techno of 7Â different countries:Â France, England,Â Italy,Â Netherlands,Â Lithuania, Belgium and Israel.\n\n---\n\nVinyl 1\nA1 - Rebekah - You Be The Leader\nA2 - Paolo Ferrara & Lorenzo Raganzini - Sanitary Dictature\nA3 - AEIT - 12 Gauge\nB1 - VII Circle - Demons\nB2 - Rommek - Mezcal Worm\n\n\nVinyl 2\nC1 - Cleric - The Puppet MasterÂ \nC2 - Remco Beekwilder - Air Of The 90s\nD1 - AnD - Fearless\nD2 - Benjamin Damage - Matriachy\n\n\nVinyl 3Â \nE1 - Under Black Helmet -Â The Purist\nE2 - MAERE & 6SISS - Organisms\nF1 - Imperial Black Unit - Broken Tools\nF2 - End Train - Ctrl+Alt+Delete The System\n\n\nMasters byÂ Alain Paul (Germany)\nDesign by Giambrone Studio"
  },
  {
    "album": "Angels From Hell",
    "album_id": "https://hexbarcelona.bandcamp.com/album/hex008-angels-from-hell-various-artists#p3220875979",
    "artist": "Various Artists",
    "artist_id": "https://hexbarcelona.bandcamp.com",
    "tracks": [
      {
        "title": "You Be The Leader",
        "track_id": "https://hexbarcelona.bandcamp.com/track/a1-rebekah-you-be-the-leader",
        "release_track_id": null,
        "artist": "Rebekah",
        "artist_id": "https://hexbarcelona.bandcamp.com",
        "length": 302,
        "index": 1,
        "media": "Vinyl",
        "medium": 1,
        "medium_index": 1,
        "medium_total": 5,
        "artist_sort": null,
        "disctitle": "XXX008 | Angels From Hell (Various Artists) Triple-Vinyl",
        "artist_credit": null,
        "data_source": "bandcamp",
        "data_url": "https://hexbarcelona.bandcamp.com/album/hex008-angels-from-hell-various-artists",
        "lyricist": null,
        "composer": null,
        "composer_sort": null,
        "arranger": null,
        "track_alt": "A1",
        "work": null,
        "mb_workid": null,
        "work_disambig": null,
        "bpm": null,
        "initial_key": null,
        "genre": null
      },
      {
        "title": "Sanitary Dictature",
        "track_id": "https://hexbarcelona.bandcamp.com/track/a2-paolo-ferrara-lorenzo-raganzini-sanitary-dictature",
        "release_track_id": null,
        "artist": "Paolo Ferrara & Lorenzo Raganzini",
        "artist_id": "https://hexbarcelona.bandcamp.com",
        "length": 397,
        "index": 2,
        "media": "Vinyl",
        "medium": 1,
        "medium_index": 2,
        "medium_total": 5,
        "artist_sort": null,
        "disctitle": "XXX008 | Angels From Hell (Various Artists) Triple-Vinyl",
        "artist_credit": null,
        "data_source": "bandcamp",
        "data_url": "https://hexbarcelona.bandcamp.com/album/hex008-angels-from-hell-various-artists",
        "lyricist": null,
        "composer": null,
        "composer_sort": null,
        "arranger": null,
        "track_alt": "A2",
        "work": null,
        "mb_workid": null,
        "work_disambig": null,
        "bpm": null,
        "initial_key": null,
        "genre": null
      },
      {
        "title": "12 Gauge",
        "track_id": "https://hexbarcelona.bandcamp.com/track/a3-aeit-12-gauge",
        "release_track_id": null,
        "artist": "AEIT",
        "artist_id": "https://hexbarcelona.bandcamp.com",
        "length": 307,
        "index": 3,
        "media": "Vinyl",
        "medium": 1,
        "medium_index": 3,
        "medium_total": 5,
        "artist_sort": null,
        "disctitle": "XXX008 | Angels From Hell (Various Artists) Triple-Vinyl",
        "artist_credit": null,
        "data_source": "bandcamp",
        "data_url": "https://hexbarcelona.bandcamp.com/album/hex008-angels-from-hell-various-artists",
        "lyricist": null,
        "composer": null,
        "composer_sort": null,
        "arranger": null,
        "track_alt": "A3",
        "work": null,
        "mb_workid": null,
        "work_disambig": null,
        "bpm": null,
        "initial_key": null,
        "genre": null
      },
      {
        "title": "Demons",
        "track_id": "https://hexbarcelona.bandcamp.com/track/b1-vii-circle-demons",
        "release_track_id": null,
        "artist": "VII Circle",
        "artist_id": "https://hexbarcelona.bandcamp.com",
        "length": 413,
        "index": 4,
        "media": "Vinyl",
        "medium": 1,
        "medium_index": 4,
        "medium_total": 5,
        "artist_sort": null,
        "disctitle": "XXX008 | Angels From Hell (Various Artists) Triple-Vinyl",
        "artist_credit": null,
        "data_source": "bandcamp",
        "data_url": "https://hexbarcelona.bandcamp.com/album/hex008-angels-from-hell-various-artists",
        "lyricist": null,
        "composer": null,
        "composer_sort": null,
        "arranger": null,
        "track_alt": "B1",
        "work": null,
        "mb_workid": null,
        "work_disambig": null,
        "bpm": null,
        "initial_key": null,
        "genre": null
      },
      {
        "title": "Mezcal Worm",
        "track_id": "https://hexbarcelona.bandcamp.com/track/b2-rommek-mezcal-worm",
        "release_track_id": null,
        "artist": "Rommek",
        "artist_id": "https://hexbarcelona.bandcamp.com",
        "length": 397,
        "index": 5,
        "media": "Vinyl",
        "medium": 1,
        "medium_index": 5,
        "medium_total": 5,
        "artist_sort": null,
        "disctitle": "XXX008 | Angels From Hell (Various Artists) Triple-Vinyl",
        "artist_credit": null,
        "data_source": "bandcamp",
        "data_url": "https://hexbarcelona.bandcamp.com/album/hex008-angels-from-hell-various-artists",
        "lyricist": null,
        "composer": null,
        "composer_sort": null,
        "arranger": null,
        "track_alt": "B2",
        "work": null,
        "mb_workid": null,
        "work_disambig": null,
        "bpm": null,
        "initial_key": null,
        "genre": null
      },
      {
        "title": "The Puppet Master",
        "track_id": "https://hexbarcelona.bandcamp.com/track/c1-cleric-the-puppet-master",
        "release_track_id": null,
        "artist": "Cleric",
        "artist_id": "https://hexbarcelona.bandcamp.com",
        "length": 367,
        "index": 6,
        "media": "Vinyl",
        "medium": 2,
        "medium_index": 1,
        "medium_total": 4,
        "artist_sort": null,
        "disctitle": "XXX008 | Angels From Hell (Various Artists) Triple-Vinyl",
        "artist_credit": null,
        "data_source": "bandcamp",
        "data_url": "https://hexbarcelona.bandcamp.com/album/hex008-angels-from-hell-various-artists",
        "lyricist": null,
        "composer": null,
        "composer_sort": null,
        "arranger": null,
        "track_alt": "C1",
        "work": null,
        "mb_workid": null,
        "work_disambig": null,
        "bpm": null,
        "initial_key": null,
        "genre": null
      },
      {
        "title": "Air Of The 90s",
        "track_id": "https://hexbarcelona.bandcamp.com/track/c2-remco-beekwilder-air-of-the-90s",
        "release_track_id": null,
        "artist": "Remco Beekwilder",
        "artist_id": "https://hexbarcelona.bandcamp.com",
        "length": 399,
        "index": 7,
        "media": "Vinyl",
        "medium": 2,
        "medium_index": 2,
        "medium_total": 4,
        "artist_sort": null,
        "disctitle": "XXX008 | Angels From Hell (Various Artists) Triple-Vinyl",
        "artist_credit": null,
        "data_source": "bandcamp",
        "data_url": "https://hexbarcelona.bandcamp.com/album/hex008-angels-from-hell-various-artists",
        "lyricist": null,
        "composer": null,
        "composer_sort": null,
        "arranger": null,
        "track_alt": "C2",
        "work": null,
        "mb_workid": null,
        "work_disambig": null,
        "bpm": null,
        "initial_key": null,
        "genre": null
      },
      {
        "title": "Fearless",
        "track_id": "https://hexbarcelona.bandcamp.com/track/d1-and-fearless",
        "release_track_id": null,
        "artist": "AnD",
        "artist_id": "https://hexbarcelona.bandcamp.com",
        "length": 436,
        "index": 8,
        "media": "Vinyl",
        "medium": 2,
        "medium_index": 3,
        "medium_total": 4,
        "artist_sort": null,
        "disctitle": "XXX008 | Angels From Hell (Various Artists) Triple-Vinyl",
        "artist_credit": null,
        "data_source": "bandcamp",
        "data_url": "https://hexbarcelona.bandcamp.com/album/hex008-angels-from-hell-various-artists",
        "lyricist": null,
        "composer": null,
        "composer_sort": null,
        "arranger": null,
        "track_alt": "D1",
        "work": null,
        "mb_workid": null,
        "work_disambig": null,
        "bpm": null,
        "initial_key": null,
        "genre": null
      },
      {
        "title": "Matriachy",
        "track_id": "https://hexbarcelona.bandcamp.com/track/d2-benjamin-damage-matriachy",
        "release_track_id": null,
        "artist": "Benjamin Damage",
        "artist_id": "https://hexbarcelona.bandcamp.com",
        "length": 387,
        "index": 9,
        "media": "Vinyl",
        "medium": 2,
        "medium_index": 4,
        "medium_total": 4,
        "artist_sort": null,
        "disctitle": "XXX008 | Angels From Hell (Various Artists) Triple-Vinyl",
        "artist_credit": null,
        "data_source": "bandcamp",
        "data_url": "https://hexbarcelona.bandcamp.com/album/hex008-angels-from-hell-various-artists",
        "lyricist": null,
        "composer": null,
        "composer_sort": null,
        "arranger": null,
        "track_alt": "D2",
        "work": null,
        "mb_workid": null,
        "work_disambig": null,
        "bpm": null,
        "initial_key": null,
        "genre": null
      },
      {
        "title": "Â The Purist",
        "track_id": "https://hexbarcelona.bandcamp.com/track/e1-under-black-helmet-the-purist",
        "release_track_id": null,
        "artist": "Under Black Helmet ",
        "artist_id": "https://hexbarcelona.bandcamp.com",
        "length": 305,
        "index": 10,
        "media": "Vinyl",
        "medium": 3,
        "medium_index": 1,
        "medium_total": 4,
        "artist_sort": null,
        "disctitle": "XXX008 | Angels From Hell (Various Artists) Triple-Vinyl",
        "artist_credit": null,
        "data_source": "bandcamp",
        "data_url": "https://hexbarcelona.bandcamp.com/album/hex008-angels-from-hell-various-artists",
        "lyricist": null,
        "composer": null,
        "composer_sort": null,
        "arranger": null,
        "track_alt": "E1",
        "work": null,
        "mb_workid": null,
        "work_disambig": null,
        "bpm": null,
        "initial_key": null,
        "genre": null
      },
      {
        "title": "Organisms",
        "track_id": "https://hexbarcelona.bandcamp.com/track/e2-maere-6siss-organisms",
        "release_track_id": null,
        "artist": "MAERE & 6SISS",
        "artist_id": "https://hexbarcelona.bandcamp.com",
        "length": 376,
        "index": 11,
        "media": "Vinyl",
        "medium": 3,
        "medium_index": 2,
        "medium_total": 4,
        "artist_sort": null,
        "disctitle": "XXX008 | Angels From Hell (Various Artists) Triple-Vinyl",
        "artist_credit": null,
        "data_source": "bandcamp",
        "data_url": "https://hexbarcelona.bandcamp.com/album/hex008-angels-from-hell-various-artists",
        "lyricist": null,
        "composer": null,
        "composer_sort": null,
        "arranger": null,
        "track_alt": "E2",
        "work": null,
        "mb_workid": null,
        "work_disambig": null,
        "bpm": null,
        "initial_key": null,
        "genre": null
      },
      {
        "title": "Broken Tools",
        "track_id": "https://hexbarcelona.bandcamp.com/track/f1-imperial-black-unit-broken-tools",
        "release_track_id": null,
        "artist": "Imperial Black Unit",
        "artist_id": "https://hexbarcelona.bandcamp.com",
        "length": 363,
        "index": 12,
        "media": "Vinyl",
        "medium": 3,
        "medium_index": 3,
        "medium_total": 4,
        "artist_sort": null,
        "disctitle": "XXX008 | Angels From Hell (Various Artists) Triple-Vinyl",
        "artist_credit": null,
        "data_source": "bandcamp",
        "data_url": "https://hexbarcelona.bandcamp.com/album/hex008-angels-from-hell-various-artists",
        "lyricist": null,
        "composer": null,
        "composer_sort": null,
        "arranger": null,
        "track_alt": "F1",
        "work": null,
        "mb_workid": null,
        "work_disambig": null,
        "bpm": null,
        "initial_key": null,
        "genre": null
      },
      {
        "title": "Ctrl+Alt+Delete The System",
        "track_id": "https://hexbarcelona.bandcamp.com/track/f2-end-train-ctrl-alt-delete-the-system",
        "release_track_id": null,
        "artist": "End Train",
        "artist_id": "https://hexbarcelona.bandcamp.com",
        "length": 387,
        "index": 13,
        "media": "Vinyl",
        "medium": 3,
        "medium_index": 4,
        "medium_total": 4,
        "artist_sort": null,
        "disctitle": "XXX008 | Angels From Hell (Various Artists) Triple-Vinyl",
        "artist_credit": null,
        "data_source": "bandcamp",
        "data_url": "https://hexbarcelona.bandcamp.com/album/hex008-angels-from-hell-various-artists",
        "lyricist": null,
        "composer": null,
        "composer_sort": null,
        "arranger": null,
        "track_alt": "F2",
        "work": null,
        "mb_workid": null,
        "work_disambig": null,
        "bpm": null,
        "initial_key": null,
        "genre": null
      }
    ],
    "asin": null,
    "albumtype": "compilation",
    "va": true,
    "year": 2021,
    "month": 9,
    "day": 1,
    "label": "HEX Recordings - Techno movement",
    "mediums": 3,
    "artist_sort": null,
    "releasegroup_id": null,
    "catalognum": "XXX008",
    "script": null,
    "language": null,
    "country": "ES",
    "style": "electronic",
    "genre": "techno",
    "albumstatus": "Official",
    "media": "Vinyl",
    "albumdisambig": null,
    "releasegroupdisambig": null,
    "artist_credit": null,
    "original_year": null,
    "original_month": null,
    "original_day": null,
    "data_source": "bandcamp",
    "data_url": "https://hexbarcelona.bandcamp.com/album/hex008-angels-from-hell-various-artists",
    "discogs_albumid": null,
    "discogs_labelid": null,
    "discogs_artistid": null,
    "albumtypes": "album; compilation",
    "comments": "HEX008 | Angels From Hell (Various Artists)\nTriple-Red-Vinyl\n\n---\n\nSome feedback on the release:\n\nâº QuailÂ - HUGE pack, absolute killers all round. Thanks!\nâº Essan - Thank you very much for sending me your promo, the tracks sound amazing, I love!!!!\nâº JC Laurent - Super Solid VA! Thanks a lot :) Rommek & Cleric are my favs\nâº boyd schidt - sick release thanks for the promo\nâº Downwell - Great tracks ! Fav: Imperial Black Unit - Broken Tools\nâº Jay Clarke - Heavy Heavy selection of tunes here. Solid release chaps! Thx for sharing!\nâº takaaki itoh - great v.a!\nâº slamÂ - nice collection\nâº Henning Baer - Massive!\nâº Cristian Varela - AWESOME!\nâº Roll Dann - Crazy Tracks, muchas gracias!\nâº Luca Agnelli - super pack\nâº ENDLEC - Superb selections as usual!\nâº Jerm - Cleric's & Benjamin's my top picks, great compilation overall guys :)\nâº Tom Page - Loads here for me, fantastic compilation! Love the Rommek, Benjamin Damage, Cleric & Imperial Black Unit tracks, but its all top notch, thanks :)\nâº Alex Guerra - Brutal,Friends! Congrats for 2nd Anniversary.Thanks again!\n\n---\n\nWe're very excited to celebrate the 2nd Anniversary ofÂ \"HEX Recordings\" so for the occasion, we decided to create the mostÂ powerful release so far, aÂ Triple-Vinyl Various Artists, which includes the creations of some of the artists that are closest to the Movement but never released on the label until now likeÂ Rebekah, Cleric,Â Remco Beekwilder, together withÂ new members like Benjamin Damage, AEIT, Imperial Black Unit, End Train, Rommek, Maere, 6Siss and of course some of the ambassadors of the label like Under Black Helmet, VII Circle and the two HEX Founders Paolo Ferrara and Lorenzo Raganzini.\n\nThe title of the release is \"Angels From Hell\" and it represents the most ambitious release ever created by HEX.Â 3 flaming Red colourÂ Vinyl, together with someÂ new T-shirts + HoodieÂ characterised by the VA's unique design.\n\n15Â Artists will represent the unity under Techno of 7Â different countries:Â France, England,Â Italy,Â Netherlands,Â Lithuania, Belgium and Israel.\n\n---\n\nVinyl 1\nA1 - Rebekah - You Be The Leader\nA2 - Paolo Ferrara & Lorenzo Raganzini - Sanitary Dictature\nA3 - AEIT - 12 Gauge\nB1 - VII Circle - Demons\nB2 - Rommek - Mezcal Worm\n\n\nVinyl 2\nC1 - Cleric - The Puppet MasterÂ \nC2 - Remco Beekwilder - Air Of The 90s\nD1 - AnD - Fearless\nD2 - Benjamin Damage - Matriachy\n\n\nVinyl 3Â \nE1 - Under Black Helmet -Â The Purist\nE2 - MAERE & 6SISS - Organisms\nF1 - Imperial Black Unit - Broken Tools\nF2 - End Train - Ctrl+Alt+Delete The System\n\n\nMasters byÂ Alain Paul (Germany)\nDesign by Giambrone Studio\n---\nTriple-Red Flamed-Vinyl\n(only 300 copies)\n\nNo black version\n\nXXX008 | Angels From Hell\n3x12\" special red edition"
  }
]
