[
  {
    "album": "From The Depths",
    "album_id": "https://hexbarcelona.bandcamp.com/album/hex002-from-the-depths",
    "artist": "VII Circle",
    "artist_id": "https://hexbarcelona.bandcamp.com",
    "tracks": [
      {
        "title": "Conflict",
        "track_id": "https://hexbarcelona.bandcamp.com/track/conflict",
        "release_track_id": null,
        "artist": "VII Circle",
        "artist_id": "https://hexbarcelona.bandcamp.com",
        "length": 328,
        "index": 1,
        "media": "Digital Media",
        "medium": 1,
        "medium_index": 1,
        "medium_total": 5,
        "artist_sort": null,
        "disctitle": null,
        "artist_credit": null,
        "data_source": "bandcamp",
        "data_url": "https://hexbarcelona.bandcamp.com/album/hex002-from-the-depths",
        "lyricist": null,
        "composer": null,
        "composer_sort": null,
        "arranger": null,
        "track_alt": null,
        "work": null,
        "mb_workid": null,
        "work_disambig": null,
        "bpm": null,
        "initial_key": null,
        "genre": null
      },
      {
        "title": "Arise",
        "track_id": "https://hexbarcelona.bandcamp.com/track/arise",
        "release_track_id": null,
        "artist": "VII Circle",
        "artist_id": "https://hexbarcelona.bandcamp.com",
        "length": 298,
        "index": 2,
        "media": "Digital Media",
        "medium": 1,
        "medium_index": 2,
        "medium_total": 5,
        "artist_sort": null,
        "disctitle": null,
        "artist_credit": null,
        "data_source": "bandcamp",
        "data_url": "https://hexbarcelona.bandcamp.com/album/hex002-from-the-depths",
        "lyricist": null,
        "composer": null,
        "composer_sort": null,
        "arranger": null,
        "track_alt": null,
        "work": null,
        "mb_workid": null,
        "work_disambig": null,
        "bpm": null,
        "initial_key": null,
        "genre": null
      },
      {
        "title": "Timeless",
        "track_id": "https://hexbarcelona.bandcamp.com/track/timeless",
        "release_track_id": null,
        "artist": "VII Circle",
        "artist_id": "https://hexbarcelona.bandcamp.com",
        "length": 445,
        "index": 3,
        "media": "Digital Media",
        "medium": 1,
        "medium_index": 3,
        "medium_total": 5,
        "artist_sort": null,
        "disctitle": null,
        "artist_credit": null,
        "data_source": "bandcamp",
        "data_url": "https://hexbarcelona.bandcamp.com/album/hex002-from-the-depths",
        "lyricist": null,
        "composer": null,
        "composer_sort": null,
        "arranger": null,
        "track_alt": null,
        "work": null,
        "mb_workid": null,
        "work_disambig": null,
        "bpm": null,
        "initial_key": null,
        "genre": null
      },
      {
        "title": "END",
        "track_id": "https://hexbarcelona.bandcamp.com/track/end",
        "release_track_id": null,
        "artist": "VII Circle",
        "artist_id": "https://hexbarcelona.bandcamp.com",
        "length": 312,
        "index": 4,
        "media": "Digital Media",
        "medium": 1,
        "medium_index": 4,
        "medium_total": 5,
        "artist_sort": null,
        "disctitle": null,
        "artist_credit": null,
        "data_source": "bandcamp",
        "data_url": "https://hexbarcelona.bandcamp.com/album/hex002-from-the-depths",
        "lyricist": null,
        "composer": null,
        "composer_sort": null,
        "arranger": null,
        "track_alt": null,
        "work": null,
        "mb_workid": null,
        "work_disambig": null,
        "bpm": null,
        "initial_key": null,
        "genre": null
      },
      {
        "title": "Conflict (NX1 Remix)",
        "track_id": "https://hexbarcelona.bandcamp.com/track/conflict-nx1-remix",
        "release_track_id": null,
        "artist": "VII Circle",
        "artist_id": "https://hexbarcelona.bandcamp.com",
        "length": 331,
        "index": 5,
        "media": "Digital Media",
        "medium": 1,
        "medium_index": 5,
        "medium_total": 5,
        "artist_sort": null,
        "disctitle": null,
        "artist_credit": null,
        "data_source": "bandcamp",
        "data_url": "https://hexbarcelona.bandcamp.com/album/hex002-from-the-depths",
        "lyricist": null,
        "composer": null,
        "composer_sort": null,
        "arranger": null,
        "track_alt": null,
        "work": null,
        "mb_workid": null,
        "work_disambig": null,
        "bpm": null,
        "initial_key": null,
        "genre": null
      }
    ],
    "asin": null,
    "albumtype": "ep",
    "va": false,
    "year": 2019,
    "month": 10,
    "day": 4,
    "label": "HEX Recordings - Techno movement",
    "mediums": 1,
    "artist_sort": null,
    "releasegroup_id": null,
    "catalognum": "HEX002",
    "script": null,
    "language": null,
    "country": "ES",
    "style": "electronic",
    "genre": "techno",
    "albumstatus": "Official",
    "media": "Digital Media",
    "albumdisambig": null,
    "releasegroupdisambig": null,
    "artist_credit": null,
    "original_year": null,
    "original_month": null,
    "original_day": null,
    "data_source": "bandcamp",
    "data_url": "https://hexbarcelona.bandcamp.com/album/hex002-from-the-depths",
    "discogs_albumid": null,
    "discogs_labelid": null,
    "discogs_artistid": null,
    "albumtypes": "ep",
    "comments": "‘Conflict’ opens the release with fast paced percussion, sustained atmospherics and frenzied high hats before ‘Arise’ weaves acid dipped synths into metallic clashes and hard hitting stabs. ’Timeless’ is next, painting haunting textures with stormy effects, leading into ‘END’ which swiftly builds into a powerful cut complete with growling bass. Tying everything together, Nexe Records founders NX1 remix ‘Conflict’, incorporating warped frequencies and a murky low-end.\n\nFeedbacks about the EP:\n► Rebekah - killer industrial vibes here, love all tracks and remix\n► Gary Beck - These are huge, especially the timeless one\n► Dasha Rush - like most of the tracks, thanks\n► Under Black Helmet - The whole EP is great!\n► Randomer - great tracks\n► Remco Beekwilder - Conflict is a belter, thanks!!\n► Raffaele Attanasio - I'll play for sure!!!\n► Henning Baer - TOP!\n► Stephanie Sykes - Yaaaaaasssss.... loving this release!! <3\n► Insolate - Arise super cool!\n► Joe Farr - NX1 remix is great. I also like Timeless a lot. Thanks.\n► Nur Jaber - VII <3\n► Cleric - Nice EP will play thanks\n\nand many more...\n\nMastered at The Bass Valley Studios by Alan Lockwood"
  },
  {
    "album": "From The Depths",
    "album_id": "https://hexbarcelona.bandcamp.com/album/hex002-from-the-depths#p1459084917",
    "artist": "VII Circle",
    "artist_id": "https://hexbarcelona.bandcamp.com",
    "tracks": [
      {
        "title": "Conflict",
        "track_id": "https://hexbarcelona.bandcamp.com/track/conflict",
        "release_track_id": null,
        "artist": "VII Circle",
        "artist_id": "https://hexbarcelona.bandcamp.com",
        "length": 328,
        "index": 1,
        "media": "Vinyl",
        "medium": 1,
        "medium_index": 1,
        "medium_total": 5,
        "artist_sort": null,
        "disctitle": "Limited 12\" Vinyl",
        "artist_credit": null,
        "data_source": "bandcamp",
        "data_url": "https://hexbarcelona.bandcamp.com/album/hex002-from-the-depths",
        "lyricist": null,
        "composer": null,
        "composer_sort": null,
        "arranger": null,
        "track_alt": "A1",
        "work": null,
        "mb_workid": null,
        "work_disambig": null,
        "bpm": null,
        "initial_key": null,
        "genre": null
      },
      {
        "title": "Arise",
        "track_id": "https://hexbarcelona.bandcamp.com/track/arise",
        "release_track_id": null,
        "artist": "VII Circle",
        "artist_id": "https://hexbarcelona.bandcamp.com",
        "length": 298,
        "index": 2,
        "media": "Vinyl",
        "medium": 1,
        "medium_index": 2,
        "medium_total": 5,
        "artist_sort": null,
        "disctitle": "Limited 12\" Vinyl",
        "artist_credit": null,
        "data_source": "bandcamp",
        "data_url": "https://hexbarcelona.bandcamp.com/album/hex002-from-the-depths",
        "lyricist": null,
        "composer": null,
        "composer_sort": null,
        "arranger": null,
        "track_alt": "A2",
        "work": null,
        "mb_workid": null,
        "work_disambig": null,
        "bpm": null,
        "initial_key": null,
        "genre": null
      },
      {
        "title": "Timeless",
        "track_id": "https://hexbarcelona.bandcamp.com/track/timeless",
        "release_track_id": null,
        "artist": "VII Circle",
        "artist_id": "https://hexbarcelona.bandcamp.com",
        "length": 445,
        "index": 3,
        "media": "Vinyl",
        "medium": 1,
        "medium_index": 3,
        "medium_total": 5,
        "artist_sort": null,
        "disctitle": "Limited 12\" Vinyl",
        "artist_credit": null,
        "data_source": "bandcamp",
        "data_url": "https://hexbarcelona.bandcamp.com/album/hex002-from-the-depths",
        "lyricist": null,
        "composer": null,
        "composer_sort": null,
        "arranger": null,
        "track_alt": "A3",
        "work": null,
        "mb_workid": null,
        "work_disambig": null,
        "bpm": null,
        "initial_key": null,
        "genre": null
      },
      {
        "title": "END",
        "track_id": "https://hexbarcelona.bandcamp.com/track/end",
        "release_track_id": null,
        "artist": "VII Circle",
        "artist_id": "https://hexbarcelona.bandcamp.com",
        "length": 312,
        "index": 4,
        "media": "Vinyl",
        "medium": 1,
        "medium_index": 4,
        "medium_total": 5,
        "artist_sort": null,
        "disctitle": "Limited 12\" Vinyl",
        "artist_credit": null,
        "data_source": "bandcamp",
        "data_url": "https://hexbarcelona.bandcamp.com/album/hex002-from-the-depths",
        "lyricist": null,
        "composer": null,
        "composer_sort": null,
        "arranger": null,
        "track_alt": "B1",
        "work": null,
        "mb_workid": null,
        "work_disambig": null,
        "bpm": null,
        "initial_key": null,
        "genre": null
      },
      {
        "title": "Conflict (NX1 Remix)",
        "track_id": "https://hexbarcelona.bandcamp.com/track/conflict-nx1-remix",
        "release_track_id": null,
        "artist": "VII Circle",
        "artist_id": "https://hexbarcelona.bandcamp.com",
        "length": 331,
        "index": 5,
        "media": "Vinyl",
        "medium": 1,
        "medium_index": 5,
        "medium_total": 5,
        "artist_sort": null,
        "disctitle": "Limited 12\" Vinyl",
        "artist_credit": null,
        "data_source": "bandcamp",
        "data_url": "https://hexbarcelona.bandcamp.com/album/hex002-from-the-depths",
        "lyricist": null,
        "composer": null,
        "composer_sort": null,
        "arranger": null,
        "track_alt": "B2",
        "work": null,
        "mb_workid": null,
        "work_disambig": null,
        "bpm": null,
        "initial_key": null,
        "genre": null
      }
    ],
    "asin": null,
    "albumtype": "ep",
    "va": false,
    "year": 2019,
    "month": 10,
    "day": 4,
    "label": "HEX Recordings - Techno movement",
    "mediums": 1,
    "artist_sort": null,
    "releasegroup_id": null,
    "catalognum": "HEX002",
    "script": null,
    "language": null,
    "country": "ES",
    "style": "electronic",
    "genre": "techno",
    "albumstatus": "Official",
    "media": "Vinyl",
    "albumdisambig": null,
    "releasegroupdisambig": null,
    "artist_credit": null,
    "original_year": null,
    "original_month": null,
    "original_day": null,
    "data_source": "bandcamp",
    "data_url": "https://hexbarcelona.bandcamp.com/album/hex002-from-the-depths",
    "discogs_albumid": null,
    "discogs_labelid": null,
    "discogs_artistid": null,
    "albumtypes": "ep",
    "comments": "‘Conflict’ opens the release with fast paced percussion, sustained atmospherics and frenzied high hats before ‘Arise’ weaves acid dipped synths into metallic clashes and hard hitting stabs. ’Timeless’ is next, painting haunting textures with stormy effects, leading into ‘END’ which swiftly builds into a powerful cut complete with growling bass. Tying everything together, Nexe Records founders NX1 remix ‘Conflict’, incorporating warped frequencies and a murky low-end.\n\nFeedbacks about the EP:\n► Rebekah - killer industrial vibes here, love all tracks and remix\n► Gary Beck - These are huge, especially the timeless one\n► Dasha Rush - like most of the tracks, thanks\n► Under Black Helmet - The whole EP is great!\n► Randomer - great tracks\n► Remco Beekwilder - Conflict is a belter, thanks!!\n► Raffaele Attanasio - I'll play for sure!!!\n► Henning Baer - TOP!\n► Stephanie Sykes - Yaaaaaasssss.... loving this release!! <3\n► Insolate - Arise super cool!\n► Joe Farr - NX1 remix is great. I also like Timeless a lot. Thanks.\n► Nur Jaber - VII <3\n► Cleric - Nice EP will play thanks\n\nand many more...\n\nMastered at The Bass Valley Studios by Alan Lockwood\n---\nHEX002 - From The Depths\n1x12\"\n180 grams\n\nA1 - Conflict\nA2 - Arise\nA3 - Conflict (NX1 Remix)\nB1 - Timeless\nB2 - END"
  }
]
