[
  {
    "album": "FALL IN",
    "album_id": "https://54thregiment.bandcamp.com/album/fall-in",
    "albumdisambig": null,
    "albumstatus": "Official",
    "albumtype": "album",
    "albumtypes": "album",
    "artist": "General Dicon",
    "artist_credit": null,
    "artist_id": "https://54thregiment.bandcamp.com",
    "artist_sort": null,
    "asin": null,
    "catalognum": "",
    "comments": null,
    "country": "US",
    "data_source": "bandcamp",
    "data_url": "https://54thregiment.bandcamp.com/album/fall-in",
    "day": 20,
    "discogs_albumid": null,
    "discogs_artistid": null,
    "discogs_labelid": null,
    "genre": null,
    "label": "54th Regiment",
    "language": null,
    "media": "Digital Media",
    "mediums": 1,
    "month": 4,
    "original_day": null,
    "original_month": null,
    "original_year": null,
    "releasegroup_id": null,
    "releasegroupdisambig": null,
    "script": null,
    "style": null,
    "tracks": [
      {
        "arranger": null,
        "artist": "General Dicon",
        "artist_credit": null,
        "artist_id": "https://54thregiment.bandcamp.com",
        "artist_sort": null,
        "bpm": null,
        "composer": null,
        "composer_sort": null,
        "data_source": "bandcamp",
        "data_url": "https://54thregiment.bandcamp.com/album/fall-in",
        "disctitle": null,
        "genre": null,
        "index": 1,
        "initial_key": null,
        "length": null,
        "lyricist": null,
        "mb_workid": null,
        "media": "Digital Media",
        "medium": 1,
        "medium_index": 1,
        "medium_total": 12,
        "release_track_id": null,
        "title": "54 regi",
        "track_alt": null,
        "track_id": "https://54thregiment.bandcamp.com/track/54-regi",
        "work": null,
        "work_disambig": null
      },
      {
        "arranger": null,
        "artist": "General Dicon",
        "artist_credit": null,
        "artist_id": "https://54thregiment.bandcamp.com",
        "artist_sort": null,
        "bpm": null,
        "composer": null,
        "composer_sort": null,
        "data_source": "bandcamp",
        "data_url": "https://54thregiment.bandcamp.com/album/fall-in",
        "disctitle": null,
        "genre": null,
        "index": 2,
        "initial_key": null,
        "length": 227,
        "lyricist": null,
        "mb_workid": null,
        "media": "Digital Media",
        "medium": 1,
        "medium_index": 2,
        "medium_total": 12,
        "release_track_id": null,
        "title": "54 regi",
        "track_alt": null,
        "track_id": "https://54thregiment.bandcamp.com/track/54-regi-2",
        "work": null,
        "work_disambig": null
      },
      {
        "arranger": null,
        "artist": "General Dicon ft.nation",
        "artist_credit": null,
        "artist_id": "https://54thregiment.bandcamp.com",
        "artist_sort": null,
        "bpm": null,
        "composer": null,
        "composer_sort": null,
        "data_source": "bandcamp",
        "data_url": "https://54thregiment.bandcamp.com/album/fall-in",
        "disctitle": null,
        "genre": null,
        "index": 3,
        "initial_key": null,
        "length": 157,
        "lyricist": null,
        "mb_workid": null,
        "media": "Digital Media",
        "medium": 1,
        "medium_index": 3,
        "medium_total": 12,
        "release_track_id": null,
        "title": "Mile high monsta",
        "track_alt": null,
        "track_id": "https://54thregiment.bandcamp.com/track/mile-high-monsta-ft-nation",
        "work": null,
        "work_disambig": null
      },
      {
        "arranger": null,
        "artist": "General Dicon",
        "artist_credit": null,
        "artist_id": "https://54thregiment.bandcamp.com",
        "artist_sort": null,
        "bpm": null,
        "composer": null,
        "composer_sort": null,
        "data_source": "bandcamp",
        "data_url": "https://54thregiment.bandcamp.com/album/fall-in",
        "disctitle": null,
        "genre": null,
        "index": 4,
        "initial_key": null,
        "length": 166,
        "lyricist": null,
        "mb_workid": null,
        "media": "Digital Media",
        "medium": 1,
        "medium_index": 4,
        "medium_total": 12,
        "release_track_id": null,
        "title": "Pure entertainment",
        "track_alt": null,
        "track_id": "https://54thregiment.bandcamp.com/track/pure-entertainment",
        "work": null,
        "work_disambig": null
      },
      {
        "arranger": null,
        "artist": "General Dicon",
        "artist_credit": null,
        "artist_id": "https://54thregiment.bandcamp.com",
        "artist_sort": null,
        "bpm": null,
        "composer": null,
        "composer_sort": null,
        "data_source": "bandcamp",
        "data_url": "https://54thregiment.bandcamp.com/album/fall-in",
        "disctitle": null,
        "genre": null,
        "index": 5,
        "initial_key": null,
        "length": 69,
        "lyricist": null,
        "mb_workid": null,
        "media": "Digital Media",
        "medium": 1,
        "medium_index": 5,
        "medium_total": 12,
        "release_track_id": null,
        "title": "Smoke interlude",
        "track_alt": null,
        "track_id": "https://54thregiment.bandcamp.com/track/smoke-interlude",
        "work": null,
        "work_disambig": null
      },
      {
        "arranger": null,
        "artist": "General Dicon ft.spellbinder",
        "artist_credit": null,
        "artist_id": "https://54thregiment.bandcamp.com",
        "artist_sort": null,
        "bpm": null,
        "composer": null,
        "composer_sort": null,
        "data_source": "bandcamp",
        "data_url": "https://54thregiment.bandcamp.com/album/fall-in",
        "disctitle": null,
        "genre": null,
        "index": 6,
        "initial_key": null,
        "length": 235,
        "lyricist": null,
        "mb_workid": null,
        "media": "Digital Media",
        "medium": 1,
        "medium_index": 6,
        "medium_total": 12,
        "release_track_id": null,
        "title": "Ganja tune",
        "track_alt": null,
        "track_id": "https://54thregiment.bandcamp.com/track/ganja-tune-ft-spellbinder",
        "work": null,
        "work_disambig": null
      },
      {
        "arranger": null,
        "artist": "General Dicon ft.spellbinder",
        "artist_credit": null,
        "artist_id": "https://54thregiment.bandcamp.com",
        "artist_sort": null,
        "bpm": null,
        "composer": null,
        "composer_sort": null,
        "data_source": "bandcamp",
        "data_url": "https://54thregiment.bandcamp.com/album/fall-in",
        "disctitle": null,
        "genre": null,
        "index": 7,
        "initial_key": null,
        "length": 203,
        "lyricist": null,
        "mb_workid": null,
        "media": "Digital Media",
        "medium": 1,
        "medium_index": 7,
        "medium_total": 12,
        "release_track_id": null,
        "title": "War",
        "track_alt": null,
        "track_id": "https://54thregiment.bandcamp.com/track/war-ft-spellbinder",
        "work": null,
        "work_disambig": null
      },
      {
        "arranger": null,
        "artist": "General Dicon ft.Spellbinder",
        "artist_credit": null,
        "artist_id": "https://54thregiment.bandcamp.com",
        "artist_sort": null,
        "bpm": null,
        "composer": null,
        "composer_sort": null,
        "data_source": "bandcamp",
        "data_url": "https://54thregiment.bandcamp.com/album/fall-in",
        "disctitle": null,
        "genre": null,
        "index": 8,
        "initial_key": null,
        "length": 147,
        "lyricist": null,
        "mb_workid": null,
        "media": "Digital Media",
        "medium": 1,
        "medium_index": 8,
        "medium_total": 12,
        "release_track_id": null,
        "title": "w.m.m.a(where my money @)",
        "track_alt": null,
        "track_id": "https://54thregiment.bandcamp.com/track/w-m-m-a-where-my-money-ft-spellbinder",
        "work": null,
        "work_disambig": null
      },
      {
        "arranger": null,
        "artist": "General Dicon",
        "artist_credit": null,
        "artist_id": "https://54thregiment.bandcamp.com",
        "artist_sort": null,
        "bpm": null,
        "composer": null,
        "composer_sort": null,
        "data_source": "bandcamp",
        "data_url": "https://54thregiment.bandcamp.com/album/fall-in",
        "disctitle": null,
        "genre": null,
        "index": 9,
        "initial_key": null,
        "length": 257,
        "lyricist": null,
        "mb_workid": null,
        "media": "Digital Media",
        "medium": 1,
        "medium_index": 9,
        "medium_total": 12,
        "release_track_id": null,
        "title": "Due time",
        "track_alt": null,
        "track_id": "https://54thregiment.bandcamp.com/track/due-time",
        "work": null,
        "work_disambig": null
      },
      {
        "arranger": null,
        "artist": "General Dicon",
        "artist_credit": null,
        "artist_id": "https://54thregiment.bandcamp.com",
        "artist_sort": null,
        "bpm": null,
        "composer": null,
        "composer_sort": null,
        "data_source": "bandcamp",
        "data_url": "https://54thregiment.bandcamp.com/album/fall-in",
        "disctitle": null,
        "genre": null,
        "index": 10,
        "initial_key": null,
        "length": 197,
        "lyricist": null,
        "mb_workid": null,
        "media": "Digital Media",
        "medium": 1,
        "medium_index": 10,
        "medium_total": 12,
        "release_track_id": null,
        "title": "Hustle Ain't no game",
        "track_alt": null,
        "track_id": "https://54thregiment.bandcamp.com/track/hustle-aint-no-game",
        "work": null,
        "work_disambig": null
      },
      {
        "arranger": null,
        "artist": "General Dicon ft. scrilla scratch",
        "artist_credit": null,
        "artist_id": "https://54thregiment.bandcamp.com",
        "artist_sort": null,
        "bpm": null,
        "composer": null,
        "composer_sort": null,
        "data_source": "bandcamp",
        "data_url": "https://54thregiment.bandcamp.com/album/fall-in",
        "disctitle": null,
        "genre": null,
        "index": 11,
        "initial_key": null,
        "length": 201,
        "lyricist": null,
        "mb_workid": null,
        "media": "Digital Media",
        "medium": 1,
        "medium_index": 11,
        "medium_total": 12,
        "release_track_id": null,
        "title": "It's ova",
        "track_alt": null,
        "track_id": "https://54thregiment.bandcamp.com/track/its-ova-ft-scrilla-scratch",
        "work": null,
        "work_disambig": null
      },
      {
        "arranger": null,
        "artist": "General Dicon ft.Spellbinder",
        "artist_credit": null,
        "artist_id": "https://54thregiment.bandcamp.com",
        "artist_sort": null,
        "bpm": null,
        "composer": null,
        "composer_sort": null,
        "data_source": "bandcamp",
        "data_url": "https://54thregiment.bandcamp.com/album/fall-in",
        "disctitle": null,
        "genre": null,
        "index": 12,
        "initial_key": null,
        "length": 244,
        "lyricist": null,
        "mb_workid": null,
        "media": "Digital Media",
        "medium": 1,
        "medium_index": 12,
        "medium_total": 12,
        "release_track_id": null,
        "title": "Don't stop",
        "track_alt": null,
        "track_id": "https://54thregiment.bandcamp.com/track/dont-stop-ft-spellbinder",
        "work": null,
        "work_disambig": null
      }
    ],
    "va": false,
    "year": 2011
  }
]
