[
  {
    "album": "Problem Child EP",
    "album_id": "https://purehate000.bandcamp.com/album/aluphobia-x-astatine-problem-child-ep",
    "artist": "Aluphobia, Astatine",
    "artist_id": "https://purehate000.bandcamp.com",
    "tracks": [
      {
        "title": "Problem Child",
        "track_id": "https://purehate000.bandcamp.com/track/aluphobia-x-astatine-problem-child",
        "release_track_id": null,
        "artist": "Aluphobia x Astatine",
        "artist_id": "https://purehate000.bandcamp.com",
        "length": 312,
        "index": 1,
        "media": "Digital Media",
        "medium": 1,
        "medium_index": 1,
        "medium_total": 3,
        "artist_sort": null,
        "disctitle": null,
        "artist_credit": null,
        "data_source": "bandcamp",
        "data_url": "https://purehate000.bandcamp.com/album/aluphobia-x-astatine-problem-child-ep",
        "lyricist": null,
        "composer": null,
        "composer_sort": null,
        "arranger": null,
        "track_alt": null,
        "work": null,
        "mb_workid": null,
        "work_disambig": null,
        "bpm": null,
        "initial_key": null,
        "genre": null
      },
      {
        "title": "Problem Child (Illiya Korniyen Remix)",
        "track_id": "https://purehate000.bandcamp.com/track/aluphobia-x-astatine-problem-child-illiya-korniyen-remix",
        "release_track_id": null,
        "artist": "Aluphobia x Astatine",
        "artist_id": "https://purehate000.bandcamp.com",
        "length": 395,
        "index": 2,
        "media": "Digital Media",
        "medium": 1,
        "medium_index": 2,
        "medium_total": 3,
        "artist_sort": null,
        "disctitle": null,
        "artist_credit": null,
        "data_source": "bandcamp",
        "data_url": "https://purehate000.bandcamp.com/album/aluphobia-x-astatine-problem-child-ep",
        "lyricist": null,
        "composer": null,
        "composer_sort": null,
        "arranger": null,
        "track_alt": null,
        "work": null,
        "mb_workid": null,
        "work_disambig": null,
        "bpm": null,
        "initial_key": null,
        "genre": null
      },
      {
        "title": "Problem Child (Korcs Remix)",
        "track_id": "https://purehate000.bandcamp.com/track/aluphobia-x-astatine-problem-child-korcs-remix",
        "release_track_id": null,
        "artist": "Aluphobia x Astatine",
        "artist_id": "https://purehate000.bandcamp.com",
        "length": 391,
        "index": 3,
        "media": "Digital Media",
        "medium": 1,
        "medium_index": 3,
        "medium_total": 3,
        "artist_sort": null,
        "disctitle": null,
        "artist_credit": null,
        "data_source": "bandcamp",
        "data_url": "https://purehate000.bandcamp.com/album/aluphobia-x-astatine-problem-child-ep",
        "lyricist": null,
        "composer": null,
        "composer_sort": null,
        "arranger": null,
        "track_alt": null,
        "work": null,
        "mb_workid": null,
        "work_disambig": null,
        "bpm": null,
        "initial_key": null,
        "genre": null
      }
    ],
    "asin": null,
    "albumtype": "ep",
    "va": false,
    "year": 2021,
    "month": 12,
    "day": 10,
    "label": "PURE HATE",
    "mediums": 1,
    "artist_sort": null,
    "releasegroup_id": null,
    "catalognum": "",
    "script": null,
    "language": null,
    "country": "HU",
    "style": "electronic",
    "genre": "techno",
    "albumstatus": "Official",
    "media": "Digital Media",
    "albumdisambig": null,
    "releasegroupdisambig": null,
    "artist_credit": null,
    "original_year": null,
    "original_month": null,
    "original_day": null,
    "data_source": "bandcamp",
    "data_url": "https://purehate000.bandcamp.com/album/aluphobia-x-astatine-problem-child-ep",
    "discogs_albumid": null,
    "discogs_labelid": null,
    "discogs_artistid": null,
    "comments": null,
    "albumtypes": "ep; single"
  }
]
