[
  {
    "album": "Unseen EP",
    "album_id": "https://maisoncloserecords.bandcamp.com/album/unrealnumbers-unseen-ep-varya-karpova-lacchesi-remixes",
    "albumdisambig": null,
    "albumstatus": "Official",
    "albumtype": "ep",
    "albumtypes": [
      "ep",
      "remix"
    ],
    "artist": "UNREALNUMBERS",
    "artist_credit": null,
    "artist_id": "https://maisoncloserecords.bandcamp.com",
    "artist_sort": null,
    "artists": [
      "UNREALNUMBERS"
    ],
    "artists_credit": [],
    "artists_ids": [
      "https://maisoncloserecords.bandcamp.com"
    ],
    "artists_sort": [],
    "asin": null,
    "barcode": null,
    "catalognum": "",
    "comments": "Supported by Dax J, SPFDJ, Wallis, u.r.trax, Rezystor, DYEN, VII Circle, VII Circle & more ...",
    "country": "FR",
    "data_source": "bandcamp",
    "data_url": "https://maisoncloserecords.bandcamp.com/album/unrealnumbers-unseen-ep-varya-karpova-lacchesi-remixes",
    "day": 11,
    "discogs_albumid": null,
    "discogs_artistid": null,
    "discogs_labelid": null,
    "genre": "techno",
    "label": "Maison Close",
    "language": null,
    "media": "Digital Media",
    "mediums": 1,
    "month": 6,
    "original_day": null,
    "original_month": null,
    "original_year": null,
    "release_group_title": null,
    "releasegroup_id": null,
    "releasegroupdisambig": null,
    "script": null,
    "style": "electronic",
    "tracks": [
      {
        "album": "Unseen EP",
        "arranger": null,
        "artist": "UNREALNUMBERS",
        "artist_credit": null,
        "artist_id": "https://maisoncloserecords.bandcamp.com",
        "artist_sort": null,
        "artists": [
          "UNREALNUMBERS"
        ],
        "artists_credit": [],
        "artists_ids": [
          "https://maisoncloserecords.bandcamp.com"
        ],
        "artists_sort": [],
        "bpm": null,
        "composer": null,
        "composer_sort": null,
        "data_source": "bandcamp",
        "data_url": "https://maisoncloserecords.bandcamp.com/album/unrealnumbers-unseen-ep-varya-karpova-lacchesi-remixes",
        "disctitle": null,
        "genre": null,
        "index": 1,
        "initial_key": null,
        "length": 383,
        "lyricist": null,
        "mb_workid": null,
        "media": "Digital Media",
        "medium": 1,
        "medium_index": 1,
        "medium_total": 6,
        "release_track_id": null,
        "title": "Unseen",
        "track_alt": null,
        "track_id": "https://maisoncloserecords.bandcamp.com/track/unrealnumbers-unseen",
        "work": null,
        "work_disambig": null
      },
      {
        "album": "Unseen EP",
        "arranger": null,
        "artist": "UNREALNUMBERS",
        "artist_credit": null,
        "artist_id": "https://maisoncloserecords.bandcamp.com",
        "artist_sort": null,
        "artists": [
          "UNREALNUMBERS"
        ],
        "artists_credit": [],
        "artists_ids": [
          "https://maisoncloserecords.bandcamp.com"
        ],
        "artists_sort": [],
        "bpm": null,
        "composer": null,
        "composer_sort": null,
        "data_source": "bandcamp",
        "data_url": "https://maisoncloserecords.bandcamp.com/album/unrealnumbers-unseen-ep-varya-karpova-lacchesi-remixes",
        "disctitle": null,
        "genre": null,
        "index": 2,
        "initial_key": null,
        "length": 352,
        "lyricist": null,
        "mb_workid": null,
        "media": "Digital Media",
        "medium": 1,
        "medium_index": 2,
        "medium_total": 6,
        "release_track_id": null,
        "title": "MK4",
        "track_alt": null,
        "track_id": "https://maisoncloserecords.bandcamp.com/track/unrealnumbers-mk4",
        "work": null,
        "work_disambig": null
      },
      {
        "album": "Unseen EP",
        "arranger": null,
        "artist": "UNREALNUMBERS",
        "artist_credit": null,
        "artist_id": "https://maisoncloserecords.bandcamp.com",
        "artist_sort": null,
        "artists": [
          "UNREALNUMBERS"
        ],
        "artists_credit": [],
        "artists_ids": [
          "https://maisoncloserecords.bandcamp.com"
        ],
        "artists_sort": [],
        "bpm": null,
        "composer": null,
        "composer_sort": null,
        "data_source": "bandcamp",
        "data_url": "https://maisoncloserecords.bandcamp.com/album/unrealnumbers-unseen-ep-varya-karpova-lacchesi-remixes",
        "disctitle": null,
        "genre": null,
        "index": 3,
        "initial_key": null,
        "length": 341,
        "lyricist": null,
        "mb_workid": null,
        "media": "Digital Media",
        "medium": 1,
        "medium_index": 3,
        "medium_total": 6,
        "release_track_id": null,
        "title": "Karaburan",
        "track_alt": null,
        "track_id": "https://maisoncloserecords.bandcamp.com/track/unrealnumbers-karaburan",
        "work": null,
        "work_disambig": null
      },
      {
        "album": "Unseen EP",
        "arranger": null,
        "artist": "UNREALNUMBERS",
        "artist_credit": null,
        "artist_id": "https://maisoncloserecords.bandcamp.com",
        "artist_sort": null,
        "artists": [
          "UNREALNUMBERS"
        ],
        "artists_credit": [],
        "artists_ids": [
          "https://maisoncloserecords.bandcamp.com"
        ],
        "artists_sort": [],
        "bpm": null,
        "composer": null,
        "composer_sort": null,
        "data_source": "bandcamp",
        "data_url": "https://maisoncloserecords.bandcamp.com/album/unrealnumbers-unseen-ep-varya-karpova-lacchesi-remixes",
        "disctitle": null,
        "genre": null,
        "index": 4,
        "initial_key": null,
        "length": 340,
        "lyricist": null,
        "mb_workid": null,
        "media": "Digital Media",
        "medium": 1,
        "medium_index": 4,
        "medium_total": 6,
        "release_track_id": null,
        "title": "Rekon",
        "track_alt": null,
        "track_id": "https://maisoncloserecords.bandcamp.com/track/unrealnumbers-rekon",
        "work": null,
        "work_disambig": null
      },
      {
        "album": "Unseen EP",
        "arranger": null,
        "artist": "UNREALNUMBERS",
        "artist_credit": null,
        "artist_id": "https://maisoncloserecords.bandcamp.com",
        "artist_sort": null,
        "artists": [
          "UNREALNUMBERS"
        ],
        "artists_credit": [],
        "artists_ids": [
          "https://maisoncloserecords.bandcamp.com"
        ],
        "artists_sort": [],
        "bpm": null,
        "composer": null,
        "composer_sort": null,
        "data_source": "bandcamp",
        "data_url": "https://maisoncloserecords.bandcamp.com/album/unrealnumbers-unseen-ep-varya-karpova-lacchesi-remixes",
        "disctitle": null,
        "genre": null,
        "index": 5,
        "initial_key": null,
        "length": 362,
        "lyricist": null,
        "mb_workid": null,
        "media": "Digital Media",
        "medium": 1,
        "medium_index": 5,
        "medium_total": 6,
        "release_track_id": null,
        "title": "Unseen (Varya Karpova Remix)",
        "track_alt": null,
        "track_id": "https://maisoncloserecords.bandcamp.com/track/unrealnumbers-unseen-varya-karpova-remix",
        "work": null,
        "work_disambig": null
      },
      {
        "album": "Unseen EP",
        "arranger": null,
        "artist": "UNREALNUMBERS",
        "artist_credit": null,
        "artist_id": "https://maisoncloserecords.bandcamp.com",
        "artist_sort": null,
        "artists": [
          "UNREALNUMBERS"
        ],
        "artists_credit": [],
        "artists_ids": [
          "https://maisoncloserecords.bandcamp.com"
        ],
        "artists_sort": [],
        "bpm": null,
        "composer": null,
        "composer_sort": null,
        "data_source": "bandcamp",
        "data_url": "https://maisoncloserecords.bandcamp.com/album/unrealnumbers-unseen-ep-varya-karpova-lacchesi-remixes",
        "disctitle": null,
        "genre": null,
        "index": 6,
        "initial_key": null,
        "length": 350,
        "lyricist": null,
        "mb_workid": null,
        "media": "Digital Media",
        "medium": 1,
        "medium_index": 6,
        "medium_total": 6,
        "release_track_id": null,
        "title": "MK4 (Lacchesi Remix)",
        "track_alt": null,
        "track_id": "https://maisoncloserecords.bandcamp.com/track/unrealnumbers-mk4-lacchesi-remix",
        "work": null,
        "work_disambig": null
      }
    ],
    "va": false,
    "year": 2021
  }
]
