[
  {
    "album": "RR2",
    "album_id": "https://44labelgroup.bandcamp.com/album/rr2",
    "artist": "RADICAL G & THE HORRORIST",
    "artist_id": "https://44labelgroup.bandcamp.com",
    "tracks": [
      {
        "title": "Here Comes The Storm (Kobosil 44 Terror Mix)",
        "track_id": "https://44labelgroup.bandcamp.com/track/here-comes-the-storm-kobosil-44-terror-mix",
        "release_track_id": null,
        "artist": "RADICAL G & THE HORRORIST",
        "artist_id": "https://44labelgroup.bandcamp.com",
        "length": 370,
        "index": 1,
        "media": "Digital Media",
        "medium": 1,
        "medium_index": 1,
        "medium_total": 1,
        "artist_sort": null,
        "disctitle": null,
        "artist_credit": null,
        "data_source": "bandcamp",
        "data_url": "https://44labelgroup.bandcamp.com/album/rr2",
        "lyricist": null,
        "composer": null,
        "composer_sort": null,
        "arranger": null,
        "track_alt": null,
        "work": null,
        "mb_workid": null,
        "work_disambig": null,
        "bpm": null,
        "initial_key": null,
        "genre": null
      }
    ],
    "asin": null,
    "albumtype": "album",
    "va": false,
    "year": 2019,
    "month": 1,
    "day": 28,
    "label": "44 LABEL GROUP",
    "mediums": 1,
    "artist_sort": null,
    "releasegroup_id": null,
    "catalognum": "",
    "script": null,
    "language": null,
    "country": "DE",
    "style": null,
    "genre": null,
    "albumstatus": "Official",
    "media": "Digital Media",
    "albumdisambig": null,
    "releasegroupdisambig": null,
    "artist_credit": null,
    "original_year": null,
    "original_month": null,
    "original_day": null,
    "data_source": "bandcamp",
    "data_url": "https://44labelgroup.bandcamp.com/album/rr2",
    "discogs_albumid": null,
    "discogs_labelid": null,
    "discogs_artistid": null,
    "albumtypes": "album; remix; single",
    "comments": null
  }
]
