{
  "album": null,
  "albumtype": "single",
  "albumtypes": ["single"],
  "arranger": null,
  "artist": "Matriark",
  "artist_credit": null,
  "artist_id": "https://mega-tech.bandcamp.com",
  "artist_sort": null,
  "artists": ["Matriark"],
  "artists_credit": [],
  "artists_ids": ["https://mega-tech.bandcamp.com"],
  "artists_sort": [],
  "barcode": null,
  "bpm": null,
  "catalognum": "mt004",
  "comments": "mt004\n\nmastering by alexander salomonsen\n\n\nI'm very happy to announce Andrea's debut track. <3\n\nhttps://soundcloud.com/matriarkcph\nhttps://www.instagram.com/andreaapettersen/",
  "composer": null,
  "composer_sort": null,
  "country": "SE",
  "data_source": "bandcamp",
  "data_url": "https://mega-tech.bandcamp.com/track/arangel",
  "day": 9,
  "disctitle": null,
  "genre": null,
  "index": null,
  "initial_key": null,
  "label": "Megatech Industries",
  "length": 421,
  "lyricist": null,
  "mb_workid": null,
  "media": "Digital Media",
  "medium": null,
  "medium_index": null,
  "medium_total": null,
  "month": 11,
  "release_track_id": null,
  "release_group_title": null,
  "style": null,
  "title": "Arangel",
  "track_alt": null,
  "track_id": "https://mega-tech.bandcamp.com/track/arangel",
  "work": null,
  "work_disambig": null,
  "year": 2020
}
