[
  {
    "album": "Emotion 1",
    "album_id": "https://reececox.bandcamp.com/album/emotion-1-kul-r-008",
    "albumdisambig": null,
    "albumstatus": "Official",
    "albumtype": "album",
    "albumtypes": [
      "album",
      "single"
    ],
    "artist": "Reece Cox",
    "artist_credit": null,
    "artist_id": "https://reececox.bandcamp.com",
    "artist_sort": null,
    "artists": [
      "Reece Cox"
    ],
    "artists_credit": [],
    "artists_ids": [
      "https://reececox.bandcamp.com"
    ],
    "artists_sort": [],
    "asin": null,
    "barcode": null,
    "catalognum": "Kulør 008",
    "comments": "W/P by Reece Cox \nMastered by Joel Krozer, Six Bit Deep\nCreative direction: Najaaraq Vestbirk \nArtwork: Holler in the Green by Miriam Kongstad \nGraphic design: Spine Studio \n\nA1 Reece Cox - Emotion 1 (4:55) \nWritten and produced by Reece Cox. \n\nA2 Reece Cox - Emotion 1 (Ibon's Dizzy Stomp Mix) (8:44) \nRemix by DJ Ibon.\n\nB1 Reece Cox - Emotion 1 (Parris Remix) (5:40) \nRemix by Dwayne Parris-Robinson, mixed by Call Super. \n\nB2 Reece Cox - Emotion 1 (Call Super Remix) (6.40) \nRemix by Call Super. \n\nB3 Reece Cox - Emotion 1 (Upsammy Remix) (4:26) \nRemix by Thessa Torsing.",
    "country": "DE",
    "data_source": "bandcamp",
    "data_url": "https://reececox.bandcamp.com/album/emotion-1-kul-r-008",
    "day": 5,
    "discogs_albumid": null,
    "discogs_artistid": null,
    "discogs_labelid": null,
    "genre": null,
    "label": "Kulør",
    "language": null,
    "media": "Digital Media",
    "mediums": 1,
    "month": 3,
    "original_day": null,
    "original_month": null,
    "original_year": null,
    "release_group_title": null,
    "releasegroup_id": null,
    "releasegroupdisambig": null,
    "script": null,
    "style": "electronic",
    "tracks": [
      {
        "album": "Emotion 1",
        "arranger": null,
        "artist": "Reece Cox",
        "artist_credit": null,
        "artist_id": "https://reececox.bandcamp.com",
        "artist_sort": null,
        "artists": [
          "Reece Cox"
        ],
        "artists_credit": [],
        "artists_ids": [
          "https://reececox.bandcamp.com"
        ],
        "artists_sort": [],
        "bpm": null,
        "composer": null,
        "composer_sort": null,
        "data_source": "bandcamp",
        "data_url": "https://reececox.bandcamp.com/album/emotion-1-kul-r-008",
        "disctitle": null,
        "genre": null,
        "index": 1,
        "initial_key": null,
        "length": 295,
        "lyricist": null,
        "mb_workid": null,
        "media": "Digital Media",
        "medium": 1,
        "medium_index": 1,
        "medium_total": 5,
        "release_track_id": null,
        "title": "Emotion 1",
        "track_alt": null,
        "track_id": "https://reececox.bandcamp.com/track/emotion-1",
        "work": null,
        "work_disambig": null
      },
      {
        "album": "Emotion 1",
        "arranger": null,
        "artist": "Reece Cox",
        "artist_credit": null,
        "artist_id": "https://reececox.bandcamp.com",
        "artist_sort": null,
        "artists": [
          "Reece Cox"
        ],
        "artists_credit": [],
        "artists_ids": [
          "https://reececox.bandcamp.com"
        ],
        "artists_sort": [],
        "bpm": null,
        "composer": null,
        "composer_sort": null,
        "data_source": "bandcamp",
        "data_url": "https://reececox.bandcamp.com/album/emotion-1-kul-r-008",
        "disctitle": null,
        "genre": null,
        "index": 2,
        "initial_key": null,
        "length": 521,
        "lyricist": null,
        "mb_workid": null,
        "media": "Digital Media",
        "medium": 1,
        "medium_index": 2,
        "medium_total": 5,
        "release_track_id": null,
        "title": "Emotion 1 (Ibon's Dizzy Stomp Mix)",
        "track_alt": null,
        "track_id": "https://reececox.bandcamp.com/track/emotion-1-ibons-dizzy-stomp-mix",
        "work": null,
        "work_disambig": null
      },
      {
        "album": "Emotion 1",
        "arranger": null,
        "artist": "Reece Cox",
        "artist_credit": null,
        "artist_id": "https://reececox.bandcamp.com",
        "artist_sort": null,
        "artists": [
          "Reece Cox"
        ],
        "artists_credit": [],
        "artists_ids": [
          "https://reececox.bandcamp.com"
        ],
        "artists_sort": [],
        "bpm": null,
        "composer": null,
        "composer_sort": null,
        "data_source": "bandcamp",
        "data_url": "https://reececox.bandcamp.com/album/emotion-1-kul-r-008",
        "disctitle": null,
        "genre": null,
        "index": 3,
        "initial_key": null,
        "length": 339,
        "lyricist": null,
        "mb_workid": null,
        "media": "Digital Media",
        "medium": 1,
        "medium_index": 3,
        "medium_total": 5,
        "release_track_id": null,
        "title": "Emotion 1 (Parris Remix)",
        "track_alt": null,
        "track_id": "https://reececox.bandcamp.com/track/emotion-1-parris-remix",
        "work": null,
        "work_disambig": null
      },
      {
        "album": "Emotion 1",
        "arranger": null,
        "artist": "Reece Cox",
        "artist_credit": null,
        "artist_id": "https://reececox.bandcamp.com",
        "artist_sort": null,
        "artists": [
          "Reece Cox"
        ],
        "artists_credit": [],
        "artists_ids": [
          "https://reececox.bandcamp.com"
        ],
        "artists_sort": [],
        "bpm": null,
        "composer": null,
        "composer_sort": null,
        "data_source": "bandcamp",
        "data_url": "https://reececox.bandcamp.com/album/emotion-1-kul-r-008",
        "disctitle": null,
        "genre": null,
        "index": 4,
        "initial_key": null,
        "length": 400,
        "lyricist": null,
        "mb_workid": null,
        "media": "Digital Media",
        "medium": 1,
        "medium_index": 4,
        "medium_total": 5,
        "release_track_id": null,
        "title": "Emotion 1 (Call Super Remix)",
        "track_alt": null,
        "track_id": "https://reececox.bandcamp.com/track/emotion-1-call-super-remix",
        "work": null,
        "work_disambig": null
      },
      {
        "album": "Emotion 1",
        "arranger": null,
        "artist": "Reece Cox",
        "artist_credit": null,
        "artist_id": "https://reececox.bandcamp.com",
        "artist_sort": null,
        "artists": [
          "Reece Cox"
        ],
        "artists_credit": [],
        "artists_ids": [
          "https://reececox.bandcamp.com"
        ],
        "artists_sort": [],
        "bpm": null,
        "composer": null,
        "composer_sort": null,
        "data_source": "bandcamp",
        "data_url": "https://reececox.bandcamp.com/album/emotion-1-kul-r-008",
        "disctitle": null,
        "genre": null,
        "index": 5,
        "initial_key": null,
        "length": 265,
        "lyricist": null,
        "mb_workid": null,
        "media": "Digital Media",
        "medium": 1,
        "medium_index": 5,
        "medium_total": 5,
        "release_track_id": null,
        "title": "Emotion 1 (upsammy Remix)",
        "track_alt": null,
        "track_id": "https://reececox.bandcamp.com/track/emotion-1-upsammy-remix",
        "work": null,
        "work_disambig": null
      }
    ],
    "va": false,
    "year": 2021
  },
  {
    "album": "Emotion 1",
    "album_id": "https://reececox.bandcamp.com/album/emotion-1-kul-r-008#p1985399228",
    "albumdisambig": null,
    "albumstatus": "Official",
    "albumtype": "album",
    "albumtypes": [
      "album",
      "single"
    ],
    "artist": "Reece Cox",
    "artist_credit": null,
    "artist_id": "https://reececox.bandcamp.com",
    "artist_sort": null,
    "artists": [
      "Reece Cox"
    ],
    "artists_credit": [],
    "artists_ids": [
      "https://reececox.bandcamp.com"
    ],
    "artists_sort": [],
    "asin": null,
    "barcode": null,
    "catalognum": "Kulør 008",
    "comments": "Vinyl is expected later in March.\nPostage price includes tracking\n\nPlease be aware that we are still experiencing covid related issues with shipping companies. The package might therefore take longer than usual to arrive\n---\nW/P by Reece Cox \nMastered by Joel Krozer, Six Bit Deep\nCreative direction: Najaaraq Vestbirk \nArtwork: Holler in the Green by Miriam Kongstad \nGraphic design: Spine Studio \n\nA1 Reece Cox - Emotion 1 (4:55) \nWritten and produced by Reece Cox. \n\nA2 Reece Cox - Emotion 1 (Ibon's Dizzy Stomp Mix) (8:44) \nRemix by DJ Ibon.\n\nB1 Reece Cox - Emotion 1 (Parris Remix) (5:40) \nRemix by Dwayne Parris-Robinson, mixed by Call Super. \n\nB2 Reece Cox - Emotion 1 (Call Super Remix) (6.40) \nRemix by Call Super. \n\nB3 Reece Cox - Emotion 1 (Upsammy Remix) (4:26) \nRemix by Thessa Torsing.",
    "country": "DE",
    "data_source": "bandcamp",
    "data_url": "https://reececox.bandcamp.com/album/emotion-1-kul-r-008",
    "day": 5,
    "discogs_albumid": null,
    "discogs_artistid": null,
    "discogs_labelid": null,
    "genre": null,
    "label": "Kulør",
    "language": null,
    "media": "Vinyl",
    "mediums": 1,
    "month": 3,
    "original_day": null,
    "original_month": null,
    "original_year": null,
    "release_group_title": null,
    "releasegroup_id": null,
    "releasegroupdisambig": null,
    "script": null,
    "style": "electronic",
    "tracks": [
      {
        "album": "Emotion 1",
        "arranger": null,
        "artist": "Reece Cox",
        "artist_credit": null,
        "artist_id": "https://reececox.bandcamp.com",
        "artist_sort": null,
        "artists": [
          "Reece Cox"
        ],
        "artists_credit": [],
        "artists_ids": [
          "https://reececox.bandcamp.com"
        ],
        "artists_sort": [],
        "bpm": null,
        "composer": null,
        "composer_sort": null,
        "data_source": "bandcamp",
        "data_url": "https://reececox.bandcamp.com/album/emotion-1-kul-r-008",
        "disctitle": "Emotion 1 Vinyl",
        "genre": null,
        "index": 1,
        "initial_key": null,
        "length": 295,
        "lyricist": null,
        "mb_workid": null,
        "media": "Vinyl",
        "medium": 1,
        "medium_index": 1,
        "medium_total": 5,
        "release_track_id": null,
        "title": "Emotion 1",
        "track_alt": "A1",
        "track_id": "https://reececox.bandcamp.com/track/emotion-1",
        "work": null,
        "work_disambig": null
      },
      {
        "album": "Emotion 1",
        "arranger": null,
        "artist": "Reece Cox",
        "artist_credit": null,
        "artist_id": "https://reececox.bandcamp.com",
        "artist_sort": null,
        "artists": [
          "Reece Cox"
        ],
        "artists_credit": [],
        "artists_ids": [
          "https://reececox.bandcamp.com"
        ],
        "artists_sort": [],
        "bpm": null,
        "composer": null,
        "composer_sort": null,
        "data_source": "bandcamp",
        "data_url": "https://reececox.bandcamp.com/album/emotion-1-kul-r-008",
        "disctitle": "Emotion 1 Vinyl",
        "genre": null,
        "index": 2,
        "initial_key": null,
        "length": 521,
        "lyricist": null,
        "mb_workid": null,
        "media": "Vinyl",
        "medium": 1,
        "medium_index": 2,
        "medium_total": 5,
        "release_track_id": null,
        "title": "Emotion 1 (Ibon's Dizzy Stomp Mix)",
        "track_alt": "A2",
        "track_id": "https://reececox.bandcamp.com/track/emotion-1-ibons-dizzy-stomp-mix",
        "work": null,
        "work_disambig": null
      },
      {
        "album": "Emotion 1",
        "arranger": null,
        "artist": "Reece Cox",
        "artist_credit": null,
        "artist_id": "https://reececox.bandcamp.com",
        "artist_sort": null,
        "artists": [
          "Reece Cox"
        ],
        "artists_credit": [],
        "artists_ids": [
          "https://reececox.bandcamp.com"
        ],
        "artists_sort": [],
        "bpm": null,
        "composer": null,
        "composer_sort": null,
        "data_source": "bandcamp",
        "data_url": "https://reececox.bandcamp.com/album/emotion-1-kul-r-008",
        "disctitle": "Emotion 1 Vinyl",
        "genre": null,
        "index": 3,
        "initial_key": null,
        "length": 339,
        "lyricist": null,
        "mb_workid": null,
        "media": "Vinyl",
        "medium": 1,
        "medium_index": 3,
        "medium_total": 5,
        "release_track_id": null,
        "title": "Emotion 1 (Parris Remix)",
        "track_alt": "B1",
        "track_id": "https://reececox.bandcamp.com/track/emotion-1-parris-remix",
        "work": null,
        "work_disambig": null
      },
      {
        "album": "Emotion 1",
        "arranger": null,
        "artist": "Reece Cox",
        "artist_credit": null,
        "artist_id": "https://reececox.bandcamp.com",
        "artist_sort": null,
        "artists": [
          "Reece Cox"
        ],
        "artists_credit": [],
        "artists_ids": [
          "https://reececox.bandcamp.com"
        ],
        "artists_sort": [],
        "bpm": null,
        "composer": null,
        "composer_sort": null,
        "data_source": "bandcamp",
        "data_url": "https://reececox.bandcamp.com/album/emotion-1-kul-r-008",
        "disctitle": "Emotion 1 Vinyl",
        "genre": null,
        "index": 4,
        "initial_key": null,
        "length": 400,
        "lyricist": null,
        "mb_workid": null,
        "media": "Vinyl",
        "medium": 1,
        "medium_index": 4,
        "medium_total": 5,
        "release_track_id": null,
        "title": "Emotion 1 (Call Super Remix)",
        "track_alt": "B2",
        "track_id": "https://reececox.bandcamp.com/track/emotion-1-call-super-remix",
        "work": null,
        "work_disambig": null
      },
      {
        "album": "Emotion 1",
        "arranger": null,
        "artist": "Reece Cox",
        "artist_credit": null,
        "artist_id": "https://reececox.bandcamp.com",
        "artist_sort": null,
        "artists": [
          "Reece Cox"
        ],
        "artists_credit": [],
        "artists_ids": [
          "https://reececox.bandcamp.com"
        ],
        "artists_sort": [],
        "bpm": null,
        "composer": null,
        "composer_sort": null,
        "data_source": "bandcamp",
        "data_url": "https://reececox.bandcamp.com/album/emotion-1-kul-r-008",
        "disctitle": "Emotion 1 Vinyl",
        "genre": null,
        "index": 5,
        "initial_key": null,
        "length": 265,
        "lyricist": null,
        "mb_workid": null,
        "media": "Vinyl",
        "medium": 1,
        "medium_index": 5,
        "medium_total": 5,
        "release_track_id": null,
        "title": "Emotion 1 (upsammy Remix)",
        "track_alt": "B3",
        "track_id": "https://reececox.bandcamp.com/track/emotion-1-upsammy-remix",
        "work": null,
        "work_disambig": null
      }
    ],
    "va": false,
    "year": 2021
  }
]
