{
  "albumtype": "single",
  "albumtypes": "single",
  "arranger": null,
  "artist": "GUTKEIN",
  "artist_credit": null,
  "artist_id": "https://gutkeinforu.bandcamp.com",
  "artist_sort": null,
  "bpm": null,
  "catalognum": "",
  "comments": "little distorted",
  "composer": null,
  "composer_sort": null,
  "country": "XW",
  "data_source": "bandcamp",
  "data_url": "https://gutkeinforu.bandcamp.com/track/oenera",
  "day": 10,
  "disctitle": null,
  "genre": "techno, trance",
  "index": null,
  "initial_key": null,
  "label": "GUTKEIN",
  "length": 355,
  "lyricist": null,
  "mb_workid": null,
  "media": "Digital Media",
  "medium": null,
  "medium_index": null,
  "medium_total": null,
  "month": 1,
  "release_track_id": null,
  "style": "electronic",
  "title": "OENERA",
  "track_alt": null,
  "track_id": "https://gutkeinforu.bandcamp.com/track/oenera",
  "work": null,
  "work_disambig": null,
  "year": 2021
}
