[
  {
    "album": "BARKER002",
    "album_id": "https://sambarker.bandcamp.com/album/barker002",
    "albumdisambig": null,
    "albumstatus": "Official",
    "albumtype": "album",
    "albumtypes": [
      "album"
    ],
    "artist": "Barker",
    "artist_credit": null,
    "artist_id": "https://sambarker.bandcamp.com",
    "artist_sort": null,
    "artists": [
      "Barker"
    ],
    "artists_credit": [],
    "artists_ids": [
      "https://sambarker.bandcamp.com"
    ],
    "artists_sort": [],
    "asin": null,
    "barcode": null,
    "catalognum": "BARKER002",
    "comments": "Follow-up to 2019’s BARKER001.\n\nAvailable now for digital download and hand-stamped 12\" vinyl in all shops.\n---\nWritten and produced by Sam Barker\nPublished by Ostgut Verlag\nMastering Stefan Betke at Scape Mastering, Berlin",
    "country": "DE",
    "cover_art_url": "https://f4.bcbits.com/img/a2212440627_10.jpg",
    "data_source": "bandcamp",
    "data_url": "https://sambarker.bandcamp.com/album/barker002",
    "day": 7,
    "discogs_albumid": null,
    "discogs_artistid": null,
    "discogs_labelid": null,
    "genre": "techno",
    "label": "Ostgut Ton",
    "language": null,
    "media": "Digital Media",
    "mediums": 1,
    "month": 5,
    "original_day": 7,
    "original_month": 5,
    "original_year": 2021,
    "release_group_title": null,
    "releasegroup_id": null,
    "releasegroupdisambig": null,
    "script": null,
    "style": "electronic",
    "tracks": [
      {
        "album": "BARKER002",
        "arranger": null,
        "artist": "Barker",
        "artist_credit": null,
        "artist_id": "https://sambarker.bandcamp.com",
        "artist_sort": null,
        "artists": [
          "Barker"
        ],
        "artists_credit": [],
        "artists_ids": [
          "https://sambarker.bandcamp.com"
        ],
        "artists_sort": [],
        "bpm": null,
        "composer": null,
        "composer_sort": null,
        "data_source": "bandcamp",
        "data_url": "https://sambarker.bandcamp.com/album/barker002",
        "disctitle": null,
        "genre": null,
        "index": 1,
        "initial_key": null,
        "length": 361,
        "lyricist": null,
        "mb_workid": null,
        "media": "Digital Media",
        "medium": 1,
        "medium_index": 1,
        "medium_total": 3,
        "release_track_id": null,
        "title": "E7-E5",
        "track_alt": null,
        "track_id": "https://sambarker.bandcamp.com/track/e7-e5",
        "work": null,
        "work_disambig": null
      },
      {
        "album": "BARKER002",
        "arranger": null,
        "artist": "Barker",
        "artist_credit": null,
        "artist_id": "https://sambarker.bandcamp.com",
        "artist_sort": null,
        "artists": [
          "Barker"
        ],
        "artists_credit": [],
        "artists_ids": [
          "https://sambarker.bandcamp.com"
        ],
        "artists_sort": [],
        "bpm": null,
        "composer": null,
        "composer_sort": null,
        "data_source": "bandcamp",
        "data_url": "https://sambarker.bandcamp.com/album/barker002",
        "disctitle": null,
        "genre": null,
        "index": 2,
        "initial_key": null,
        "length": 428,
        "lyricist": null,
        "mb_workid": null,
        "media": "Digital Media",
        "medium": 1,
        "medium_index": 2,
        "medium_total": 3,
        "release_track_id": null,
        "title": "Bent",
        "track_alt": null,
        "track_id": "https://sambarker.bandcamp.com/track/bent",
        "work": null,
        "work_disambig": null
      },
      {
        "album": "BARKER002",
        "arranger": null,
        "artist": "Barker",
        "artist_credit": null,
        "artist_id": "https://sambarker.bandcamp.com",
        "artist_sort": null,
        "artists": [
          "Barker"
        ],
        "artists_credit": [],
        "artists_ids": [
          "https://sambarker.bandcamp.com"
        ],
        "artists_sort": [],
        "bpm": null,
        "composer": null,
        "composer_sort": null,
        "data_source": "bandcamp",
        "data_url": "https://sambarker.bandcamp.com/album/barker002",
        "disctitle": null,
        "genre": null,
        "index": 3,
        "initial_key": null,
        "length": 388,
        "lyricist": null,
        "mb_workid": null,
        "media": "Digital Media",
        "medium": 1,
        "medium_index": 3,
        "medium_total": 3,
        "release_track_id": null,
        "title": "Polytely",
        "track_alt": null,
        "track_id": "https://sambarker.bandcamp.com/track/polytely",
        "work": null,
        "work_disambig": null
      }
    ],
    "va": false,
    "year": 2021
  },
  {
    "album": "BARKER002",
    "album_id": "https://sambarker.bandcamp.com/album/barker002#p3602645633",
    "albumdisambig": null,
    "albumstatus": "Official",
    "albumtype": "album",
    "albumtypes": [
      "album"
    ],
    "artist": "Barker",
    "artist_credit": null,
    "artist_id": "https://sambarker.bandcamp.com",
    "artist_sort": null,
    "artists": [
      "Barker"
    ],
    "artists_credit": [],
    "artists_ids": [
      "https://sambarker.bandcamp.com"
    ],
    "artists_sort": [],
    "asin": null,
    "barcode": null,
    "catalognum": "BARKER002",
    "comments": "Follow-up to 2019’s BARKER001.\n\nAvailable now for digital download and hand-stamped 12\" vinyl in all shops.\n---\nHand-stamped vinyl.\n\nTracklisting:\nA1. E7-E5\nA2. Bent\nB. Polytely\n---\nWritten and produced by Sam Barker\nPublished by Ostgut Verlag\nMastering Stefan Betke at Scape Mastering, Berlin",
    "country": "DE",
    "cover_art_url": "https://f4.bcbits.com/img/a2212440627_10.jpg",
    "data_source": "bandcamp",
    "data_url": "https://sambarker.bandcamp.com/album/barker002",
    "day": 7,
    "discogs_albumid": null,
    "discogs_artistid": null,
    "discogs_labelid": null,
    "genre": "techno",
    "label": "Ostgut Ton",
    "language": null,
    "media": "Vinyl",
    "mediums": 1,
    "month": 5,
    "original_day": 7,
    "original_month": 5,
    "original_year": 2021,
    "release_group_title": null,
    "releasegroup_id": null,
    "releasegroupdisambig": null,
    "script": null,
    "style": "electronic",
    "tracks": [
      {
        "album": "BARKER002",
        "arranger": null,
        "artist": "Barker",
        "artist_credit": null,
        "artist_id": "https://sambarker.bandcamp.com",
        "artist_sort": null,
        "artists": [
          "Barker"
        ],
        "artists_credit": [],
        "artists_ids": [
          "https://sambarker.bandcamp.com"
        ],
        "artists_sort": [],
        "bpm": null,
        "composer": null,
        "composer_sort": null,
        "data_source": "bandcamp",
        "data_url": "https://sambarker.bandcamp.com/album/barker002",
        "disctitle": "12\" | stamped white-label",
        "genre": null,
        "index": 1,
        "initial_key": null,
        "length": 361,
        "lyricist": null,
        "mb_workid": null,
        "media": "Vinyl",
        "medium": 1,
        "medium_index": 1,
        "medium_total": 3,
        "release_track_id": null,
        "title": "E7-E5",
        "track_alt": "A1",
        "track_id": "https://sambarker.bandcamp.com/track/e7-e5",
        "work": null,
        "work_disambig": null
      },
      {
        "album": "BARKER002",
        "arranger": null,
        "artist": "Barker",
        "artist_credit": null,
        "artist_id": "https://sambarker.bandcamp.com",
        "artist_sort": null,
        "artists": [
          "Barker"
        ],
        "artists_credit": [],
        "artists_ids": [
          "https://sambarker.bandcamp.com"
        ],
        "artists_sort": [],
        "bpm": null,
        "composer": null,
        "composer_sort": null,
        "data_source": "bandcamp",
        "data_url": "https://sambarker.bandcamp.com/album/barker002",
        "disctitle": "12\" | stamped white-label",
        "genre": null,
        "index": 2,
        "initial_key": null,
        "length": 428,
        "lyricist": null,
        "mb_workid": null,
        "media": "Vinyl",
        "medium": 1,
        "medium_index": 2,
        "medium_total": 3,
        "release_track_id": null,
        "title": "Bent",
        "track_alt": "A2",
        "track_id": "https://sambarker.bandcamp.com/track/bent",
        "work": null,
        "work_disambig": null
      },
      {
        "album": "BARKER002",
        "arranger": null,
        "artist": "Barker",
        "artist_credit": null,
        "artist_id": "https://sambarker.bandcamp.com",
        "artist_sort": null,
        "artists": [
          "Barker"
        ],
        "artists_credit": [],
        "artists_ids": [
          "https://sambarker.bandcamp.com"
        ],
        "artists_sort": [],
        "bpm": null,
        "composer": null,
        "composer_sort": null,
        "data_source": "bandcamp",
        "data_url": "https://sambarker.bandcamp.com/album/barker002",
        "disctitle": "12\" | stamped white-label",
        "genre": null,
        "index": 3,
        "initial_key": null,
        "length": 388,
        "lyricist": null,
        "mb_workid": null,
        "media": "Vinyl",
        "medium": 1,
        "medium_index": 3,
        "medium_total": 3,
        "release_track_id": null,
        "title": "Polytely",
        "track_alt": "B",
        "track_id": "https://sambarker.bandcamp.com/track/polytely",
        "work": null,
        "work_disambig": null
      }
    ],
    "va": false,
    "year": 2021
  }
]
